........................................................................ [  2%]
........................................................................ [  5%]
........................................................................ [  8%]
........................................................................ [ 11%]
........................................................................ [ 14%]
........................................................................ [ 16%]
........................................................................ [ 19%]
........................................................................ [ 22%]
........................................................................ [ 25%]
........................................................................ [ 28%]
........................................................................ [ 31%]
........................................................................ [ 33%]
........................................................................ [ 36%]
........................................................................ [ 39%]
........................................................................ [ 42%]
........................................................................ [ 45%]
........................................................................ [ 48%]
........................................................................ [ 50%]
........................................................................ [ 53%]
........................................................................ [ 56%]
........................................................................ [ 59%]
........................................................................ [ 62%]
........................................................................ [ 64%]
........................................................................ [ 67%]
........................................................................ [ 70%]
........................................................................ [ 73%]
........................................................................ [ 76%]
........................................................................ [ 79%]
........................................................................ [ 81%]
........................................................................ [ 84%]
........................................................................ [ 87%]
........................................................................ [ 90%]
........................................................................ [ 93%]
........................................................................ [ 96%]
........................................................................ [ 98%]
............................/private/tmp/geode-status-venv/lib/python3.14/site-packages/coverage/inorout.py:558: CoverageWarning: Module scripts.research_scanned_fee_lookup was never imported. (module-not-imported); see https://coverage.readthedocs.io/en/7.16.0/messages.html#warning-module-not-imported
  self.warn(f"Module {pkg} was never imported.", slug="module-not-imported")
/Library/Frameworks/Python.framework/Versions/3.14/lib/python3.14/collections/__init__.py:453: ResourceWarning: unclosed database in <sqlite3.Connection object at 0x1115eb790>
  @classmethod
ResourceWarning: Enable tracemalloc to get the object allocation traceback
/Library/Frameworks/Python.framework/Versions/3.14/lib/python3.14/collections/__init__.py:453: ResourceWarning: unclosed database in <sqlite3.Connection object at 0x1115e86d0>
  @classmethod
ResourceWarning: Enable tracemalloc to get the object allocation traceback
/Library/Frameworks/Python.framework/Versions/3.14/lib/python3.14/collections/__init__.py:453: ResourceWarning: unclosed database in <sqlite3.Connection object at 0x1115ea7a0>
  @classmethod
ResourceWarning: Enable tracemalloc to get the object allocation traceback
/Library/Frameworks/Python.framework/Versions/3.14/lib/python3.14/collections/__init__.py:453: ResourceWarning: unclosed database in <sqlite3.Connection object at 0x1115e88b0>
  @classmethod
ResourceWarning: Enable tracemalloc to get the object allocation traceback
/Library/Frameworks/Python.framework/Versions/3.14/lib/python3.14/collections/__init__.py:453: ResourceWarning: unclosed database in <sqlite3.Connection object at 0x111a8cd60>
  @classmethod
ResourceWarning: Enable tracemalloc to get the object allocation traceback
/Library/Frameworks/Python.framework/Versions/3.14/lib/python3.14/collections/__init__.py:453: ResourceWarning: unclosed database in <sqlite3.Connection object at 0x111a8e2f0>
  @classmethod
ResourceWarning: Enable tracemalloc to get the object allocation traceback
/Library/Frameworks/Python.framework/Versions/3.14/lib/python3.14/collections/__init__.py:453: ResourceWarning: unclosed database in <sqlite3.Connection object at 0x111a8de40>
  @classmethod
ResourceWarning: Enable tracemalloc to get the object allocation traceback
/Library/Frameworks/Python.framework/Versions/3.14/lib/python3.14/collections/__init__.py:453: ResourceWarning: unclosed database in <sqlite3.Connection object at 0x111a8f5b0>
  @classmethod
ResourceWarning: Enable tracemalloc to get the object allocation traceback
/Library/Frameworks/Python.framework/Versions/3.14/lib/python3.14/collections/__init__.py:453: ResourceWarning: unclosed database in <sqlite3.Connection object at 0x111a8f4c0>
  @classmethod
ResourceWarning: Enable tracemalloc to get the object allocation traceback
/Library/Frameworks/Python.framework/Versions/3.14/lib/python3.14/collections/__init__.py:453: ResourceWarning: unclosed database in <sqlite3.Connection object at 0x111a8ef20>
  @classmethod
ResourceWarning: Enable tracemalloc to get the object allocation traceback
/Library/Frameworks/Python.framework/Versions/3.14/lib/python3.14/collections/__init__.py:453: ResourceWarning: unclosed database in <sqlite3.Connection object at 0x111a8ee30>
  @classmethod
ResourceWarning: Enable tracemalloc to get the object allocation traceback
/Library/Frameworks/Python.framework/Versions/3.14/lib/python3.14/collections/__init__.py:453: ResourceWarning: unclosed database in <sqlite3.Connection object at 0x111a8e6b0>
  @classmethod
ResourceWarning: Enable tracemalloc to get the object allocation traceback
/Library/Frameworks/Python.framework/Versions/3.14/lib/python3.14/collections/__init__.py:453: ResourceWarning: unclosed database in <sqlite3.Connection object at 0x111a8ed40>
  @classmethod
ResourceWarning: Enable tracemalloc to get the object allocation traceback
/Library/Frameworks/Python.framework/Versions/3.14/lib/python3.14/collections/__init__.py:453: ResourceWarning: unclosed database in <sqlite3.Connection object at 0x111a8ec50>
  @classmethod
ResourceWarning: Enable tracemalloc to get the object allocation traceback
/Library/Frameworks/Python.framework/Versions/3.14/lib/python3.14/collections/__init__.py:453: ResourceWarning: unclosed database in <sqlite3.Connection object at 0x111a8eb60>
  @classmethod
ResourceWarning: Enable tracemalloc to get the object allocation traceback
/Library/Frameworks/Python.framework/Versions/3.14/lib/python3.14/collections/__init__.py:453: ResourceWarning: unclosed database in <sqlite3.Connection object at 0x111a8db70>
  @classmethod
ResourceWarning: Enable tracemalloc to get the object allocation traceback
/Library/Frameworks/Python.framework/Versions/3.14/lib/python3.14/collections/__init__.py:453: ResourceWarning: unclosed database in <sqlite3.Connection object at 0x1124c6d40>
  @classmethod
ResourceWarning: Enable tracemalloc to get the object allocation traceback
/Library/Frameworks/Python.framework/Versions/3.14/lib/python3.14/collections/__init__.py:453: ResourceWarning: unclosed database in <sqlite3.Connection object at 0x1124c5a80>
  @classmethod
ResourceWarning: Enable tracemalloc to get the object allocation traceback
/Library/Frameworks/Python.framework/Versions/3.14/lib/python3.14/collections/__init__.py:453: ResourceWarning: unclosed database in <sqlite3.Connection object at 0x1124c7790>
  @classmethod
ResourceWarning: Enable tracemalloc to get the object allocation traceback
/Library/Frameworks/Python.framework/Versions/3.14/lib/python3.14/collections/__init__.py:453: ResourceWarning: unclosed database in <sqlite3.Connection object at 0x1124c66b0>
  @classmethod
ResourceWarning: Enable tracemalloc to get the object allocation traceback
/Library/Frameworks/Python.framework/Versions/3.14/lib/python3.14/collections/__init__.py:453: ResourceWarning: unclosed database in <sqlite3.Connection object at 0x1124c5c60>
  @classmethod
ResourceWarning: Enable tracemalloc to get the object allocation traceback
/Library/Frameworks/Python.framework/Versions/3.14/lib/python3.14/collections/__init__.py:453: ResourceWarning: unclosed database in <sqlite3.Connection object at 0x1124c7a60>
  @classmethod
ResourceWarning: Enable tracemalloc to get the object allocation traceback
/Library/Frameworks/Python.framework/Versions/3.14/lib/python3.14/collections/__init__.py:453: ResourceWarning: unclosed database in <sqlite3.Connection object at 0x1124c7880>
  @classmethod
ResourceWarning: Enable tracemalloc to get the object allocation traceback
/Library/Frameworks/Python.framework/Versions/3.14/lib/python3.14/collections/__init__.py:453: ResourceWarning: unclosed database in <sqlite3.Connection object at 0x1124c71f0>
  @classmethod
ResourceWarning: Enable tracemalloc to get the object allocation traceback
/Library/Frameworks/Python.framework/Versions/3.14/lib/python3.14/collections/__init__.py:453: ResourceWarning: unclosed database in <sqlite3.Connection object at 0x1124c74c0>
  @classmethod
ResourceWarning: Enable tracemalloc to get the object allocation traceback
/Library/Frameworks/Python.framework/Versions/3.14/lib/python3.14/collections/__init__.py:453: ResourceWarning: unclosed database in <sqlite3.Connection object at 0x1124c72e0>
  @classmethod
ResourceWarning: Enable tracemalloc to get the object allocation traceback
/Library/Frameworks/Python.framework/Versions/3.14/lib/python3.14/collections/__init__.py:453: ResourceWarning: unclosed database in <sqlite3.Connection object at 0x1124c67a0>
  @classmethod
ResourceWarning: Enable tracemalloc to get the object allocation traceback
/Library/Frameworks/Python.framework/Versions/3.14/lib/python3.14/collections/__init__.py:453: ResourceWarning: unclosed database in <sqlite3.Connection object at 0x1124c7e20>
  @classmethod
ResourceWarning: Enable tracemalloc to get the object allocation traceback
/Library/Frameworks/Python.framework/Versions/3.14/lib/python3.14/collections/__init__.py:453: ResourceWarning: unclosed database in <sqlite3.Connection object at 0x1124c5f30>
  @classmethod
ResourceWarning: Enable tracemalloc to get the object allocation traceback
/Library/Frameworks/Python.framework/Versions/3.14/lib/python3.14/collections/__init__.py:453: ResourceWarning: unclosed database in <sqlite3.Connection object at 0x1124c6110>
  @classmethod
ResourceWarning: Enable tracemalloc to get the object allocation traceback
/Library/Frameworks/Python.framework/Versions/3.14/lib/python3.14/collections/__init__.py:453: ResourceWarning: unclosed database in <sqlite3.Connection object at 0x1124c5030>
  @classmethod
ResourceWarning: Enable tracemalloc to get the object allocation traceback
/Library/Frameworks/Python.framework/Versions/3.14/lib/python3.14/collections/__init__.py:453: ResourceWarning: unclosed database in <sqlite3.Connection object at 0x1124c7970>
  @classmethod
ResourceWarning: Enable tracemalloc to get the object allocation traceback
/Library/Frameworks/Python.framework/Versions/3.14/lib/python3.14/collections/__init__.py:453: ResourceWarning: unclosed database in <sqlite3.Connection object at 0x1124c5120>
  @classmethod
ResourceWarning: Enable tracemalloc to get the object allocation traceback
/Library/Frameworks/Python.framework/Versions/3.14/lib/python3.14/collections/__init__.py:453: ResourceWarning: unclosed database in <sqlite3.Connection object at 0x1124c7010>
  @classmethod
ResourceWarning: Enable tracemalloc to get the object allocation traceback
/Library/Frameworks/Python.framework/Versions/3.14/lib/python3.14/collections/__init__.py:453: ResourceWarning: unclosed database in <sqlite3.Connection object at 0x1124c7d30>
  @classmethod
ResourceWarning: Enable tracemalloc to get the object allocation traceback
/Library/Frameworks/Python.framework/Versions/3.14/lib/python3.14/collections/__init__.py:453: ResourceWarning: unclosed database in <sqlite3.Connection object at 0x1124c5e40>
  @classmethod
ResourceWarning: Enable tracemalloc to get the object allocation traceback
/Library/Frameworks/Python.framework/Versions/3.14/lib/python3.14/collections/__init__.py:453: ResourceWarning: unclosed database in <sqlite3.Connection object at 0x1124c4e50>
  @classmethod
ResourceWarning: Enable tracemalloc to get the object allocation traceback
/Library/Frameworks/Python.framework/Versions/3.14/lib/python3.14/collections/__init__.py:453: ResourceWarning: unclosed database in <sqlite3.Connection object at 0x1124c6a70>
  @classmethod
ResourceWarning: Enable tracemalloc to get the object allocation traceback
/Library/Frameworks/Python.framework/Versions/3.14/lib/python3.14/collections/__init__.py:453: ResourceWarning: unclosed database in <sqlite3.Connection object at 0x1124c6c50>
  @classmethod
ResourceWarning: Enable tracemalloc to get the object allocation traceback
/Library/Frameworks/Python.framework/Versions/3.14/lib/python3.14/collections/__init__.py:453: ResourceWarning: unclosed database in <sqlite3.Connection object at 0x1124c76a0>
  @classmethod
ResourceWarning: Enable tracemalloc to get the object allocation traceback
/Library/Frameworks/Python.framework/Versions/3.14/lib/python3.14/collections/__init__.py:453: ResourceWarning: unclosed database in <sqlite3.Connection object at 0x1124c6200>
  @classmethod
ResourceWarning: Enable tracemalloc to get the object allocation traceback
/Library/Frameworks/Python.framework/Versions/3.14/lib/python3.14/collections/__init__.py:453: ResourceWarning: unclosed database in <sqlite3.Connection object at 0x1124c7f10>
  @classmethod
ResourceWarning: Enable tracemalloc to get the object allocation traceback
/Library/Frameworks/Python.framework/Versions/3.14/lib/python3.14/collections/__init__.py:453: ResourceWarning: unclosed database in <sqlite3.Connection object at 0x1124c56c0>
  @classmethod
ResourceWarning: Enable tracemalloc to get the object allocation traceback
/Library/Frameworks/Python.framework/Versions/3.14/lib/python3.14/collections/__init__.py:453: ResourceWarning: unclosed database in <sqlite3.Connection object at 0x1124c4f40>
  @classmethod
ResourceWarning: Enable tracemalloc to get the object allocation traceback
/Library/Frameworks/Python.framework/Versions/3.14/lib/python3.14/collections/__init__.py:453: ResourceWarning: unclosed database in <sqlite3.Connection object at 0x1124c6f20>
  @classmethod
ResourceWarning: Enable tracemalloc to get the object allocation traceback
/Library/Frameworks/Python.framework/Versions/3.14/lib/python3.14/collections/__init__.py:453: ResourceWarning: unclosed database in <sqlite3.Connection object at 0x1124c62f0>
  @classmethod
ResourceWarning: Enable tracemalloc to get the object allocation traceback
/Library/Frameworks/Python.framework/Versions/3.14/lib/python3.14/collections/__init__.py:453: ResourceWarning: unclosed database in <sqlite3.Connection object at 0x1124c6890>
  @classmethod
ResourceWarning: Enable tracemalloc to get the object allocation traceback
/Library/Frameworks/Python.framework/Versions/3.14/lib/python3.14/collections/__init__.py:453: ResourceWarning: unclosed database in <sqlite3.Connection object at 0x1124c5d50>
  @classmethod
ResourceWarning: Enable tracemalloc to get the object allocation traceback
/Library/Frameworks/Python.framework/Versions/3.14/lib/python3.14/collections/__init__.py:453: ResourceWarning: unclosed database in <sqlite3.Connection object at 0x1124c6020>
  @classmethod
ResourceWarning: Enable tracemalloc to get the object allocation traceback
/Library/Frameworks/Python.framework/Versions/3.14/lib/python3.14/collections/__init__.py:453: ResourceWarning: unclosed database in <sqlite3.Connection object at 0x1124c6e30>
  @classmethod
ResourceWarning: Enable tracemalloc to get the object allocation traceback
/Library/Frameworks/Python.framework/Versions/3.14/lib/python3.14/collections/__init__.py:453: ResourceWarning: unclosed database in <sqlite3.Connection object at 0x1124c6980>
  @classmethod
ResourceWarning: Enable tracemalloc to get the object allocation traceback
/Library/Frameworks/Python.framework/Versions/3.14/lib/python3.14/collections/__init__.py:453: ResourceWarning: unclosed database in <sqlite3.Connection object at 0x1124c7c40>
  @classmethod
ResourceWarning: Enable tracemalloc to get the object allocation traceback
/Library/Frameworks/Python.framework/Versions/3.14/lib/python3.14/collections/__init__.py:453: ResourceWarning: unclosed database in <sqlite3.Connection object at 0x1124c7b50>
  @classmethod
ResourceWarning: Enable tracemalloc to get the object allocation traceback
/Library/Frameworks/Python.framework/Versions/3.14/lib/python3.14/collections/__init__.py:453: ResourceWarning: unclosed database in <sqlite3.Connection object at 0x1124c6b60>
  @classmethod
ResourceWarning: Enable tracemalloc to get the object allocation traceback
/Library/Frameworks/Python.framework/Versions/3.14/lib/python3.14/collections/__init__.py:453: ResourceWarning: unclosed database in <sqlite3.Connection object at 0x1124c5b70>
  @classmethod
ResourceWarning: Enable tracemalloc to get the object allocation traceback
/Library/Frameworks/Python.framework/Versions/3.14/lib/python3.14/collections/__init__.py:453: ResourceWarning: unclosed database in <sqlite3.Connection object at 0x112511120>
  @classmethod
ResourceWarning: Enable tracemalloc to get the object allocation traceback
/Library/Frameworks/Python.framework/Versions/3.14/lib/python3.14/collections/__init__.py:453: ResourceWarning: unclosed database in <sqlite3.Connection object at 0x112511030>
  @classmethod
ResourceWarning: Enable tracemalloc to get the object allocation traceback
/Library/Frameworks/Python.framework/Versions/3.14/lib/python3.14/collections/__init__.py:453: ResourceWarning: unclosed database in <sqlite3.Connection object at 0x112511c60>
  @classmethod
ResourceWarning: Enable tracemalloc to get the object allocation traceback
/Library/Frameworks/Python.framework/Versions/3.14/lib/python3.14/collections/__init__.py:453: ResourceWarning: unclosed database in <sqlite3.Connection object at 0x112510c70>
  @classmethod
ResourceWarning: Enable tracemalloc to get the object allocation traceback
/Library/Frameworks/Python.framework/Versions/3.14/lib/python3.14/collections/__init__.py:453: ResourceWarning: unclosed database in <sqlite3.Connection object at 0x112510f40>
  @classmethod
ResourceWarning: Enable tracemalloc to get the object allocation traceback
/Library/Frameworks/Python.framework/Versions/3.14/lib/python3.14/collections/__init__.py:453: ResourceWarning: unclosed database in <sqlite3.Connection object at 0x112510e50>
  @classmethod
ResourceWarning: Enable tracemalloc to get the object allocation traceback
/Library/Frameworks/Python.framework/Versions/3.14/lib/python3.14/collections/__init__.py:453: ResourceWarning: unclosed database in <sqlite3.Connection object at 0x112510d60>
  @classmethod
ResourceWarning: Enable tracemalloc to get the object allocation traceback
/Library/Frameworks/Python.framework/Versions/3.14/lib/python3.14/collections/__init__.py:453: ResourceWarning: unclosed database in <sqlite3.Connection object at 0x1125133d0>
  @classmethod
ResourceWarning: Enable tracemalloc to get the object allocation traceback
/Library/Frameworks/Python.framework/Versions/3.14/lib/python3.14/collections/__init__.py:453: ResourceWarning: unclosed database in <sqlite3.Connection object at 0x1125114e0>
  @classmethod
ResourceWarning: Enable tracemalloc to get the object allocation traceback
/Library/Frameworks/Python.framework/Versions/3.14/lib/python3.14/collections/__init__.py:453: ResourceWarning: unclosed database in <sqlite3.Connection object at 0x112510310>
  @classmethod
ResourceWarning: Enable tracemalloc to get the object allocation traceback
/Library/Frameworks/Python.framework/Versions/3.14/lib/python3.14/collections/__init__.py:453: ResourceWarning: unclosed database in <sqlite3.Connection object at 0x1125109a0>
  @classmethod
ResourceWarning: Enable tracemalloc to get the object allocation traceback
/Library/Frameworks/Python.framework/Versions/3.14/lib/python3.14/collections/__init__.py:453: ResourceWarning: unclosed database in <sqlite3.Connection object at 0x1125106d0>
  @classmethod
ResourceWarning: Enable tracemalloc to get the object allocation traceback
/Library/Frameworks/Python.framework/Versions/3.14/lib/python3.14/collections/__init__.py:453: ResourceWarning: unclosed database in <sqlite3.Connection object at 0x1125104f0>
  @classmethod
ResourceWarning: Enable tracemalloc to get the object allocation traceback
/Library/Frameworks/Python.framework/Versions/3.14/lib/python3.14/collections/__init__.py:453: ResourceWarning: unclosed database in <sqlite3.Connection object at 0x112512f20>
  @classmethod
ResourceWarning: Enable tracemalloc to get the object allocation traceback
/Library/Frameworks/Python.framework/Versions/3.14/lib/python3.14/collections/__init__.py:453: ResourceWarning: unclosed database in <sqlite3.Connection object at 0x112510130>
  @classmethod
ResourceWarning: Enable tracemalloc to get the object allocation traceback
/Library/Frameworks/Python.framework/Versions/3.14/lib/python3.14/collections/__init__.py:453: ResourceWarning: unclosed database in <sqlite3.Connection object at 0x1125136a0>
  @classmethod
ResourceWarning: Enable tracemalloc to get the object allocation traceback
/Library/Frameworks/Python.framework/Versions/3.14/lib/python3.14/collections/__init__.py:453: ResourceWarning: unclosed database in <sqlite3.Connection object at 0x112513b50>
  @classmethod
ResourceWarning: Enable tracemalloc to get the object allocation traceback
/Library/Frameworks/Python.framework/Versions/3.14/lib/python3.14/collections/__init__.py:453: ResourceWarning: unclosed database in <sqlite3.Connection object at 0x1125124d0>
  @classmethod
ResourceWarning: Enable tracemalloc to get the object allocation traceback
/Library/Frameworks/Python.framework/Versions/3.14/lib/python3.14/collections/__init__.py:453: ResourceWarning: unclosed database in <sqlite3.Connection object at 0x1125134c0>
  @classmethod
ResourceWarning: Enable tracemalloc to get the object allocation traceback
/Library/Frameworks/Python.framework/Versions/3.14/lib/python3.14/collections/__init__.py:453: ResourceWarning: unclosed database in <sqlite3.Connection object at 0x112511300>
  @classmethod
ResourceWarning: Enable tracemalloc to get the object allocation traceback
/Library/Frameworks/Python.framework/Versions/3.14/lib/python3.14/collections/__init__.py:453: ResourceWarning: unclosed database in <sqlite3.Connection object at 0x112511f30>
  @classmethod
ResourceWarning: Enable tracemalloc to get the object allocation traceback
/Library/Frameworks/Python.framework/Versions/3.14/lib/python3.14/collections/__init__.py:453: ResourceWarning: unclosed database in <sqlite3.Connection object at 0x1117e33d0>
  @classmethod
ResourceWarning: Enable tracemalloc to get the object allocation traceback
/Library/Frameworks/Python.framework/Versions/3.14/lib/python3.14/collections/__init__.py:453: ResourceWarning: unclosed database in <sqlite3.Connection object at 0x1117e35b0>
  @classmethod
ResourceWarning: Enable tracemalloc to get the object allocation traceback
/Library/Frameworks/Python.framework/Versions/3.14/lib/python3.14/collections/__init__.py:453: ResourceWarning: unclosed database in <sqlite3.Connection object at 0x1117e36a0>
  @classmethod
ResourceWarning: Enable tracemalloc to get the object allocation traceback
/Library/Frameworks/Python.framework/Versions/3.14/lib/python3.14/collections/__init__.py:453: ResourceWarning: unclosed database in <sqlite3.Connection object at 0x1117e3790>
  @classmethod
ResourceWarning: Enable tracemalloc to get the object allocation traceback
/Library/Frameworks/Python.framework/Versions/3.14/lib/python3.14/collections/__init__.py:453: ResourceWarning: unclosed database in <sqlite3.Connection object at 0x1117e3880>
  @classmethod
ResourceWarning: Enable tracemalloc to get the object allocation traceback
/Library/Frameworks/Python.framework/Versions/3.14/lib/python3.14/collections/__init__.py:453: ResourceWarning: unclosed database in <sqlite3.Connection object at 0x1117e3a60>
  @classmethod
ResourceWarning: Enable tracemalloc to get the object allocation traceback
/Library/Frameworks/Python.framework/Versions/3.14/lib/python3.14/collections/__init__.py:453: ResourceWarning: unclosed database in <sqlite3.Connection object at 0x1117e3b50>
  @classmethod
ResourceWarning: Enable tracemalloc to get the object allocation traceback
/Library/Frameworks/Python.framework/Versions/3.14/lib/python3.14/collections/__init__.py:453: ResourceWarning: unclosed database in <sqlite3.Connection object at 0x1117e3c40>
  @classmethod
ResourceWarning: Enable tracemalloc to get the object allocation traceback
/Library/Frameworks/Python.framework/Versions/3.14/lib/python3.14/collections/__init__.py:453: ResourceWarning: unclosed database in <sqlite3.Connection object at 0x1117e3d30>
  @classmethod
ResourceWarning: Enable tracemalloc to get the object allocation traceback
/Library/Frameworks/Python.framework/Versions/3.14/lib/python3.14/collections/__init__.py:453: ResourceWarning: unclosed database in <sqlite3.Connection object at 0x1117e3f10>
  @classmethod
ResourceWarning: Enable tracemalloc to get the object allocation traceback
/Library/Frameworks/Python.framework/Versions/3.14/lib/python3.14/collections/__init__.py:453: ResourceWarning: unclosed database in <sqlite3.Connection object at 0x11241c040>
  @classmethod
ResourceWarning: Enable tracemalloc to get the object allocation traceback
                                             [100%]
=============================== warnings summary ===============================
<frozen importlib._bootstrap>:491
<frozen importlib._bootstrap>:491
  <frozen importlib._bootstrap>:491: DeprecationWarning: builtin type SwigPyPacked has no __module__ attribute

<frozen importlib._bootstrap>:491
<frozen importlib._bootstrap>:491
  <frozen importlib._bootstrap>:491: DeprecationWarning: builtin type SwigPyObject has no __module__ attribute

<frozen importlib._bootstrap>:491
  <frozen importlib._bootstrap>:491: DeprecationWarning: builtin type swigvarlink has no __module__ attribute

tests/test_local_fee_review.py::test_actual_module_entrypoint_is_offline_and_successful
  <frozen runpy>:128: RuntimeWarning: 'geode.pipeline.local_fee_review' found in sys.modules after import of package 'geode.pipeline', but prior to execution of 'geode.pipeline.local_fee_review'; this may result in unpredictable behaviour

tests/test_local_text_review.py::test_module_entrypoint_exits_successfully_for_valid_offline_package
  <frozen runpy>:128: RuntimeWarning: 'geode.pipeline.local_text_review' found in sys.modules after import of package 'geode.pipeline', but prior to execution of 'geode.pipeline.local_text_review'; this may result in unpredictable behaviour

tests/test_manual_review_inventory.py::test_actual_springs_join_rejects_wrong_owner_source_and_currency[source-value2]
  /Library/Frameworks/Python.framework/Versions/3.14/lib/python3.14/json/decoder.py:361: ResourceWarning: unclosed database in <sqlite3.Connection object at 0x10b8fd030>
    obj, end = self.scan_once(s, idx)
  Enable tracemalloc to get traceback where the object was allocated.
  See https://docs.pytest.org/en/stable/how-to/capture-warnings.html#resource-warnings for more info.

tests/test_manual_review_inventory.py::test_actual_springs_join_rejects_wrong_owner_source_and_currency[source-value2]
  /Library/Frameworks/Python.framework/Versions/3.14/lib/python3.14/json/decoder.py:361: ResourceWarning: unclosed database in <sqlite3.Connection object at 0x10b56f4c0>
    obj, end = self.scan_once(s, idx)
  Enable tracemalloc to get traceback where the object was allocated.
  See https://docs.pytest.org/en/stable/how-to/capture-warnings.html#resource-warnings for more info.

tests/test_manual_review_inventory.py::test_actual_springs_join_rejects_wrong_owner_source_and_currency[source-value2]
  /Library/Frameworks/Python.framework/Versions/3.14/lib/python3.14/json/decoder.py:361: ResourceWarning: unclosed database in <sqlite3.Connection object at 0x10b56ed40>
    obj, end = self.scan_once(s, idx)
  Enable tracemalloc to get traceback where the object was allocated.
  See https://docs.pytest.org/en/stable/how-to/capture-warnings.html#resource-warnings for more info.

tests/test_manual_review_inventory.py::test_actual_springs_join_rejects_wrong_owner_source_and_currency[source-value2]
  /Library/Frameworks/Python.framework/Versions/3.14/lib/python3.14/json/decoder.py:361: ResourceWarning: unclosed database in <sqlite3.Connection object at 0x10b56f5b0>
    obj, end = self.scan_once(s, idx)
  Enable tracemalloc to get traceback where the object was allocated.
  See https://docs.pytest.org/en/stable/how-to/capture-warnings.html#resource-warnings for more info.

tests/test_manual_review_inventory.py::test_actual_springs_join_rejects_wrong_owner_source_and_currency[source-value2]
  /Library/Frameworks/Python.framework/Versions/3.14/lib/python3.14/json/decoder.py:361: ResourceWarning: unclosed database in <sqlite3.Connection object at 0x10f723f10>
    obj, end = self.scan_once(s, idx)
  Enable tracemalloc to get traceback where the object was allocated.
  See https://docs.pytest.org/en/stable/how-to/capture-warnings.html#resource-warnings for more info.

tests/test_manual_review_inventory.py::test_actual_springs_join_rejects_wrong_owner_source_and_currency[source-value2]
  /Library/Frameworks/Python.framework/Versions/3.14/lib/python3.14/json/decoder.py:361: ResourceWarning: unclosed database in <sqlite3.Connection object at 0x10f7234c0>
    obj, end = self.scan_once(s, idx)
  Enable tracemalloc to get traceback where the object was allocated.
  See https://docs.pytest.org/en/stable/how-to/capture-warnings.html#resource-warnings for more info.

tests/test_manual_review_inventory.py::test_actual_springs_join_rejects_wrong_owner_source_and_currency[source-value2]
  /Library/Frameworks/Python.framework/Versions/3.14/lib/python3.14/json/decoder.py:361: ResourceWarning: unclosed database in <sqlite3.Connection object at 0x10f7235b0>
    obj, end = self.scan_once(s, idx)
  Enable tracemalloc to get traceback where the object was allocated.
  See https://docs.pytest.org/en/stable/how-to/capture-warnings.html#resource-warnings for more info.

tests/test_manual_review_inventory.py::test_actual_springs_join_rejects_wrong_owner_source_and_currency[source-value2]
  /Library/Frameworks/Python.framework/Versions/3.14/lib/python3.14/json/decoder.py:361: ResourceWarning: unclosed database in <sqlite3.Connection object at 0x10f7233d0>
    obj, end = self.scan_once(s, idx)
  Enable tracemalloc to get traceback where the object was allocated.
  See https://docs.pytest.org/en/stable/how-to/capture-warnings.html#resource-warnings for more info.

tests/test_manual_review_inventory.py::test_actual_springs_join_rejects_wrong_owner_source_and_currency[source-value2]
  /Library/Frameworks/Python.framework/Versions/3.14/lib/python3.14/json/decoder.py:361: ResourceWarning: unclosed database in <sqlite3.Connection object at 0x10f7232e0>
    obj, end = self.scan_once(s, idx)
  Enable tracemalloc to get traceback where the object was allocated.
  See https://docs.pytest.org/en/stable/how-to/capture-warnings.html#resource-warnings for more info.

tests/test_manual_review_inventory.py::test_actual_springs_join_rejects_wrong_owner_source_and_currency[source-value2]
  /Library/Frameworks/Python.framework/Versions/3.14/lib/python3.14/json/decoder.py:361: ResourceWarning: unclosed database in <sqlite3.Connection object at 0x10b51b880>
    obj, end = self.scan_once(s, idx)
  Enable tracemalloc to get traceback where the object was allocated.
  See https://docs.pytest.org/en/stable/how-to/capture-warnings.html#resource-warnings for more info.

tests/test_manual_review_inventory.py::test_actual_springs_join_rejects_wrong_owner_source_and_currency[source-value2]
  /Library/Frameworks/Python.framework/Versions/3.14/lib/python3.14/json/decoder.py:361: ResourceWarning: unclosed database in <sqlite3.Connection object at 0x10b51b1f0>
    obj, end = self.scan_once(s, idx)
  Enable tracemalloc to get traceback where the object was allocated.
  See https://docs.pytest.org/en/stable/how-to/capture-warnings.html#resource-warnings for more info.

tests/test_manual_review_inventory.py::test_actual_springs_join_rejects_wrong_owner_source_and_currency[source-value2]
  /Library/Frameworks/Python.framework/Versions/3.14/lib/python3.14/json/decoder.py:361: ResourceWarning: unclosed database in <sqlite3.Connection object at 0x10b51b6a0>
    obj, end = self.scan_once(s, idx)
  Enable tracemalloc to get traceback where the object was allocated.
  See https://docs.pytest.org/en/stable/how-to/capture-warnings.html#resource-warnings for more info.

tests/test_manual_review_inventory.py::test_actual_springs_join_rejects_wrong_owner_source_and_currency[source-value2]
  /Library/Frameworks/Python.framework/Versions/3.14/lib/python3.14/json/decoder.py:361: ResourceWarning: unclosed database in <sqlite3.Connection object at 0x10b51b790>
    obj, end = self.scan_once(s, idx)
  Enable tracemalloc to get traceback where the object was allocated.
  See https://docs.pytest.org/en/stable/how-to/capture-warnings.html#resource-warnings for more info.

tests/test_manual_review_inventory.py::test_actual_springs_join_rejects_wrong_owner_source_and_currency[source-value2]
  /Library/Frameworks/Python.framework/Versions/3.14/lib/python3.14/json/decoder.py:361: ResourceWarning: unclosed database in <sqlite3.Connection object at 0x10be9d210>
    obj, end = self.scan_once(s, idx)
  Enable tracemalloc to get traceback where the object was allocated.
  See https://docs.pytest.org/en/stable/how-to/capture-warnings.html#resource-warnings for more info.

tests/test_manual_review_inventory.py::test_actual_springs_join_rejects_wrong_owner_source_and_currency[source-value2]
  /Library/Frameworks/Python.framework/Versions/3.14/lib/python3.14/json/decoder.py:361: ResourceWarning: unclosed database in <sqlite3.Connection object at 0x10be9d3f0>
    obj, end = self.scan_once(s, idx)
  Enable tracemalloc to get traceback where the object was allocated.
  See https://docs.pytest.org/en/stable/how-to/capture-warnings.html#resource-warnings for more info.

tests/test_manual_review_inventory.py::test_actual_springs_join_rejects_wrong_owner_source_and_currency[source-value2]
  /Library/Frameworks/Python.framework/Versions/3.14/lib/python3.14/json/decoder.py:361: ResourceWarning: unclosed database in <sqlite3.Connection object at 0x10be9d4e0>
    obj, end = self.scan_once(s, idx)
  Enable tracemalloc to get traceback where the object was allocated.
  See https://docs.pytest.org/en/stable/how-to/capture-warnings.html#resource-warnings for more info.

tests/test_manual_review_inventory.py::test_actual_springs_join_rejects_wrong_owner_source_and_currency[source-value2]
  /Library/Frameworks/Python.framework/Versions/3.14/lib/python3.14/json/decoder.py:361: ResourceWarning: unclosed database in <sqlite3.Connection object at 0x10be9d300>
    obj, end = self.scan_once(s, idx)
  Enable tracemalloc to get traceback where the object was allocated.
  See https://docs.pytest.org/en/stable/how-to/capture-warnings.html#resource-warnings for more info.

tests/test_manual_review_inventory.py::test_actual_springs_join_rejects_wrong_owner_source_and_currency[source-value2]
  /Library/Frameworks/Python.framework/Versions/3.14/lib/python3.14/json/decoder.py:361: ResourceWarning: unclosed database in <sqlite3.Connection object at 0x10be9d120>
    obj, end = self.scan_once(s, idx)
  Enable tracemalloc to get traceback where the object was allocated.
  See https://docs.pytest.org/en/stable/how-to/capture-warnings.html#resource-warnings for more info.

tests/test_manual_review_inventory.py::test_actual_springs_join_rejects_wrong_owner_source_and_currency[source-value2]
  /Library/Frameworks/Python.framework/Versions/3.14/lib/python3.14/json/decoder.py:361: ResourceWarning: unclosed database in <sqlite3.Connection object at 0x10b7f6b60>
    obj, end = self.scan_once(s, idx)
  Enable tracemalloc to get traceback where the object was allocated.
  See https://docs.pytest.org/en/stable/how-to/capture-warnings.html#resource-warnings for more info.

tests/test_manual_review_inventory.py::test_actual_springs_join_rejects_wrong_owner_source_and_currency[source-value2]
  /Library/Frameworks/Python.framework/Versions/3.14/lib/python3.14/json/decoder.py:361: ResourceWarning: unclosed database in <sqlite3.Connection object at 0x10fdad3f0>
    obj, end = self.scan_once(s, idx)
  Enable tracemalloc to get traceback where the object was allocated.
  See https://docs.pytest.org/en/stable/how-to/capture-warnings.html#resource-warnings for more info.

tests/test_manual_review_inventory.py::test_actual_springs_join_rejects_wrong_owner_source_and_currency[source-value2]
  /Library/Frameworks/Python.framework/Versions/3.14/lib/python3.14/json/decoder.py:361: ResourceWarning: unclosed database in <sqlite3.Connection object at 0x108589b70>
    obj, end = self.scan_once(s, idx)
  Enable tracemalloc to get traceback where the object was allocated.
  See https://docs.pytest.org/en/stable/how-to/capture-warnings.html#resource-warnings for more info.

tests/test_manual_review_inventory.py::test_actual_springs_join_rejects_wrong_owner_source_and_currency[source-value2]
  /Library/Frameworks/Python.framework/Versions/3.14/lib/python3.14/json/decoder.py:361: ResourceWarning: unclosed database in <sqlite3.Connection object at 0x10b7f7e20>
    obj, end = self.scan_once(s, idx)
  Enable tracemalloc to get traceback where the object was allocated.
  See https://docs.pytest.org/en/stable/how-to/capture-warnings.html#resource-warnings for more info.

tests/test_manual_review_inventory.py::test_actual_springs_join_rejects_wrong_owner_source_and_currency[source-value2]
  /Library/Frameworks/Python.framework/Versions/3.14/lib/python3.14/json/decoder.py:361: ResourceWarning: unclosed database in <sqlite3.Connection object at 0x108589d50>
    obj, end = self.scan_once(s, idx)
  Enable tracemalloc to get traceback where the object was allocated.
  See https://docs.pytest.org/en/stable/how-to/capture-warnings.html#resource-warnings for more info.

tests/test_manual_review_inventory.py::test_actual_springs_join_rejects_wrong_owner_source_and_currency[source-value2]
  /Library/Frameworks/Python.framework/Versions/3.14/lib/python3.14/json/decoder.py:361: ResourceWarning: unclosed database in <sqlite3.Connection object at 0x10fdacc70>
    obj, end = self.scan_once(s, idx)
  Enable tracemalloc to get traceback where the object was allocated.
  See https://docs.pytest.org/en/stable/how-to/capture-warnings.html#resource-warnings for more info.

tests/test_register_daily.py::test_coverage_regressions_fail_without_mutating_canonical_files[removed_row]
  /Library/Frameworks/Python.framework/Versions/3.14/lib/python3.14/ast.py:46: ResourceWarning: unclosed database in <sqlite3.Connection object at 0x10ffe9120>
    return compile(source, filename, mode, flags,
  Enable tracemalloc to get traceback where the object was allocated.
  See https://docs.pytest.org/en/stable/how-to/capture-warnings.html#resource-warnings for more info.

tests/test_register_daily.py::test_coverage_regressions_fail_without_mutating_canonical_files[removed_row]
  /Library/Frameworks/Python.framework/Versions/3.14/lib/python3.14/ast.py:46: ResourceWarning: unclosed database in <sqlite3.Connection object at 0x10ffe94e0>
    return compile(source, filename, mode, flags,
  Enable tracemalloc to get traceback where the object was allocated.
  See https://docs.pytest.org/en/stable/how-to/capture-warnings.html#resource-warnings for more info.

tests/test_register_daily.py::test_coverage_regressions_fail_without_mutating_canonical_files[removed_row]
  /Library/Frameworks/Python.framework/Versions/3.14/lib/python3.14/ast.py:46: ResourceWarning: unclosed database in <sqlite3.Connection object at 0x10ffeae30>
    return compile(source, filename, mode, flags,
  Enable tracemalloc to get traceback where the object was allocated.
  See https://docs.pytest.org/en/stable/how-to/capture-warnings.html#resource-warnings for more info.

tests/test_register_daily.py::test_coverage_regressions_fail_without_mutating_canonical_files[removed_row]
  /Library/Frameworks/Python.framework/Versions/3.14/lib/python3.14/ast.py:46: ResourceWarning: unclosed database in <sqlite3.Connection object at 0x111a8c5e0>
    return compile(source, filename, mode, flags,
  Enable tracemalloc to get traceback where the object was allocated.
  See https://docs.pytest.org/en/stable/how-to/capture-warnings.html#resource-warnings for more info.

tests/test_register_daily.py::test_coverage_regressions_fail_without_mutating_canonical_files[removed_row]
  /Library/Frameworks/Python.framework/Versions/3.14/lib/python3.14/ast.py:46: ResourceWarning: unclosed database in <sqlite3.Connection object at 0x111a8c8b0>
    return compile(source, filename, mode, flags,
  Enable tracemalloc to get traceback where the object was allocated.
  See https://docs.pytest.org/en/stable/how-to/capture-warnings.html#resource-warnings for more info.

tests/test_register_daily.py::test_coverage_regressions_fail_without_mutating_canonical_files[removed_row]
  /Library/Frameworks/Python.framework/Versions/3.14/lib/python3.14/ast.py:46: ResourceWarning: unclosed database in <sqlite3.Connection object at 0x111a8c7c0>
    return compile(source, filename, mode, flags,
  Enable tracemalloc to get traceback where the object was allocated.
  See https://docs.pytest.org/en/stable/how-to/capture-warnings.html#resource-warnings for more info.

tests/test_register_daily.py::test_coverage_regressions_fail_without_mutating_canonical_files[removed_row]
  /Library/Frameworks/Python.framework/Versions/3.14/lib/python3.14/ast.py:46: ResourceWarning: unclosed database in <sqlite3.Connection object at 0x111a8d5d0>
    return compile(source, filename, mode, flags,
  Enable tracemalloc to get traceback where the object was allocated.
  See https://docs.pytest.org/en/stable/how-to/capture-warnings.html#resource-warnings for more info.

tests/test_register_daily.py::test_coverage_regressions_fail_without_mutating_canonical_files[removed_row]
  /Library/Frameworks/Python.framework/Versions/3.14/lib/python3.14/ast.py:46: ResourceWarning: unclosed database in <sqlite3.Connection object at 0x111a8d6c0>
    return compile(source, filename, mode, flags,
  Enable tracemalloc to get traceback where the object was allocated.
  See https://docs.pytest.org/en/stable/how-to/capture-warnings.html#resource-warnings for more info.

tests/test_register_daily.py::test_coverage_regressions_fail_without_mutating_canonical_files[removed_row]
  /Library/Frameworks/Python.framework/Versions/3.14/lib/python3.14/ast.py:46: ResourceWarning: unclosed database in <sqlite3.Connection object at 0x111a8d030>
    return compile(source, filename, mode, flags,
  Enable tracemalloc to get traceback where the object was allocated.
  See https://docs.pytest.org/en/stable/how-to/capture-warnings.html#resource-warnings for more info.

tests/test_register_daily.py::test_coverage_regressions_fail_without_mutating_canonical_files[removed_row]
  /Library/Frameworks/Python.framework/Versions/3.14/lib/python3.14/ast.py:46: ResourceWarning: unclosed database in <sqlite3.Connection object at 0x111a8d3f0>
    return compile(source, filename, mode, flags,
  Enable tracemalloc to get traceback where the object was allocated.
  See https://docs.pytest.org/en/stable/how-to/capture-warnings.html#resource-warnings for more info.

tests/test_register_daily.py::test_coverage_regressions_fail_without_mutating_canonical_files[removed_row]
  /Library/Frameworks/Python.framework/Versions/3.14/lib/python3.14/ast.py:46: ResourceWarning: unclosed database in <sqlite3.Connection object at 0x111a8da80>
    return compile(source, filename, mode, flags,
  Enable tracemalloc to get traceback where the object was allocated.
  See https://docs.pytest.org/en/stable/how-to/capture-warnings.html#resource-warnings for more info.

tests/test_register_daily.py::test_coverage_regressions_fail_without_mutating_canonical_files[removed_row]
  /Library/Frameworks/Python.framework/Versions/3.14/lib/python3.14/ast.py:46: ResourceWarning: unclosed database in <sqlite3.Connection object at 0x111a8c040>
    return compile(source, filename, mode, flags,
  Enable tracemalloc to get traceback where the object was allocated.
  See https://docs.pytest.org/en/stable/how-to/capture-warnings.html#resource-warnings for more info.

tests/test_register_daily.py::test_coverage_regressions_fail_without_mutating_canonical_files[removed_row]
  /Library/Frameworks/Python.framework/Versions/3.14/lib/python3.14/ast.py:46: ResourceWarning: unclosed database in <sqlite3.Connection object at 0x111a8c9a0>
    return compile(source, filename, mode, flags,
  Enable tracemalloc to get traceback where the object was allocated.
  See https://docs.pytest.org/en/stable/how-to/capture-warnings.html#resource-warnings for more info.

tests/test_register_daily.py::test_coverage_regressions_fail_without_mutating_canonical_files[removed_row]
  /Library/Frameworks/Python.framework/Versions/3.14/lib/python3.14/ast.py:46: ResourceWarning: unclosed database in <sqlite3.Connection object at 0x111a8d8a0>
    return compile(source, filename, mode, flags,
  Enable tracemalloc to get traceback where the object was allocated.
  See https://docs.pytest.org/en/stable/how-to/capture-warnings.html#resource-warnings for more info.

tests/test_register_daily.py::test_coverage_regressions_fail_without_mutating_canonical_files[removed_row]
  /Library/Frameworks/Python.framework/Versions/3.14/lib/python3.14/ast.py:46: ResourceWarning: unclosed database in <sqlite3.Connection object at 0x111a8d990>
    return compile(source, filename, mode, flags,
  Enable tracemalloc to get traceback where the object was allocated.
  See https://docs.pytest.org/en/stable/how-to/capture-warnings.html#resource-warnings for more info.

tests/test_register_daily.py::test_coverage_regressions_fail_without_mutating_canonical_files[removed_row]
  /Library/Frameworks/Python.framework/Versions/3.14/lib/python3.14/ast.py:46: ResourceWarning: unclosed database in <sqlite3.Connection object at 0x111a8cf40>
    return compile(source, filename, mode, flags,
  Enable tracemalloc to get traceback where the object was allocated.
  See https://docs.pytest.org/en/stable/how-to/capture-warnings.html#resource-warnings for more info.

tests/test_register_daily.py::test_coverage_regressions_fail_without_mutating_canonical_files[removed_row]
  /Library/Frameworks/Python.framework/Versions/3.14/lib/python3.14/ast.py:46: ResourceWarning: unclosed database in <sqlite3.Connection object at 0x111a8dd50>
    return compile(source, filename, mode, flags,
  Enable tracemalloc to get traceback where the object was allocated.
  See https://docs.pytest.org/en/stable/how-to/capture-warnings.html#resource-warnings for more info.

tests/test_verified_local_ocr.py::test_module_entrypoint_errors_cleanly
  <frozen runpy>:128: RuntimeWarning: 'geode.pipeline.verified_local_ocr' found in sys.modules after import of package 'geode.pipeline', but prior to execution of 'geode.pipeline.verified_local_ocr'; this may result in unpredictable behaviour

-- Docs: https://docs.pytest.org/en/stable/how-to/capture-warnings.html
================================ tests coverage ================================
_______________ coverage: platform darwin, python 3.14.3-final-0 _______________

Coverage JSON written to file /private/tmp/geode-springs-watch-final-coverage.json
2548 passed, 49 warnings in 471.53s (0:07:51)
<sys>:0: DeprecationWarning: builtin type swigvarlink has no __module__ attribute
