{
  "status": "refused_current_law",
  "source_id": "colorado-springs-construction-fees-atlas-directed",
  "query": "current fee",
  "evidence_verified": false,
  "source": null,
  "rows": [],
  "technology_fee": null,
  "tables": [],
  "context": [],
  "matched_context_ids": [],
  "global_context_ids": [],
  "observations": [
    "Current-law and question answering are unsupported; use source keywords."
  ],
  "boundary": "Source-only lookup in one accepted seven-page municipal Construction Services schedule with 128 rows. Complete global qualifications and linked source definitions accompany each result; links do not decide applicability. No arithmetic, current-law or adoption claim is made. No match does not establish free, exempt or unregulated activity. The separate Code Services schedule is outside this lookup.",
  "legal_currentness": "not_verified",
  "answer_safe": false,
  "adoption_date": null,
  "effective_date": null
}
