{
  "wrappers": 1,
  "files": 10,
  "bytes": 479,
  "ignored_untracked": 0,
  "new_originals": 6,
  "scan_sha256": "08ccac2f97db31851e4698780434eb9ae8130c7c1c3b4210c241472f59cd398e"
}
{
  "scanner_sha256": "791a53843f732069cee577e305acb13df394055f344bab6787c0af777305c860",
  "isolated_reproduction": "late_wrapper_body_restamped",
  "canonical_writes": 0,
  "git_operations": 0,
  "public_requests": 0,
  "expected_wrapper_payload_sha256": "cf2692936683191ae83f4e05d535fdcca862bbd12a3114cb37b0409532e0cd8a",
  "returned_payload_sha256": "7ed7c37a7a11d3b0b51b02a5c425f753bbee87db77cf1e07da5eb910d4065c50",
  "returned_basis": [
    "closed wrapper fixture-approved"
  ],
  "scanner_status": "prepared_exact_paths_not_staged",
  "actual_production_occurrence_asserted": false
}
