.................................                                        [100%]
=============================== warnings summary ===============================
<frozen importlib._bootstrap>:491
<frozen importlib._bootstrap>:491
  <frozen importlib._bootstrap>:491: DeprecationWarning: builtin type SwigPyPacked has no __module__ attribute

<frozen importlib._bootstrap>:491
<frozen importlib._bootstrap>:491
  <frozen importlib._bootstrap>:491: DeprecationWarning: builtin type SwigPyObject has no __module__ attribute

<frozen importlib._bootstrap>:491
  <frozen importlib._bootstrap>:491: DeprecationWarning: builtin type swigvarlink has no __module__ attribute

-- Docs: https://docs.pytest.org/en/stable/how-to/capture-warnings.html
================================ tests coverage ================================
_______________ coverage: platform darwin, python 3.14.3-final-0 _______________

Name                                                               Stmts   Miss Branch BrPart  Cover   Missing
--------------------------------------------------------------------------------------------------------------
handoffs/run-2026-09-13/ptolemy-eb026-source-qa/review_models.py     145      4      8      4    95%   162, 164, 167, 170
handoffs/run-2026-09-13/ptolemy-eb026-source-qa/verify_review.py     175      1     32      1    99%   255
--------------------------------------------------------------------------------------------------------------
TOTAL                                                                320      5     40      5    97%
Coverage JSON written to file /private/tmp/eb026-review-coverage.json
33 passed, 5 warnings in 5.59s
<sys>:0: DeprecationWarning: builtin type swigvarlink has no __module__ attribute
