{
  "status": "no_matching_row",
  "source_id": "el-paso-boh-ehs-fees-sd011",
  "query": "Section 25-4",
  "evidence_verified": true,
  "source": {
    "source_id": "el-paso-boh-ehs-fees-sd011",
    "authority_id": "CO-COUNTY-EL_PASO",
    "issuer": "El Paso County Board of Health",
    "administering_agency": "El Paso County Public Health",
    "pdf": {
      "path": "/Users/mcoors/Documents/Project Geode/MasterLegalDatabase/research/local_review/el-paso-ehs-fees-source-qa-2026-09-13/source/original.pdf",
      "sha256": "1b0529fb7514bcc50c0dd36c903ca361f6ab431712b4aebc48bca8e3f5373622",
      "size_bytes": 151508
    },
    "candidate": {
      "path": "/Users/mcoors/Documents/Project Geode/MasterLegalDatabase/research/local_review/el-paso-ehs-fees-source-qa-2026-09-13/candidate.txt",
      "sha256": "6b1401bec281f24cef1bf62c5a5809dd11c45b399c8b7d191870859135b86bd4",
      "size_bytes": 8185
    },
    "canonical_original": {
      "path": "/Users/mcoors/Documents/Project Geode/MasterLegalDatabase/_RAW_ARCHIVE/manual_intake/08_County_Authorities/el-paso-boh-ehs-fees-sd011/20260912T225948795762Z_original.pdf",
      "sha256": "1b0529fb7514bcc50c0dd36c903ca361f6ab431712b4aebc48bca8e3f5373622",
      "size_bytes": 151508
    },
    "review": {
      "path": "/Users/mcoors/Documents/Project Geode/MasterLegalDatabase/research/local_review/el-paso-ehs-fees-source-qa-2026-09-13/SOURCE_QA.json",
      "sha256": "55a5e8b088c3b407c20691c71cb62a73491b99e39c0e6d9c0d0e69c2b3746ebf",
      "size_bytes": 140434
    },
    "manifest": {
      "path": "/Users/mcoors/Documents/Project Geode/MasterLegalDatabase/research/local_review/el-paso-ehs-fees-source-qa-2026-09-13/FINAL_MANIFEST.json",
      "sha256": "da8cb23666be686d9182695201819121363f4700755b8e57aadc9accbde77832",
      "size_bytes": 6589
    },
    "acceptance": {
      "path": "/Users/mcoors/Documents/Project Geode/MasterLegalDatabase/docs/audits/FOUR_HOUR_RUN_2026-09-12/EL_PASO_EHS_SOURCE_QA/ACCEPTANCE.json",
      "sha256": "6771f712028d6ee3c4f737d37b3470f13740fe12e8bd6e01587bfc07bd65bda4",
      "size_bytes": 8711
    },
    "copied_canonical_record": {
      "path": "/Users/mcoors/Documents/Project Geode/MasterLegalDatabase/research/local_review/el-paso-ehs-fees-source-qa-2026-09-13/source/canonical-record.jsonl",
      "sha256": "00dc523f686bbc40fe005c834e0c93b121eaccef6d82a971e3f068ff75db87fa",
      "size_bytes": 2612
    },
    "official_url": "https://epc-assets.elpasoco.com/wp-content/uploads/sites/18/2025/06/3-BoH-2024-EHS-Fee-Schedule-Chapter-3_Acc-Checked-June-2025.pdf",
    "intake_id": "MSI-20260912T225948795762Z-el-paso-boh-ehs-fees-sd011",
    "intake_received_at": "2026-09-12T22:59:48.795762Z",
    "acquisition_method": "received_review_package",
    "original_http_acquired_at": null,
    "original_http_independently_verified": false,
    "original_custody_note": "Received through Sherlock source-discovery-011, not a direct Atlas HTTP acquisition. Delivered event SD011-E065 claims download from https://epc-assets.elpasoco.com/wp-content/uploads/sites/18/2025/06/3-BoH-2024-EHS-Fee-Schedule-Chapter-3_Acc-Checked-June-2025.pdf ending at https://epc-assets.elpasoco.com/wp-content/uploads/sites/18/2025/06/3-BoH-2024-EHS-Fee-Schedule-Chapter-3_Acc-Checked-June-2025.pdf on 2026-09-12T22:01:43Z; these times and original-download provenance are not independently witnessed. Exact retained PDF digest is 1b0529fb7514bcc50c0dd36c903ca361f6ab431712b4aebc48bca8e3f5373622. Atlas delivery custody captured at 2026-09-12T22:08:54.656702Z; actual repository receipt time remains unset. Issuer: El Paso County Board of Health / El Paso County Public Health. Role: board_of_health_fee_schedule_and_civil_penalties. English and Spanish PDFs are distinct received artifacts; translation equivalence is not reviewed. The viewed fee table includes air quality, body art, child care and OWTS categories; it is not exclusively an OWTS schedule. Source-only title/role review; no legal currentness, complete extraction, translation equivalence or answer-safety promotion. The source-discovery batch exceeded its distinct-target cap (66/50) and lost two earlier non-PDF bodies; these custody failures remain disclosed, not repaired by intake. Actual repository intake time is the received_at field of this record; earlier proposal timestamps remain historical.",
    "reviewed_at": "2026-09-13T00:33:06.269434Z",
    "accepted_at": "2026-09-13T00:40:46.955917Z",
    "printed_approval_claim": "October 25, 2023",
    "printed_effective_claim": "January 1, 2024",
    "legal_date_verification": "printed_source_claims_only",
    "native_bytes": 8060,
    "source_role": "English fee schedule and civil penalties as received"
  },
  "rows": [],
  "context": [
    {
      "context_id": "COVER",
      "physical_page": 1,
      "kind": "cover",
      "text": "REGULATIONS OF THE EL PASO COUNTY BOARD OF HEALTH\nEL PASO COUNTY, COLORADO\nChapter 3\nFee Schedule and Civil Penalties\nEl Paso County Public Health\n1675 W. Garden of the Gods Road,\nSuite 2044\nColorado Springs, CO 80907\n(719) 578-3199",
      "applies_to": [
        "document"
      ],
      "native": {
        "start": 81,
        "end": 333,
        "sha256": "18f4b3c88d99f760f1b599bd9a317bca7ee98d771d3a9fb177383d937816aa40",
        "text": "REGULATIONS OF THE EL PASO  \nCOUNTY BOARD OF HEALTH  \nEL PASO COUNTY, COLORADO  \nChapter 3  \nFee Schedule and Civil Penalties  \n \nEl Paso County Public Health  \n1675 W. Garden of the Gods Road,  \nSuite 2044  \nColorado Springs, CO 80907  \n(719) 578-3199",
        "native_file": {
          "path": "/Users/mcoors/Documents/Project Geode/MasterLegalDatabase/research/local_review/el-paso-ehs-fees-source-qa-2026-09-13/native/page-0001.txt",
          "sha256": "0e4558156834c9c4c33c30b2172c1c5c79cbc65b3a57cc78d4e710390817e1ab",
          "size_bytes": 386
        },
        "image": {
          "path": "/Users/mcoors/Documents/Project Geode/MasterLegalDatabase/research/local_review/el-paso-ehs-fees-source-qa-2026-09-13/pages/page-0001.png",
          "sha256": "7df879dcf94d6f65c76654b39ecc0e3be6e31196250e36f7b98e88c7787674a4",
          "size_bytes": 166547
        },
        "physical_page": 1
      }
    },
    {
      "context_id": "APPROVAL1",
      "physical_page": 1,
      "kind": "approval_claim",
      "text": "Approved by the Board of Health October 25, 2023",
      "applies_to": [
        "document"
      ],
      "native": {
        "start": 336,
        "end": 384,
        "sha256": "913a8988b7a0df1a70ea5cf979551e02e15f69f0e5fcb34411437741d01fbf8a",
        "text": "Approved by the Board of Health October 25, 2023",
        "native_file": {
          "path": "/Users/mcoors/Documents/Project Geode/MasterLegalDatabase/research/local_review/el-paso-ehs-fees-source-qa-2026-09-13/native/page-0001.txt",
          "sha256": "0e4558156834c9c4c33c30b2172c1c5c79cbc65b3a57cc78d4e710390817e1ab",
          "size_bytes": 386
        },
        "image": {
          "path": "/Users/mcoors/Documents/Project Geode/MasterLegalDatabase/research/local_review/el-paso-ehs-fees-source-qa-2026-09-13/pages/page-0001.png",
          "sha256": "7df879dcf94d6f65c76654b39ecc0e3be6e31196250e36f7b98e88c7787674a4",
          "size_bytes": 166547
        },
        "physical_page": 1
      }
    },
    {
      "context_id": "APPROVAL2",
      "physical_page": 2,
      "kind": "approval_claim",
      "text": "Approved by the Board of Health October 25, 2023",
      "applies_to": [
        "document"
      ],
      "native": {
        "start": 1887,
        "end": 1935,
        "sha256": "913a8988b7a0df1a70ea5cf979551e02e15f69f0e5fcb34411437741d01fbf8a",
        "text": "Approved by the Board of Health October 25, 2023",
        "native_file": {
          "path": "/Users/mcoors/Documents/Project Geode/MasterLegalDatabase/research/local_review/el-paso-ehs-fees-source-qa-2026-09-13/native/page-0002.txt",
          "sha256": "b68c63a7cd95ee336aa83d28121ab0dc3e7bd24df18aaaf4a3c57605c90c0c4e",
          "size_bytes": 1937
        },
        "image": {
          "path": "/Users/mcoors/Documents/Project Geode/MasterLegalDatabase/research/local_review/el-paso-ehs-fees-source-qa-2026-09-13/pages/page-0002.png",
          "sha256": "67dd70f77a3542b58dabebbacc475097cda7168e54248e09e92e0dd2cf525e06",
          "size_bytes": 504632
        },
        "physical_page": 2
      }
    },
    {
      "context_id": "APPROVAL3",
      "physical_page": 3,
      "kind": "approval_claim",
      "text": "Approved by the Board of Health October 25, 2023",
      "applies_to": [
        "document"
      ],
      "native": {
        "start": 1940,
        "end": 1988,
        "sha256": "913a8988b7a0df1a70ea5cf979551e02e15f69f0e5fcb34411437741d01fbf8a",
        "text": "Approved by the Board of Health October 25, 2023",
        "native_file": {
          "path": "/Users/mcoors/Documents/Project Geode/MasterLegalDatabase/research/local_review/el-paso-ehs-fees-source-qa-2026-09-13/native/page-0003.txt",
          "sha256": "c777f552babbcd61b181c361f198956b1cd469ffe045ffe2692714d5a04d84f6",
          "size_bytes": 1990
        },
        "image": {
          "path": "/Users/mcoors/Documents/Project Geode/MasterLegalDatabase/research/local_review/el-paso-ehs-fees-source-qa-2026-09-13/pages/page-0003.png",
          "sha256": "76d43496a8132e4269248c2d12c283a26ed79483d139242df7fdb3bddb88fdb3",
          "size_bytes": 554837
        },
        "physical_page": 3
      }
    },
    {
      "context_id": "APPROVAL4",
      "physical_page": 4,
      "kind": "approval_claim",
      "text": "Approved by the Board of Health October 25, 2023",
      "applies_to": [
        "document"
      ],
      "native": {
        "start": 3307,
        "end": 3355,
        "sha256": "913a8988b7a0df1a70ea5cf979551e02e15f69f0e5fcb34411437741d01fbf8a",
        "text": "Approved by the Board of Health October 25, 2023",
        "native_file": {
          "path": "/Users/mcoors/Documents/Project Geode/MasterLegalDatabase/research/local_review/el-paso-ehs-fees-source-qa-2026-09-13/native/page-0004.txt",
          "sha256": "effad2643fd58bff7df4866e12ab6824b99cfb4350c8be3a164d854ddb7e0d80",
          "size_bytes": 3357
        },
        "image": {
          "path": "/Users/mcoors/Documents/Project Geode/MasterLegalDatabase/research/local_review/el-paso-ehs-fees-source-qa-2026-09-13/pages/page-0004.png",
          "sha256": "26457f755b350e699002c49fc12be62ba4201c57a7707e04164a152383493301",
          "size_bytes": 559336
        },
        "physical_page": 4
      }
    },
    {
      "context_id": "APPROVAL5",
      "physical_page": 5,
      "kind": "approval_claim",
      "text": "Approved by the Board of Health October 25, 2023",
      "applies_to": [
        "document"
      ],
      "native": {
        "start": 340,
        "end": 388,
        "sha256": "913a8988b7a0df1a70ea5cf979551e02e15f69f0e5fcb34411437741d01fbf8a",
        "text": "Approved by the Board of Health October 25, 2023",
        "native_file": {
          "path": "/Users/mcoors/Documents/Project Geode/MasterLegalDatabase/research/local_review/el-paso-ehs-fees-source-qa-2026-09-13/native/page-0005.txt",
          "sha256": "76545ff7b87cb137a026dd4e71478bf74867730cdbb3c0efb8b8f5fa9888202c",
          "size_bytes": 390
        },
        "image": {
          "path": "/Users/mcoors/Documents/Project Geode/MasterLegalDatabase/research/local_review/el-paso-ehs-fees-source-qa-2026-09-13/pages/page-0005.png",
          "sha256": "ee1ba0f8ca5c2f7b0d0933e11e021a1792c49392a1a951a61844c4a95ee00001",
          "size_bytes": 101069
        },
        "physical_page": 5
      }
    },
    {
      "context_id": "HEAD",
      "physical_page": 2,
      "kind": "heading",
      "text": "CHAPTER 3\nFEE SCHEDULE AND CIVIL PENALTIES\nSECTION 3.1: FEES",
      "applies_to": [
        "document"
      ],
      "native": {
        "start": 287,
        "end": 351,
        "sha256": "dc61de3ea3e2213e0ab44cd828f8d3f63026be5292cc747106a81919dd3d70f2",
        "text": "CHAPTER 3  \nFEE SCHEDULE AND CIVIL PENALTIES  \nSECTION 3.1: FEES",
        "native_file": {
          "path": "/Users/mcoors/Documents/Project Geode/MasterLegalDatabase/research/local_review/el-paso-ehs-fees-source-qa-2026-09-13/native/page-0002.txt",
          "sha256": "b68c63a7cd95ee336aa83d28121ab0dc3e7bd24df18aaaf4a3c57605c90c0c4e",
          "size_bytes": 1937
        },
        "image": {
          "path": "/Users/mcoors/Documents/Project Geode/MasterLegalDatabase/research/local_review/el-paso-ehs-fees-source-qa-2026-09-13/pages/page-0002.png",
          "sha256": "67dd70f77a3542b58dabebbacc475097cda7168e54248e09e92e0dd2cf525e06",
          "size_bytes": 504632
        },
        "physical_page": 2
      }
    },
    {
      "context_id": "A",
      "physical_page": 2,
      "kind": "authority",
      "text": "A. Effective January 1, 2024, the following fees are adopted by the Board of Health pursuant to Subpart 3 of Part 5 of Title 25, C.R.S., and shall be charged by Public Health for services indicated:",
      "applies_to": [
        "all_fee_rows"
      ],
      "native": {
        "start": 353,
        "end": 553,
        "sha256": "b51827749eeec8bbb7168fdef73e435df7d3774e6c2b3c41f1c5d24742fcfeb0",
        "text": "A.  Effective January 1, 2024, the following fees are adopted by the Board of Health pursuant to \nSubpart 3 of Part 5 of Title 25, C.R.S., and shall be charged by Public Health for services indicated:",
        "native_file": {
          "path": "/Users/mcoors/Documents/Project Geode/MasterLegalDatabase/research/local_review/el-paso-ehs-fees-source-qa-2026-09-13/native/page-0002.txt",
          "sha256": "b68c63a7cd95ee336aa83d28121ab0dc3e7bd24df18aaaf4a3c57605c90c0c4e",
          "size_bytes": 1937
        },
        "image": {
          "path": "/Users/mcoors/Documents/Project Geode/MasterLegalDatabase/research/local_review/el-paso-ehs-fees-source-qa-2026-09-13/pages/page-0002.png",
          "sha256": "67dd70f77a3542b58dabebbacc475097cda7168e54248e09e92e0dd2cf525e06",
          "size_bytes": 504632
        },
        "physical_page": 2
      }
    },
    {
      "context_id": "TABLE",
      "physical_page": 2,
      "kind": "heading",
      "text": "2024 FEE SCHEDULE",
      "applies_to": [
        "all_fee_rows"
      ],
      "native": {
        "start": 555,
        "end": 572,
        "sha256": "a4e9c86778e188916aeae6237819360f834eeffa46f4a2eca1352575b2f8d23d",
        "text": "2024 FEE SCHEDULE",
        "native_file": {
          "path": "/Users/mcoors/Documents/Project Geode/MasterLegalDatabase/research/local_review/el-paso-ehs-fees-source-qa-2026-09-13/native/page-0002.txt",
          "sha256": "b68c63a7cd95ee336aa83d28121ab0dc3e7bd24df18aaaf4a3c57605c90c0c4e",
          "size_bytes": 1937
        },
        "image": {
          "path": "/Users/mcoors/Documents/Project Geode/MasterLegalDatabase/research/local_review/el-paso-ehs-fees-source-qa-2026-09-13/pages/page-0002.png",
          "sha256": "67dd70f77a3542b58dabebbacc475097cda7168e54248e09e92e0dd2cf525e06",
          "size_bytes": 504632
        },
        "physical_page": 2
      }
    },
    {
      "context_id": "COLS",
      "physical_page": 2,
      "kind": "column_heading",
      "text": "Service\nFee",
      "applies_to": [
        "all_fee_rows"
      ],
      "native": {
        "start": 574,
        "end": 586,
        "sha256": "c838d50894d2aa5abd2ffea3cc13e86f2a35ba35c7ad757879d03ba405c0232c",
        "text": "Service \nFee",
        "native_file": {
          "path": "/Users/mcoors/Documents/Project Geode/MasterLegalDatabase/research/local_review/el-paso-ehs-fees-source-qa-2026-09-13/native/page-0002.txt",
          "sha256": "b68c63a7cd95ee336aa83d28121ab0dc3e7bd24df18aaaf4a3c57605c90c0c4e",
          "size_bytes": 1937
        },
        "image": {
          "path": "/Users/mcoors/Documents/Project Geode/MasterLegalDatabase/research/local_review/el-paso-ehs-fees-source-qa-2026-09-13/pages/page-0002.png",
          "sha256": "67dd70f77a3542b58dabebbacc475097cda7168e54248e09e92e0dd2cf525e06",
          "size_bytes": 504632
        },
        "physical_page": 2
      }
    },
    {
      "context_id": "GROUP1",
      "physical_page": 2,
      "kind": "group_heading",
      "text": "Air Quality",
      "applies_to": [
        "R001"
      ],
      "native": {
        "start": 588,
        "end": 599,
        "sha256": "1555052b8d129bca2ab251c9a6c61f1a14208925245dccf78589d13ab9bfe859",
        "text": "Air Quality",
        "native_file": {
          "path": "/Users/mcoors/Documents/Project Geode/MasterLegalDatabase/research/local_review/el-paso-ehs-fees-source-qa-2026-09-13/native/page-0002.txt",
          "sha256": "b68c63a7cd95ee336aa83d28121ab0dc3e7bd24df18aaaf4a3c57605c90c0c4e",
          "size_bytes": 1937
        },
        "image": {
          "path": "/Users/mcoors/Documents/Project Geode/MasterLegalDatabase/research/local_review/el-paso-ehs-fees-source-qa-2026-09-13/pages/page-0002.png",
          "sha256": "67dd70f77a3542b58dabebbacc475097cda7168e54248e09e92e0dd2cf525e06",
          "size_bytes": 504632
        },
        "physical_page": 2
      }
    },
    {
      "context_id": "GROUP2",
      "physical_page": 2,
      "kind": "group_heading",
      "text": "Body Art",
      "applies_to": [
        "R002",
        "R003",
        "R004",
        "R005",
        "R006",
        "R007",
        "R008"
      ],
      "native": {
        "start": 655,
        "end": 663,
        "sha256": "748edad442f1c0a06d6a6b73ea046320943592a50ff211e6de46db2af611b0bd",
        "text": "Body Art",
        "native_file": {
          "path": "/Users/mcoors/Documents/Project Geode/MasterLegalDatabase/research/local_review/el-paso-ehs-fees-source-qa-2026-09-13/native/page-0002.txt",
          "sha256": "b68c63a7cd95ee336aa83d28121ab0dc3e7bd24df18aaaf4a3c57605c90c0c4e",
          "size_bytes": 1937
        },
        "image": {
          "path": "/Users/mcoors/Documents/Project Geode/MasterLegalDatabase/research/local_review/el-paso-ehs-fees-source-qa-2026-09-13/pages/page-0002.png",
          "sha256": "67dd70f77a3542b58dabebbacc475097cda7168e54248e09e92e0dd2cf525e06",
          "size_bytes": 504632
        },
        "physical_page": 2
      }
    },
    {
      "context_id": "GROUP3",
      "physical_page": 2,
      "kind": "group_heading",
      "text": "Child Care",
      "applies_to": [
        "R009",
        "R010",
        "R011",
        "R012",
        "R013",
        "R014",
        "R015",
        "R016",
        "R017",
        "R018",
        "R019"
      ],
      "native": {
        "start": 999,
        "end": 1009,
        "sha256": "fbac73cd1e51f7f9b9f0761d04f10860ef80fd27c6f35a414afd0765a5bedbbf",
        "text": "Child Care",
        "native_file": {
          "path": "/Users/mcoors/Documents/Project Geode/MasterLegalDatabase/research/local_review/el-paso-ehs-fees-source-qa-2026-09-13/native/page-0002.txt",
          "sha256": "b68c63a7cd95ee336aa83d28121ab0dc3e7bd24df18aaaf4a3c57605c90c0c4e",
          "size_bytes": 1937
        },
        "image": {
          "path": "/Users/mcoors/Documents/Project Geode/MasterLegalDatabase/research/local_review/el-paso-ehs-fees-source-qa-2026-09-13/pages/page-0002.png",
          "sha256": "67dd70f77a3542b58dabebbacc475097cda7168e54248e09e92e0dd2cf525e06",
          "size_bytes": 504632
        },
        "physical_page": 2
      }
    },
    {
      "context_id": "GROUP4",
      "physical_page": 2,
      "kind": "group_heading",
      "text": "Onsite Wastewater Treatment Systems (OWTS)",
      "applies_to": [
        "R020",
        "R021",
        "R022",
        "R023",
        "R024",
        "R025",
        "R026",
        "R027",
        "R028",
        "R029",
        "R030",
        "R031",
        "R032",
        "R033",
        "R034",
        "R035",
        "R036",
        "R037",
        "R038",
        "R039",
        "R040",
        "R041",
        "R042"
      ],
      "native": {
        "start": 1492,
        "end": 1534,
        "sha256": "680645b72350d28325c9b68f2afb5446d9098f8b2d7c4d5cd3388ab66489ef68",
        "text": "Onsite Wastewater Treatment Systems (OWTS)",
        "native_file": {
          "path": "/Users/mcoors/Documents/Project Geode/MasterLegalDatabase/research/local_review/el-paso-ehs-fees-source-qa-2026-09-13/native/page-0002.txt",
          "sha256": "b68c63a7cd95ee336aa83d28121ab0dc3e7bd24df18aaaf4a3c57605c90c0c4e",
          "size_bytes": 1937
        },
        "image": {
          "path": "/Users/mcoors/Documents/Project Geode/MasterLegalDatabase/research/local_review/el-paso-ehs-fees-source-qa-2026-09-13/pages/page-0002.png",
          "sha256": "67dd70f77a3542b58dabebbacc475097cda7168e54248e09e92e0dd2cf525e06",
          "size_bytes": 504632
        },
        "physical_page": 2
      }
    },
    {
      "context_id": "GROUP5",
      "physical_page": 3,
      "kind": "group_heading",
      "text": "Recreational Water (Commercial Pools/Spas)",
      "applies_to": [
        "R043",
        "R044",
        "R045",
        "R046",
        "R047",
        "R048",
        "R049"
      ],
      "native": {
        "start": 845,
        "end": 887,
        "sha256": "dc0378f0ae2c248e79dc0e33813d95027b52d5cbf2e1ba4e55b673dbd9e67c2b",
        "text": "Recreational Water (Commercial Pools/Spas)",
        "native_file": {
          "path": "/Users/mcoors/Documents/Project Geode/MasterLegalDatabase/research/local_review/el-paso-ehs-fees-source-qa-2026-09-13/native/page-0003.txt",
          "sha256": "c777f552babbcd61b181c361f198956b1cd469ffe045ffe2692714d5a04d84f6",
          "size_bytes": 1990
        },
        "image": {
          "path": "/Users/mcoors/Documents/Project Geode/MasterLegalDatabase/research/local_review/el-paso-ehs-fees-source-qa-2026-09-13/pages/page-0003.png",
          "sha256": "76d43496a8132e4269248c2d12c283a26ed79483d139242df7fdb3bddb88fdb3",
          "size_bytes": 554837
        },
        "physical_page": 3
      }
    },
    {
      "context_id": "GROUP6",
      "physical_page": 3,
      "kind": "group_heading",
      "text": "Retail Food Establishment (RFE)",
      "applies_to": [
        "R050",
        "R051",
        "R052",
        "R053",
        "R054",
        "R055",
        "R056",
        "R057",
        "R058",
        "R059",
        "R060",
        "R061"
      ],
      "native": {
        "start": 1158,
        "end": 1189,
        "sha256": "5b8d670988d3d6b742d8d416550a0ba903cc8ebb75c191aa960c61ca79c1279c",
        "text": "Retail Food Establishment (RFE)",
        "native_file": {
          "path": "/Users/mcoors/Documents/Project Geode/MasterLegalDatabase/research/local_review/el-paso-ehs-fees-source-qa-2026-09-13/native/page-0003.txt",
          "sha256": "c777f552babbcd61b181c361f198956b1cd469ffe045ffe2692714d5a04d84f6",
          "size_bytes": 1990
        },
        "image": {
          "path": "/Users/mcoors/Documents/Project Geode/MasterLegalDatabase/research/local_review/el-paso-ehs-fees-source-qa-2026-09-13/pages/page-0003.png",
          "sha256": "76d43496a8132e4269248c2d12c283a26ed79483d139242df7fdb3bddb88fdb3",
          "size_bytes": 554837
        },
        "physical_page": 3
      }
    },
    {
      "context_id": "GROUP7",
      "physical_page": 4,
      "kind": "group_heading",
      "text": "Administrative",
      "applies_to": [
        "R062",
        "R063",
        "R064",
        "R065"
      ],
      "native": {
        "start": 293,
        "end": 307,
        "sha256": "35388e9f363dd162fc578afbef7005604b46f469b538cbf88f576aeec3f00299",
        "text": "Administrative",
        "native_file": {
          "path": "/Users/mcoors/Documents/Project Geode/MasterLegalDatabase/research/local_review/el-paso-ehs-fees-source-qa-2026-09-13/native/page-0004.txt",
          "sha256": "effad2643fd58bff7df4866e12ab6824b99cfb4350c8be3a164d854ddb7e0d80",
          "size_bytes": 3357
        },
        "image": {
          "path": "/Users/mcoors/Documents/Project Geode/MasterLegalDatabase/research/local_review/el-paso-ehs-fees-source-qa-2026-09-13/pages/page-0004.png",
          "sha256": "26457f755b350e699002c49fc12be62ba4201c57a7707e04164a152383493301",
          "size_bytes": 559336
        },
        "physical_page": 4
      }
    },
    {
      "context_id": "STAR",
      "physical_page": 4,
      "kind": "note",
      "text": "* Includes one reinspection",
      "applies_to": [
        "R020"
      ],
      "native": {
        "start": 467,
        "end": 494,
        "sha256": "1b36cc7b836ed18a258297ee234358facd3f1aeb4850058b092d3a5bc2c45288",
        "text": "* Includes one reinspection",
        "native_file": {
          "path": "/Users/mcoors/Documents/Project Geode/MasterLegalDatabase/research/local_review/el-paso-ehs-fees-source-qa-2026-09-13/native/page-0004.txt",
          "sha256": "effad2643fd58bff7df4866e12ab6824b99cfb4350c8be3a164d854ddb7e0d80",
          "size_bytes": 3357
        },
        "image": {
          "path": "/Users/mcoors/Documents/Project Geode/MasterLegalDatabase/research/local_review/el-paso-ehs-fees-source-qa-2026-09-13/pages/page-0004.png",
          "sha256": "26457f755b350e699002c49fc12be62ba4201c57a7707e04164a152383493301",
          "size_bytes": 559336
        },
        "physical_page": 4
      }
    },
    {
      "context_id": "B",
      "physical_page": 4,
      "kind": "civil_penalty",
      "text": "B. Failure to pay any fee required by subpart A of this Section is an unlawful act and, except as otherwise provided by Section 2, is subject to the assessment of a civil penalty of not more than $100 per day, until the fee is paid in full.",
      "applies_to": [
        "all_fee_rows"
      ],
      "native": {
        "start": 496,
        "end": 739,
        "sha256": "0599b104e62874b3a4e61039182507d6712a064fe425b433891cd9ba647eebb8",
        "text": "B.  Failure to pay any fee required by subpart A of this Section is an unlawful act and, except as \notherwise provided by Section 2, is subject to the assessment of a civil penalty of not more than \n$100 per day, until the fee is paid in full.",
        "native_file": {
          "path": "/Users/mcoors/Documents/Project Geode/MasterLegalDatabase/research/local_review/el-paso-ehs-fees-source-qa-2026-09-13/native/page-0004.txt",
          "sha256": "effad2643fd58bff7df4866e12ab6824b99cfb4350c8be3a164d854ddb7e0d80",
          "size_bytes": 3357
        },
        "image": {
          "path": "/Users/mcoors/Documents/Project Geode/MasterLegalDatabase/research/local_review/el-paso-ehs-fees-source-qa-2026-09-13/pages/page-0004.png",
          "sha256": "26457f755b350e699002c49fc12be62ba4201c57a7707e04164a152383493301",
          "size_bytes": 559336
        },
        "physical_page": 4
      }
    },
    {
      "context_id": "DEFS",
      "physical_page": 4,
      "kind": "heading",
      "text": "Definitions\nRetail Food Establishments:",
      "applies_to": [
        "D1",
        "D2",
        "D3",
        "D4"
      ],
      "native": {
        "start": 741,
        "end": 782,
        "sha256": "d894c3face3343e8b598adf13f080f5d0d5c89f9c5210ddb5e9f096d32a008c8",
        "text": "Definitions  \nRetail Food Establishments:",
        "native_file": {
          "path": "/Users/mcoors/Documents/Project Geode/MasterLegalDatabase/research/local_review/el-paso-ehs-fees-source-qa-2026-09-13/native/page-0004.txt",
          "sha256": "effad2643fd58bff7df4866e12ab6824b99cfb4350c8be3a164d854ddb7e0d80",
          "size_bytes": 3357
        },
        "image": {
          "path": "/Users/mcoors/Documents/Project Geode/MasterLegalDatabase/research/local_review/el-paso-ehs-fees-source-qa-2026-09-13/pages/page-0004.png",
          "sha256": "26457f755b350e699002c49fc12be62ba4201c57a7707e04164a152383493301",
          "size_bytes": 559336
        },
        "physical_page": 4
      }
    },
    {
      "context_id": "D1",
      "physical_page": 4,
      "kind": "definition",
      "text": "(1) An onsite evaluation of a potential retail food establishment location.",
      "applies_to": [
        "R051"
      ],
      "native": {
        "start": 785,
        "end": 860,
        "sha256": "4d4fdcca68befc7f895210af7cc396d043327ec6879282806eb772f4a05134ab",
        "text": "(1) An onsite evaluation of a potential retail food establishment location.",
        "native_file": {
          "path": "/Users/mcoors/Documents/Project Geode/MasterLegalDatabase/research/local_review/el-paso-ehs-fees-source-qa-2026-09-13/native/page-0004.txt",
          "sha256": "effad2643fd58bff7df4866e12ab6824b99cfb4350c8be3a164d854ddb7e0d80",
          "size_bytes": 3357
        },
        "image": {
          "path": "/Users/mcoors/Documents/Project Geode/MasterLegalDatabase/research/local_review/el-paso-ehs-fees-source-qa-2026-09-13/pages/page-0004.png",
          "sha256": "26457f755b350e699002c49fc12be62ba4201c57a7707e04164a152383493301",
          "size_bytes": 559336
        },
        "physical_page": 4
      }
    },
    {
      "context_id": "D2",
      "physical_page": 4,
      "kind": "definition",
      "text": "(2) An onsite inspection of an approved retail food establishment that has undergone a change in ownership or an establishment that otherwise needs an onsite inspection prior to opening and for which changes to the facility do not meet the requirements of a plan review.",
      "applies_to": [
        "R052",
        "R053"
      ],
      "native": {
        "start": 862,
        "end": 1136,
        "sha256": "5a63864f519652b84b681a5b4ff2013d5cac25b43399b9caac6e2802b9138826",
        "text": "(2) An onsite inspection of an approved retail food establishment that has undergone a change in  \nownership or an establishment that otherwise needs an onsite inspection prior to opening and for  \nwhich changes to the facility do not meet the requirements of a plan review.",
        "native_file": {
          "path": "/Users/mcoors/Documents/Project Geode/MasterLegalDatabase/research/local_review/el-paso-ehs-fees-source-qa-2026-09-13/native/page-0004.txt",
          "sha256": "effad2643fd58bff7df4866e12ab6824b99cfb4350c8be3a164d854ddb7e0d80",
          "size_bytes": 3357
        },
        "image": {
          "path": "/Users/mcoors/Documents/Project Geode/MasterLegalDatabase/research/local_review/el-paso-ehs-fees-source-qa-2026-09-13/pages/page-0004.png",
          "sha256": "26457f755b350e699002c49fc12be62ba4201c57a7707e04164a152383493301",
          "size_bytes": 559336
        },
        "physical_page": 4
      }
    },
    {
      "context_id": "D3",
      "physical_page": 4,
      "kind": "definition",
      "text": "(3) A written document, based on HACCP (Hazard Analysis Critical Control Point) principles developed by the National Advisory Committee on Microbiological Criteria for Food, which formally identifies specific hazards that can adversely affect the safety of a food product and proposes control measures to maintain food safety.",
      "applies_to": [
        "R059"
      ],
      "native": {
        "start": 1139,
        "end": 1471,
        "sha256": "65e1ed257dd157cc4cf62efea790ada3e4c025e23403017eb98c0316c418416a",
        "text": "(3) A written document, based on HACCP (Hazard Analysis Critical Control Point) principles  \ndeveloped by the National Advisory Committee on Microbiological Criteria for Food, which  \nformally identifies specific hazards that can adversely affect the safety of a food product and  \nproposes control measures to maintain food safety.",
        "native_file": {
          "path": "/Users/mcoors/Documents/Project Geode/MasterLegalDatabase/research/local_review/el-paso-ehs-fees-source-qa-2026-09-13/native/page-0004.txt",
          "sha256": "effad2643fd58bff7df4866e12ab6824b99cfb4350c8be3a164d854ddb7e0d80",
          "size_bytes": 3357
        },
        "image": {
          "path": "/Users/mcoors/Documents/Project Geode/MasterLegalDatabase/research/local_review/el-paso-ehs-fees-source-qa-2026-09-13/pages/page-0004.png",
          "sha256": "26457f755b350e699002c49fc12be62ba4201c57a7707e04164a152383493301",
          "size_bytes": 559336
        },
        "physical_page": 4
      }
    },
    {
      "context_id": "D4",
      "physical_page": 4,
      "kind": "definition",
      "text": "(4) An observed process, based on HACCP principles developed by the National Advisory Committee on Microbiological Criteria for Food, that is conducted at an establishment, and which formally identifies specific hazards that can adversely affect the safety of a food product and provides control measures to maintain food safety.",
      "applies_to": [
        "R060"
      ],
      "native": {
        "start": 1474,
        "end": 1809,
        "sha256": "7f1ce3e463ddd051177d2a53e14b802019a9721479d942920cd9c52f987a64be",
        "text": "(4) An observed process, based on HACCP principles developed by the National Advisory  \nCommittee on Microbiological Criteria for Food, that is conducted at an establishment, and  \nwhich formally identifies specific hazards that can adversely affect the safety of a food product  \nand provides control measures to maintain food safety.",
        "native_file": {
          "path": "/Users/mcoors/Documents/Project Geode/MasterLegalDatabase/research/local_review/el-paso-ehs-fees-source-qa-2026-09-13/native/page-0004.txt",
          "sha256": "effad2643fd58bff7df4866e12ab6824b99cfb4350c8be3a164d854ddb7e0d80",
          "size_bytes": 3357
        },
        "image": {
          "path": "/Users/mcoors/Documents/Project Geode/MasterLegalDatabase/research/local_review/el-paso-ehs-fees-source-qa-2026-09-13/pages/page-0004.png",
          "sha256": "26457f755b350e699002c49fc12be62ba4201c57a7707e04164a152383493301",
          "size_bytes": 559336
        },
        "physical_page": 4
      }
    },
    {
      "context_id": "OWTSDEF",
      "physical_page": 4,
      "kind": "heading",
      "text": "OWTS:",
      "applies_to": [
        "D5",
        "D6",
        "D7"
      ],
      "native": {
        "start": 1812,
        "end": 1817,
        "sha256": "e941af4bbaf71b1566630fc65e00cfc552bed64790009acd2be11b2c860cabfb",
        "text": "OWTS:",
        "native_file": {
          "path": "/Users/mcoors/Documents/Project Geode/MasterLegalDatabase/research/local_review/el-paso-ehs-fees-source-qa-2026-09-13/native/page-0004.txt",
          "sha256": "effad2643fd58bff7df4866e12ab6824b99cfb4350c8be3a164d854ddb7e0d80",
          "size_bytes": 3357
        },
        "image": {
          "path": "/Users/mcoors/Documents/Project Geode/MasterLegalDatabase/research/local_review/el-paso-ehs-fees-source-qa-2026-09-13/pages/page-0004.png",
          "sha256": "26457f755b350e699002c49fc12be62ba4201c57a7707e04164a152383493301",
          "size_bytes": 559336
        },
        "physical_page": 4
      }
    },
    {
      "context_id": "D5",
      "physical_page": 4,
      "kind": "definition",
      "text": "(5) Repair, alteration, or addition to the soil treatment area (absorption area).",
      "applies_to": [
        "R022"
      ],
      "native": {
        "start": 1819,
        "end": 1900,
        "sha256": "f19ccda0cc212cd5adc313937739eef4ad20f8e445167b4ba223f834444da0ff",
        "text": "(5) Repair, alteration, or addition to the soil treatment area (absorption area).",
        "native_file": {
          "path": "/Users/mcoors/Documents/Project Geode/MasterLegalDatabase/research/local_review/el-paso-ehs-fees-source-qa-2026-09-13/native/page-0004.txt",
          "sha256": "effad2643fd58bff7df4866e12ab6824b99cfb4350c8be3a164d854ddb7e0d80",
          "size_bytes": 3357
        },
        "image": {
          "path": "/Users/mcoors/Documents/Project Geode/MasterLegalDatabase/research/local_review/el-paso-ehs-fees-source-qa-2026-09-13/pages/page-0004.png",
          "sha256": "26457f755b350e699002c49fc12be62ba4201c57a7707e04164a152383493301",
          "size_bytes": 559336
        },
        "physical_page": 4
      }
    },
    {
      "context_id": "D6",
      "physical_page": 4,
      "kind": "definition",
      "text": "(6) Repair or replacement of any portion of the system from the structure to the soil treatment area with the exception of repair or replacement of tank baffles and collapsed lines as depicted in the as-built drawings on file at Public Health.",
      "applies_to": [
        "R023"
      ],
      "native": {
        "start": 1902,
        "end": 2149,
        "sha256": "ac26911cf8b857e38bf63d514547f8b267010a604e080e2f3b8b4047d1025fe1",
        "text": "(6) Repair or replacement of any portion of the system from the structure to the soil treatment  \narea with the exception of repair or replacement of tank baffles and collapsed lines as depicted in  \nthe as-built drawings on file at Public Health.",
        "native_file": {
          "path": "/Users/mcoors/Documents/Project Geode/MasterLegalDatabase/research/local_review/el-paso-ehs-fees-source-qa-2026-09-13/native/page-0004.txt",
          "sha256": "effad2643fd58bff7df4866e12ab6824b99cfb4350c8be3a164d854ddb7e0d80",
          "size_bytes": 3357
        },
        "image": {
          "path": "/Users/mcoors/Documents/Project Geode/MasterLegalDatabase/research/local_review/el-paso-ehs-fees-source-qa-2026-09-13/pages/page-0004.png",
          "sha256": "26457f755b350e699002c49fc12be62ba4201c57a7707e04164a152383493301",
          "size_bytes": 559336
        },
        "physical_page": 4
      }
    },
    {
      "context_id": "D7",
      "physical_page": 4,
      "kind": "definition",
      "text": "(7) Reinspection/Additional Inspection” is defined as an additional revisit, or inspection, of an OWTS by an EHS for purposes of ensuring compliance with installation and regulation standards or requirements. Typically, this occurs when a requested inspection of an installation was not complete, not in compliance, or has outstanding items (such as well/electrical verification) that must be verified to comply with the regulations.",
      "applies_to": [
        "R033"
      ],
      "native": {
        "start": 2152,
        "end": 2595,
        "sha256": "a1fae527236f45a50b12fb4986d157f814ce5d7931f970fc89482679ab7267c1",
        "text": "(7) Reinspection/Additional Inspection” is defined as an additional revisit, or inspection, of an  \nOWTS by an EHS for purposes of ensuring compliance with installation and regulation standards  \nor requirements. Typically, this occurs when a requested inspection of an installation was not  \ncomplete, not in compliance, or has outstanding items (such as well/electrical verification) that  \nmust be verified to comply with the regulations.",
        "native_file": {
          "path": "/Users/mcoors/Documents/Project Geode/MasterLegalDatabase/research/local_review/el-paso-ehs-fees-source-qa-2026-09-13/native/page-0004.txt",
          "sha256": "effad2643fd58bff7df4866e12ab6824b99cfb4350c8be3a164d854ddb7e0d80",
          "size_bytes": 3357
        },
        "image": {
          "path": "/Users/mcoors/Documents/Project Geode/MasterLegalDatabase/research/local_review/el-paso-ehs-fees-source-qa-2026-09-13/pages/page-0004.png",
          "sha256": "26457f755b350e699002c49fc12be62ba4201c57a7707e04164a152383493301",
          "size_bytes": 559336
        },
        "physical_page": 4
      }
    },
    {
      "context_id": "CHILDDEF",
      "physical_page": 4,
      "kind": "heading",
      "text": "Childcare:",
      "applies_to": [
        "CHILD1",
        "CHILD2",
        "CHILD3",
        "CHILD4"
      ],
      "native": {
        "start": 2598,
        "end": 2608,
        "sha256": "035e18069383a46276b908bd96936ecf1e7e632f3cc425ba45f5c35a36681ee9",
        "text": "Childcare:",
        "native_file": {
          "path": "/Users/mcoors/Documents/Project Geode/MasterLegalDatabase/research/local_review/el-paso-ehs-fees-source-qa-2026-09-13/native/page-0004.txt",
          "sha256": "effad2643fd58bff7df4866e12ab6824b99cfb4350c8be3a164d854ddb7e0d80",
          "size_bytes": 3357
        },
        "image": {
          "path": "/Users/mcoors/Documents/Project Geode/MasterLegalDatabase/research/local_review/el-paso-ehs-fees-source-qa-2026-09-13/pages/page-0004.png",
          "sha256": "26457f755b350e699002c49fc12be62ba4201c57a7707e04164a152383493301",
          "size_bytes": 559336
        },
        "physical_page": 4
      }
    },
    {
      "context_id": "CHILD1",
      "physical_page": 4,
      "kind": "definition",
      "text": "Routine inspections are conducted every two years per licensing guidelines for an existing facility.",
      "applies_to": [
        "R014",
        "R015",
        "R016",
        "R017",
        "R018"
      ],
      "native": {
        "start": 2610,
        "end": 2712,
        "sha256": "22b5c40cf863429f5505709f6c1490f7ff41b5aea884bb36dc39a025e0fd946b",
        "text": "Routine inspections are conducted every two years per licensing guidelines for an  \nexisting facility.",
        "native_file": {
          "path": "/Users/mcoors/Documents/Project Geode/MasterLegalDatabase/research/local_review/el-paso-ehs-fees-source-qa-2026-09-13/native/page-0004.txt",
          "sha256": "effad2643fd58bff7df4866e12ab6824b99cfb4350c8be3a164d854ddb7e0d80",
          "size_bytes": 3357
        },
        "image": {
          "path": "/Users/mcoors/Documents/Project Geode/MasterLegalDatabase/research/local_review/el-paso-ehs-fees-source-qa-2026-09-13/pages/page-0004.png",
          "sha256": "26457f755b350e699002c49fc12be62ba4201c57a7707e04164a152383493301",
          "size_bytes": 559336
        },
        "physical_page": 4
      }
    },
    {
      "context_id": "CHILD2",
      "physical_page": 4,
      "kind": "definition",
      "text": "Pre-operational inspections are required per licensing guidelines and are conducted upon request of the owner/operator prior to opening a new facility.",
      "applies_to": [
        "R009",
        "R011"
      ],
      "native": {
        "start": 2715,
        "end": 2868,
        "sha256": "3d197f095681d1cc9559a574eb1808034c9d2a25ef5d492d28940e8ba5aa0714",
        "text": "Pre-operational inspections are required per licensing guidelines and are conducted  \nupon request of the owner/operator prior to opening a new facility.",
        "native_file": {
          "path": "/Users/mcoors/Documents/Project Geode/MasterLegalDatabase/research/local_review/el-paso-ehs-fees-source-qa-2026-09-13/native/page-0004.txt",
          "sha256": "effad2643fd58bff7df4866e12ab6824b99cfb4350c8be3a164d854ddb7e0d80",
          "size_bytes": 3357
        },
        "image": {
          "path": "/Users/mcoors/Documents/Project Geode/MasterLegalDatabase/research/local_review/el-paso-ehs-fees-source-qa-2026-09-13/pages/page-0004.png",
          "sha256": "26457f755b350e699002c49fc12be62ba4201c57a7707e04164a152383493301",
          "size_bytes": 559336
        },
        "physical_page": 4
      }
    },
    {
      "context_id": "CHILD3",
      "physical_page": 4,
      "kind": "definition",
      "text": "Follow-up inspections are conducted at the discretion of Public Health as a follow-up to a routine or pre-operational inspection to assure follow-up and compliance with critical violations and other health hazards identified during a prior routine or pre-operational inspection.",
      "applies_to": [
        "R012"
      ],
      "native": {
        "start": 2871,
        "end": 3155,
        "sha256": "814b3737ae5134fe04c29c6720f40d2f94affa0ec4661d0d9ec02533a085d74c",
        "text": "Follow-up inspections are conducted at the discretion of Public Health as a follow-up  \nto a routine or pre-operational inspection to assure follow-up and compliance with  \ncritical violations and other health hazards identified during a prior routine or  \npre-operational inspection.",
        "native_file": {
          "path": "/Users/mcoors/Documents/Project Geode/MasterLegalDatabase/research/local_review/el-paso-ehs-fees-source-qa-2026-09-13/native/page-0004.txt",
          "sha256": "effad2643fd58bff7df4866e12ab6824b99cfb4350c8be3a164d854ddb7e0d80",
          "size_bytes": 3357
        },
        "image": {
          "path": "/Users/mcoors/Documents/Project Geode/MasterLegalDatabase/research/local_review/el-paso-ehs-fees-source-qa-2026-09-13/pages/page-0004.png",
          "sha256": "26457f755b350e699002c49fc12be62ba4201c57a7707e04164a152383493301",
          "size_bytes": 559336
        },
        "physical_page": 4
      }
    },
    {
      "context_id": "CHILD4",
      "physical_page": 4,
      "kind": "definition",
      "text": "Room change inspections are required per licensing guidelines and are conducted at the request of the facility when room changes are being made.",
      "applies_to": [
        "R013"
      ],
      "native": {
        "start": 3158,
        "end": 3304,
        "sha256": "4754edf6ac9565bb90dc517d51907ce843ae3d9bb82f701c99c5175cdfb2086f",
        "text": "Room change inspections are required per licensing guidelines and are conducted at  \nthe request of the facility when room changes are being made.",
        "native_file": {
          "path": "/Users/mcoors/Documents/Project Geode/MasterLegalDatabase/research/local_review/el-paso-ehs-fees-source-qa-2026-09-13/native/page-0004.txt",
          "sha256": "effad2643fd58bff7df4866e12ab6824b99cfb4350c8be3a164d854ddb7e0d80",
          "size_bytes": 3357
        },
        "image": {
          "path": "/Users/mcoors/Documents/Project Geode/MasterLegalDatabase/research/local_review/el-paso-ehs-fees-source-qa-2026-09-13/pages/page-0004.png",
          "sha256": "26457f755b350e699002c49fc12be62ba4201c57a7707e04164a152383493301",
          "size_bytes": 559336
        },
        "physical_page": 4
      }
    },
    {
      "context_id": "OTHERHEAD",
      "physical_page": 5,
      "kind": "heading",
      "text": "Other Notes:",
      "applies_to": [
        "OTHER1",
        "OTHER2",
        "OTHER3"
      ],
      "native": {
        "start": 56,
        "end": 68,
        "sha256": "82f349b3f2e612edf908b3b3e22b84fb83e638c03294b4870a04386b1e219fe4",
        "text": "Other Notes:",
        "native_file": {
          "path": "/Users/mcoors/Documents/Project Geode/MasterLegalDatabase/research/local_review/el-paso-ehs-fees-source-qa-2026-09-13/native/page-0005.txt",
          "sha256": "76545ff7b87cb137a026dd4e71478bf74867730cdbb3c0efb8b8f5fa9888202c",
          "size_bytes": 390
        },
        "image": {
          "path": "/Users/mcoors/Documents/Project Geode/MasterLegalDatabase/research/local_review/el-paso-ehs-fees-source-qa-2026-09-13/pages/page-0005.png",
          "sha256": "ee1ba0f8ca5c2f7b0d0933e11e021a1792c49392a1a951a61844c4a95ee00001",
          "size_bytes": 101069
        },
        "physical_page": 5
      }
    },
    {
      "context_id": "OTHER1",
      "physical_page": 5,
      "kind": "note",
      "text": "1. All fees are on a per-visit fee basis.",
      "applies_to": [
        "all_fee_rows"
      ],
      "native": {
        "start": 70,
        "end": 112,
        "sha256": "6c26e92d8d4fe08410f7c829bd2b4a0cef75b0e4b767788dd4fd72d2ef99b05c",
        "text": "1.  All fees are on a per-visit fee basis.",
        "native_file": {
          "path": "/Users/mcoors/Documents/Project Geode/MasterLegalDatabase/research/local_review/el-paso-ehs-fees-source-qa-2026-09-13/native/page-0005.txt",
          "sha256": "76545ff7b87cb137a026dd4e71478bf74867730cdbb3c0efb8b8f5fa9888202c",
          "size_bytes": 390
        },
        "image": {
          "path": "/Users/mcoors/Documents/Project Geode/MasterLegalDatabase/research/local_review/el-paso-ehs-fees-source-qa-2026-09-13/pages/page-0005.png",
          "sha256": "ee1ba0f8ca5c2f7b0d0933e11e021a1792c49392a1a951a61844c4a95ee00001",
          "size_bytes": 101069
        },
        "physical_page": 5
      }
    },
    {
      "context_id": "OTHER2",
      "physical_page": 5,
      "kind": "note",
      "text": "2. No fees will be assessed for complaint investigations or communicable disease investigation visits.",
      "applies_to": [
        "all_fee_rows"
      ],
      "native": {
        "start": 114,
        "end": 218,
        "sha256": "17c09a7c13c0086d151a1ebb432348e3510b635ea465dbd5041db86168025107",
        "text": "2.  No fees will be assessed for complaint investigations or communicable \ndisease investigation visits.",
        "native_file": {
          "path": "/Users/mcoors/Documents/Project Geode/MasterLegalDatabase/research/local_review/el-paso-ehs-fees-source-qa-2026-09-13/native/page-0005.txt",
          "sha256": "76545ff7b87cb137a026dd4e71478bf74867730cdbb3c0efb8b8f5fa9888202c",
          "size_bytes": 390
        },
        "image": {
          "path": "/Users/mcoors/Documents/Project Geode/MasterLegalDatabase/research/local_review/el-paso-ehs-fees-source-qa-2026-09-13/pages/page-0005.png",
          "sha256": "ee1ba0f8ca5c2f7b0d0933e11e021a1792c49392a1a951a61844c4a95ee00001",
          "size_bytes": 101069
        },
        "physical_page": 5
      }
    },
    {
      "context_id": "OTHER3",
      "physical_page": 5,
      "kind": "note",
      "text": "3. Public Health may require payment at the time of service and may send outstanding account balances to collection.",
      "applies_to": [
        "all_fee_rows"
      ],
      "native": {
        "start": 220,
        "end": 338,
        "sha256": "5d7078e7e5e6f9263fa99e4f978c692f4acaf20bfe84d0c8d4fa977413d6623a",
        "text": "3.  Public Health may require payment at the time of service and may send \noutstanding account balances to collection.",
        "native_file": {
          "path": "/Users/mcoors/Documents/Project Geode/MasterLegalDatabase/research/local_review/el-paso-ehs-fees-source-qa-2026-09-13/native/page-0005.txt",
          "sha256": "76545ff7b87cb137a026dd4e71478bf74867730cdbb3c0efb8b8f5fa9888202c",
          "size_bytes": 390
        },
        "image": {
          "path": "/Users/mcoors/Documents/Project Geode/MasterLegalDatabase/research/local_review/el-paso-ehs-fees-source-qa-2026-09-13/pages/page-0005.png",
          "sha256": "ee1ba0f8ca5c2f7b0d0933e11e021a1792c49392a1a951a61844c4a95ee00001",
          "size_bytes": 101069
        },
        "physical_page": 5
      }
    }
  ],
  "matched_context_ids": [],
  "observations": [
    "R032: first-pass Review-Additional joined a visual line wrap. Final display retains the whitespace-normalized native Review- Additional; exact original cell is preserved.",
    "R045: first-pass Inspections – Year-Round inserted a space after the en dash. Native/source cell reads Inspections –Year-Round; final display preserves that spacing.",
    "R057 and R058: first-pass slashes were explicit packaging between stacked event amounts. Final fee strings use source line breaks; no slash is attributed to the PDF.",
    "COLS: first-pass Service | Fee was column packaging. Final context uses a line break and the complete two-cell grid separately retains the source column relationship.",
    "R019: removed the first-pass implicit link to Routine inspections because the row label says Residential / Day Treatment Inspection without Routine. The complete Childcare definitions remain in context; no inspection-type inference is made.",
    "All five physical pages were read visually before native access; this is an Atlas source-first review, not a blind independent human review or authenticated event log.",
    "Original source text and all 8060 native UTF-8 bytes are unchanged. Whitespace is normalized in display fields; exact page and cell text is separately retained.",
    "Seven named service groups contain 65 service/fee rows. One fee cell cites a statute rather than a dollar amount; no amount is supplied for that reference.",
    "The asterisk attaches Includes one reinspection to OWTS New Permit. Numbered definitions (1)–(7) retain their explicit row references and all exception wording.",
    "All fees are on a per-visit fee basis is preserved alongside explicit two-year, six-month, hourly, per-person and year-specific cells. No precedence is inferred.",
    "Failure-to-pay paragraph B preserves except as otherwise provided by Section 2; this five-page source does not resolve that reference.",
    "The closing quotation mark after Inspection in definition (7), 2024/2025 amounts, missing for in $298.00 1 Event, and unequal numeric formatting are preserved.",
    "Approval October 25, 2023 and effective January 1, 2024 are printed source claims, not independently verified enactment, complete amendment chain or current law.",
    "The separate Spanish source was not opened; translation equivalence is not reviewed.",
    "Canonical record preserves received-review-package custody. Claimed original HTTP acquisition and Sherlock batch-cap failures are not cured by this source-text review."
  ],
  "boundary": "Source-only English El Paso County Board of Health schedule: 65 rows in seven groups. All source context, definitions, civil-penalty exceptions and notes accompany each result. No current-law, applicability, arithmetic or adoption claim is made. No match does not establish free, exempt or unregulated activity. Spanish translation equivalence was not reviewed. Source approval/effective dates and 2024/2025 fee cells remain printed claims.",
  "legal_currentness": "not_verified",
  "answer_safe": false,
  "adoption_date": null,
  "effective_date": null,
  "translation_equivalence": "not_reviewed"
}
