{
  "generated_at": "2026-09-13T17:45:07.464710Z",
  "selection": {
    "path": "config/manual_source_watch_greeley_fees_v1.json",
    "sha256": "27299effdbee8f4e116da2b0b8b0495346c4007a9f56a7e37341f0756292d374",
    "size_bytes": 26815
  },
  "manual_manifest": {
    "path": "_RAW_ARCHIVE/manual_intake/manual_source_intake_manifest.jsonl",
    "sha256": "d32afb35ca30d113e786ba98768dace04c8e4d433322355a14ab35d7a3810537",
    "size_bytes": 155913
  },
  "manual_pdf_records": 70,
  "locally_hash_verified_pdf_originals": 70,
  "unavailable_or_mismatch": [],
  "configured_sources": 2,
  "configured_source_ids": [
    "greeley-building-fees-sd008-06",
    "greeley-development-impact-fee-memo-sd008-07"
  ],
  "unselected_manual_pdf_records": 68,
  "batch_id": "greeley-fees-v1",
  "existing_other_batch_sources": 4,
  "prior_watch_execution": "not_asserted",
  "recurring_deployment": "not_deployed_by_this_feature",
  "existing_collectors": "Register, CCR and county collectors unchanged by this feature",
  "fixed_urls_find_new_editions_elsewhere": false,
  "legal_currentness": "not_verified"
}
