{
  "generated_at": "2026-09-13T17:45:05.637439Z",
  "selection": {
    "path": "config/manual_source_watch.json",
    "sha256": "91b4c46f7121de66d70b353405900f9d1ed3a3247718a9471ad2f1a9afa6dabb",
    "size_bytes": 6483
  },
  "manual_manifest": {
    "path": "_RAW_ARCHIVE/manual_intake/manual_source_intake_manifest.jsonl",
    "sha256": "d32afb35ca30d113e786ba98768dace04c8e4d433322355a14ab35d7a3810537",
    "size_bytes": 155913
  },
  "manual_pdf_records": 70,
  "locally_hash_verified_pdf_originals": 70,
  "unavailable_or_mismatch": [],
  "configured_sources": 2,
  "configured_source_ids": [
    "colorado-springs-code-services-fees-2015-atlas-directed",
    "colorado-springs-construction-fees-atlas-directed"
  ],
  "unselected_manual_pdf_records": 68,
  "accepted_prior_finite_live_source_checks": 2,
  "prior_live_checked_at": "2026-09-13T00:06:01.287236Z",
  "recurring_deployment": "not_deployed_by_this_feature",
  "existing_collectors": "Register, CCR and county collectors unchanged by this feature",
  "fixed_urls_find_new_editions_elsewhere": false,
  "legal_currentness": "not_verified"
}
