{
  "generated_at": "2026-09-13T17:33:17.520690Z",
  "selection": {
    "path": "config/manual_source_watch_western_fees_v1.json",
    "sha256": "163f9ac6099a1e2e764bba5daa5bc2825bf3ae93108a6905312a67c0a0ace113",
    "size_bytes": 25196
  },
  "manual_manifest": {
    "path": "_RAW_ARCHIVE/manual_intake/manual_source_intake_manifest.jsonl",
    "sha256": "d32afb35ca30d113e786ba98768dace04c8e4d433322355a14ab35d7a3810537",
    "size_bytes": 155913
  },
  "manual_pdf_records": 70,
  "locally_hash_verified_pdf_originals": 8,
  "unavailable_or_mismatch": [
    {
      "record_id": "larimer-land-use-code-sd004-01",
      "status": "unavailable_or_mismatch",
      "reason": "ValueError"
    },
    {
      "record_id": "larimer-building-amendments-sd004-02",
      "status": "unavailable_or_mismatch",
      "reason": "ValueError"
    },
    {
      "record_id": "larimer-wildfire-code-sd004-03",
      "status": "unavailable_or_mismatch",
      "reason": "ValueError"
    },
    {
      "record_id": "larimer-data-center-moratorium-sd004-04",
      "status": "unavailable_or_mismatch",
      "reason": "ValueError"
    },
    {
      "record_id": "larimer-owts-regulations-sd004-05",
      "status": "unavailable_or_mismatch",
      "reason": "ValueError"
    },
    {
      "record_id": "larimer-building-fees-sd004-06",
      "status": "unavailable_or_mismatch",
      "reason": "ValueError"
    },
    {
      "record_id": "larimer-development-review-fees-sd004-07",
      "status": "unavailable_or_mismatch",
      "reason": "ValueError"
    },
    {
      "record_id": "larimer-rural-road-standards-sd004-08",
      "status": "unavailable_or_mismatch",
      "reason": "ValueError"
    },
    {
      "record_id": "larimer-comprehensive-plan-volume-1-sd004-09",
      "status": "unavailable_or_mismatch",
      "reason": "ValueError"
    },
    {
      "record_id": "larimer-fee-increase-memo-sd004-lc-09",
      "status": "unavailable_or_mismatch",
      "reason": "ValueError"
    },
    {
      "record_id": "larimer-governing-policies-sd004-lc-14",
      "status": "unavailable_or_mismatch",
      "reason": "ValueError"
    },
    {
      "record_id": "fort-collins-ibc-amendments-sd005-02",
      "status": "unavailable_or_mismatch",
      "reason": "ValueError"
    },
    {
      "record_id": "fort-collins-irc-amendments-sd005-03",
      "status": "unavailable_or_mismatch",
      "reason": "ValueError"
    },
    {
      "record_id": "fort-collins-iecc-amendments-sd005-04",
      "status": "unavailable_or_mismatch",
      "reason": "ValueError"
    },
    {
      "record_id": "fort-collins-imc-amendments-sd005-event-08",
      "status": "unavailable_or_mismatch",
      "reason": "ValueError"
    },
    {
      "record_id": "fort-collins-wildfire-code-sd005-05",
      "status": "unavailable_or_mismatch",
      "reason": "ValueError"
    },
    {
      "record_id": "fort-collins-land-use-article-1-sd005-07",
      "status": "unavailable_or_mismatch",
      "reason": "ValueError"
    },
    {
      "record_id": "fort-collins-land-use-article-2-sd005-08",
      "status": "unavailable_or_mismatch",
      "reason": "ValueError"
    },
    {
      "record_id": "fort-collins-land-use-article-3-sd005-event-12",
      "status": "unavailable_or_mismatch",
      "reason": "ValueError"
    },
    {
      "record_id": "fort-collins-land-use-article-4-sd005-event-13",
      "status": "unavailable_or_mismatch",
      "reason": "ValueError"
    },
    {
      "record_id": "fort-collins-land-use-article-5-sd005-event-14",
      "status": "unavailable_or_mismatch",
      "reason": "ValueError"
    },
    {
      "record_id": "fort-collins-ifgc-amendments-sd005-event-19",
      "status": "unavailable_or_mismatch",
      "reason": "ValueError"
    },
    {
      "record_id": "fort-collins-ipc-amendments-sd005-event-20",
      "status": "unavailable_or_mismatch",
      "reason": "ValueError"
    },
    {
      "record_id": "fort-collins-ispsc-amendments-sd005-event-21",
      "status": "unavailable_or_mismatch",
      "reason": "ValueError"
    },
    {
      "record_id": "fort-collins-iebc-amendments-sd005-event-22",
      "status": "unavailable_or_mismatch",
      "reason": "ValueError"
    },
    {
      "record_id": "fort-collins-ipmc-amendments-sd005-event-23",
      "status": "unavailable_or_mismatch",
      "reason": "ValueError"
    },
    {
      "record_id": "fort-collins-land-use-article-6-sd005-event-24",
      "status": "unavailable_or_mismatch",
      "reason": "ValueError"
    },
    {
      "record_id": "fort-collins-land-use-article-7-sd005-event-26",
      "status": "unavailable_or_mismatch",
      "reason": "ValueError"
    },
    {
      "record_id": "fort-collins-meeting-packet-9909c320-sd005-09",
      "status": "unavailable_or_mismatch",
      "reason": "ValueError"
    },
    {
      "record_id": "fort-collins-meeting-packet-98ce54e6-sd005-11",
      "status": "unavailable_or_mismatch",
      "reason": "ValueError"
    },
    {
      "record_id": "larimer-equity-fee-memo-sd007-05",
      "status": "unavailable_or_mismatch",
      "reason": "ValueError"
    },
    {
      "record_id": "larimer-equity-fee-resolution-sd007-04",
      "status": "unavailable_or_mismatch",
      "reason": "ValueError"
    },
    {
      "record_id": "larimer-february-meeting-packet-sd007-08",
      "status": "unavailable_or_mismatch",
      "reason": "ValueError"
    },
    {
      "record_id": "weld-building-fees-sd008-01",
      "status": "unavailable_or_mismatch",
      "reason": "ValueError"
    },
    {
      "record_id": "greeley-water-sewer-proposed-pif-notice-sd008-08",
      "status": "unavailable_or_mismatch",
      "reason": "ValueError"
    },
    {
      "record_id": "weld-ordinance-26-01-atlas-directed",
      "status": "unavailable_or_mismatch",
      "reason": "ValueError"
    },
    {
      "record_id": "mesa-land-development-code-atlas-directed",
      "status": "unavailable_or_mismatch",
      "reason": "ValueError"
    },
    {
      "record_id": "grand-junction-ifc-ordinance-5269-atlas-directed",
      "status": "unavailable_or_mismatch",
      "reason": "ValueError"
    },
    {
      "record_id": "grand-junction-ordinance-5340-atlas-directed",
      "status": "unavailable_or_mismatch",
      "reason": "ValueError"
    },
    {
      "record_id": "mesa-planning-fees-2017-2018-atlas-directed",
      "status": "unavailable_or_mismatch",
      "reason": "ValueError"
    },
    {
      "record_id": "el-paso-planning-fees-sd011",
      "status": "unavailable_or_mismatch",
      "reason": "ValueError"
    },
    {
      "record_id": "el-paso-boh-ehs-fees-sd011",
      "status": "unavailable_or_mismatch",
      "reason": "ValueError"
    },
    {
      "record_id": "el-paso-ordinance-26-01-sd011",
      "status": "unavailable_or_mismatch",
      "reason": "ValueError"
    },
    {
      "record_id": "el-paso-ldc-wildfire-appendix-e-sd011",
      "status": "unavailable_or_mismatch",
      "reason": "ValueError"
    },
    {
      "record_id": "el-paso-open-burning-22-001-sd011",
      "status": "unavailable_or_mismatch",
      "reason": "ValueError"
    },
    {
      "record_id": "el-paso-ldc-chapter-1-sd011",
      "status": "unavailable_or_mismatch",
      "reason": "ValueError"
    },
    {
      "record_id": "el-paso-ldc-chapter-2-sd011",
      "status": "unavailable_or_mismatch",
      "reason": "ValueError"
    },
    {
      "record_id": "el-paso-ldc-chapter-5-sd011",
      "status": "unavailable_or_mismatch",
      "reason": "ValueError"
    },
    {
      "record_id": "el-paso-unsafe-buildings-18-03-sd011",
      "status": "unavailable_or_mismatch",
      "reason": "ValueError"
    },
    {
      "record_id": "el-paso-boh-admin-regulations-sd011",
      "status": "unavailable_or_mismatch",
      "reason": "ValueError"
    },
    {
      "record_id": "el-paso-boh-bylaws-sd011",
      "status": "unavailable_or_mismatch",
      "reason": "ValueError"
    },
    {
      "record_id": "el-paso-boh-bylaws-spanish-sd011",
      "status": "unavailable_or_mismatch",
      "reason": "ValueError"
    },
    {
      "record_id": "el-paso-boh-ehs-fees-spanish-sd011",
      "status": "unavailable_or_mismatch",
      "reason": "ValueError"
    },
    {
      "record_id": "douglas-ehs-fees-atlas-directed",
      "status": "unavailable_or_mismatch",
      "reason": "ValueError"
    },
    {
      "record_id": "pueblo-planning-fees-atlas-directed",
      "status": "unavailable_or_mismatch",
      "reason": "ValueError"
    },
    {
      "record_id": "pueblo-county-planning-fees-sh-ext-002",
      "status": "unavailable_or_mismatch",
      "reason": "ValueError"
    },
    {
      "record_id": "gunnison-building-fees-resolution-2025-24-sh-ext-003",
      "status": "unavailable_or_mismatch",
      "reason": "ValueError"
    },
    {
      "record_id": "gunnison-building-code-resolution-2023-22-sh-ext-003",
      "status": "unavailable_or_mismatch",
      "reason": "ValueError"
    },
    {
      "record_id": "gunnison-iwuic-resolution-2022-33-sh-ext-003",
      "status": "unavailable_or_mismatch",
      "reason": "ValueError"
    },
    {
      "record_id": "chaffee-cwrc-ordinance-2026-02-atlas-directed",
      "status": "unavailable_or_mismatch",
      "reason": "ValueError"
    },
    {
      "record_id": "chaffee-electric-ordinance-2026-01-atlas-directed",
      "status": "unavailable_or_mismatch",
      "reason": "ValueError"
    },
    {
      "record_id": "chaffee-planning-application-fees-atlas-directed",
      "status": "unavailable_or_mismatch",
      "reason": "ValueError"
    }
  ],
  "configured_sources": 2,
  "configured_source_ids": [
    "grand-junction-fire-fees-atlas-directed",
    "mesa-building-fees-exhibit-a-atlas-directed"
  ],
  "unselected_manual_pdf_records": 68,
  "batch_id": "western-fees-v1",
  "existing_other_batch_sources": 4,
  "prior_watch_execution": "not_asserted",
  "recurring_deployment": "not_deployed_by_this_feature",
  "existing_collectors": "Register, CCR and county collectors unchanged by this feature",
  "fixed_urls_find_new_editions_elsewhere": false,
  "legal_currentness": "not_verified"
}
