EHS-01 PASS
EHS-02 PASS
EHS-03 PASS
EHS-04 PASS
EHS-05 PASS
EHS-06 PASS
EHS-07 ['Status differs', 'Missing directly matched context']
EHS-08 PASS
EHS-09 PASS
EHS-10 PASS
EHS-11 PASS
EHS-12 PASS
EHS-13 PASS
EHS-14 PASS
EHS-15 PASS
EHS-16 PASS
EHS-17 PASS
EHS-18 PASS
EHS-19 PASS
EHS-20 PASS
EHS-21 PASS
EHS-22 PASS
EHS-23 PASS
EHS-24 PASS
EHS-25 PASS
compat grand-junction-fire-fees-atlas-directed json same
compat grand-junction-fire-fees-atlas-directed markdown same
compat greeley-building-fees-sd008-06 json same
compat greeley-building-fees-sd008-06 markdown same
compat weld-ehs-fees-2026-atlas-directed json same
compat weld-ehs-fees-2026-atlas-directed markdown same
compat greeley-development-impact-fee-memo-sd008-07 json same
compat greeley-development-impact-fee-memo-sd008-07 markdown same
compat greeley-water-sewer-proposed-pif-notice-sd008-08 json same
compat greeley-water-sewer-proposed-pif-notice-sd008-08 markdown same
compat colorado-springs-construction-fees-atlas-directed json same
compat colorado-springs-construction-fees-atlas-directed markdown same
receipt f1c713131e05bfc8d0fc90d6fa22f456e5723d476dde19861365659681dc1ffe status issues draft_unchanged True
