{
  "recorded_at": "2026-09-13T00:53:11.381687+00:00",
  "tested_script_sha256": "3aeba887caf30e34b5041f8d85caff0a43e7e1f7c8f3e9f17221312f559f8fcf",
  "baseline_definition_changes": [
    "lookup",
    "render_markdown"
  ],
  "changes_from_first_tested_draft": [
    "_lookup_ehs"
  ],
  "checks": [
    {
      "query": "211",
      "expected_status": "no_matching_row",
      "expected_rows": [],
      "passed": true,
      "event": {
        "id": "BOUNDARY-1",
        "command": [
          "/private/tmp/geode-status-venv/bin/python",
          "-I",
          "-B",
          "/private/tmp/el-paso-ehs-lookup-independent-execution/citation-fix-recheck/tested-research-source-lookup.py",
          "--root",
          "/Users/mcoors/Documents/Project Geode/MasterLegalDatabase",
          "--source-id",
          "el-paso-boh-ehs-fees-sd011",
          "--query",
          "211",
          "--format",
          "json"
        ],
        "started_at": "2026-09-13T00:53:05.571019+00:00",
        "finished_at": "2026-09-13T00:53:06.719627+00:00",
        "exit_code": 0,
        "stdout_file": "outputs/BOUNDARY-1.stdout",
        "stdout_sha256": "7aa572765bedf5c6d22c5d512d0ca99bbc03803af69bdf117725d5151f6a5c06",
        "stderr_file": "outputs/BOUNDARY-1.stderr",
        "stderr_sha256": "e3b0c44298fc1c149afbf4c8996fb92427ae41e4649b934ca495991b7852b855",
        "errors": []
      }
    },
    {
      "query": "211.5",
      "expected_status": "no_matching_row",
      "expected_rows": [],
      "passed": true,
      "event": {
        "id": "BOUNDARY-2",
        "command": [
          "/private/tmp/geode-status-venv/bin/python",
          "-I",
          "-B",
          "/private/tmp/el-paso-ehs-lookup-independent-execution/citation-fix-recheck/tested-research-source-lookup.py",
          "--root",
          "/Users/mcoors/Documents/Project Geode/MasterLegalDatabase",
          "--source-id",
          "el-paso-boh-ehs-fees-sd011",
          "--query",
          "211.5",
          "--format",
          "json"
        ],
        "started_at": "2026-09-13T00:53:06.723252+00:00",
        "finished_at": "2026-09-13T00:53:07.887544+00:00",
        "exit_code": 0,
        "stdout_file": "outputs/BOUNDARY-2.stdout",
        "stdout_sha256": "e330fc2b2e57ad9857e8304b47daf60be45230620de9d71ab57cc37eb7b74efb",
        "stderr_file": "outputs/BOUNDARY-2.stderr",
        "stderr_sha256": "e3b0c44298fc1c149afbf4c8996fb92427ae41e4649b934ca495991b7852b855",
        "errors": []
      }
    },
    {
      "query": "Section 25-4",
      "expected_status": "no_matching_row",
      "expected_rows": [],
      "passed": true,
      "event": {
        "id": "BOUNDARY-3",
        "command": [
          "/private/tmp/geode-status-venv/bin/python",
          "-I",
          "-B",
          "/private/tmp/el-paso-ehs-lookup-independent-execution/citation-fix-recheck/tested-research-source-lookup.py",
          "--root",
          "/Users/mcoors/Documents/Project Geode/MasterLegalDatabase",
          "--source-id",
          "el-paso-boh-ehs-fees-sd011",
          "--query",
          "Section 25-4",
          "--format",
          "json"
        ],
        "started_at": "2026-09-13T00:53:07.891153+00:00",
        "finished_at": "2026-09-13T00:53:09.074369+00:00",
        "exit_code": 0,
        "stdout_file": "outputs/BOUNDARY-3.stdout",
        "stdout_sha256": "3ef1131621bfbd5c3e1cd800e176ceb40a80dc7812afec4b0dc612f395210e8e",
        "stderr_file": "outputs/BOUNDARY-3.stderr",
        "stderr_sha256": "e3b0c44298fc1c149afbf4c8996fb92427ae41e4649b934ca495991b7852b855",
        "errors": []
      }
    },
    {
      "query": "Section 25-4-1607",
      "expected_status": "matched",
      "expected_rows": [
        "R056"
      ],
      "passed": true,
      "event": {
        "id": "BOUNDARY-4",
        "command": [
          "/private/tmp/geode-status-venv/bin/python",
          "-I",
          "-B",
          "/private/tmp/el-paso-ehs-lookup-independent-execution/citation-fix-recheck/tested-research-source-lookup.py",
          "--root",
          "/Users/mcoors/Documents/Project Geode/MasterLegalDatabase",
          "--source-id",
          "el-paso-boh-ehs-fees-sd011",
          "--query",
          "Section 25-4-1607",
          "--format",
          "json"
        ],
        "started_at": "2026-09-13T00:53:09.076726+00:00",
        "finished_at": "2026-09-13T00:53:10.105612+00:00",
        "exit_code": 0,
        "stdout_file": "outputs/BOUNDARY-4.stdout",
        "stdout_sha256": "129e793fd997efa7084c1011a749e3943b71945d08f5914d94541ceba9bac779",
        "stderr_file": "outputs/BOUNDARY-4.stderr",
        "stderr_sha256": "e3b0c44298fc1c149afbf4c8996fb92427ae41e4649b934ca495991b7852b855",
        "errors": []
      }
    },
    {
      "query": "Section 2.1",
      "expected_status": "no_matching_row",
      "expected_rows": [],
      "passed": true,
      "event": {
        "id": "BOUNDARY-5",
        "command": [
          "/private/tmp/geode-status-venv/bin/python",
          "-I",
          "-B",
          "/private/tmp/el-paso-ehs-lookup-independent-execution/citation-fix-recheck/tested-research-source-lookup.py",
          "--root",
          "/Users/mcoors/Documents/Project Geode/MasterLegalDatabase",
          "--source-id",
          "el-paso-boh-ehs-fees-sd011",
          "--query",
          "Section 2.1",
          "--format",
          "json"
        ],
        "started_at": "2026-09-13T00:53:10.109759+00:00",
        "finished_at": "2026-09-13T00:53:11.312959+00:00",
        "exit_code": 0,
        "stdout_file": "outputs/BOUNDARY-5.stdout",
        "stdout_sha256": "c1aa60065f5d5585992ced90fc0a0cf14202b8e2b4567be543df618cc898147b",
        "stderr_file": "outputs/BOUNDARY-5.stderr",
        "stderr_sha256": "e3b0c44298fc1c149afbf4c8996fb92427ae41e4649b934ca495991b7852b855",
        "errors": []
      }
    }
  ],
  "public_requests": 0
}
