{
  "status": "matched",
  "source_id": "grand-junction-fire-fees-atlas-directed",
  "authority_id": "CO-MUNICIPAL-GRAND_JUNCTION",
  "query": null,
  "evidence_verified": true,
  "source": {
    "canonical_source_id": "grand-junction-fire-fees-atlas-directed",
    "review_source_id": "grand-junction-fire-fees-mg-07",
    "authority_id": "CO-MUNICIPAL-GRAND_JUNCTION",
    "source_url": "https://www.gjcity.org/DocumentCenter/View/15794/Fire-Prevention-Fee-Schedule",
    "pdf_sha256": "1f7faf078188c26fa803e4ec6225d20caad2fcce48f69d2d2ae9563c96732884",
    "review_sha256": "8069accad238166936f6ee519eb8cc35dc9a62ceb252597ea21a4ebc5efc520a",
    "manifest_sha256": "ae22dfaabb6a0793f0e16849dacf5ead0b90e00d01d67c5ceebfb614072cc02f",
    "verifier_sha256": "9db445db05a1eb6810a649c14319f9451aff601b22722fe3fcaebbdaad565eea",
    "pdf_path": "/Users/mcoors/Documents/Project Geode/MasterLegalDatabase/research/local_review/grand-junction-fire-fees-atlas-source-review-2026-09-11/original.pdf",
    "review_path": "/Users/mcoors/Documents/Project Geode/MasterLegalDatabase/research/local_review/grand-junction-fire-fees-atlas-source-review-2026-09-11/SOURCE_QA.json",
    "reviewed_at": "2026-09-11T20:18:35.827031Z",
    "source_retrieved_at": "2026-09-11T20:06:17.536965Z"
  },
  "rows": [
    {
      "row_id": "GJF-R001",
      "physical_page": 1,
      "group": "New Building Review Fee\n",
      "label": "1-5,000 square feet\n",
      "fee": "$150 ﬂat fee/ $50 each inspection\n",
      "group_basis": "visible_preceding_heading",
      "group_binding": {
        "id": "P1-L076",
        "physical_page": 1,
        "native_path": "/Users/mcoors/Documents/Project Geode/MasterLegalDatabase/research/local_review/grand-junction-fire-fees-atlas-source-review-2026-09-11/page-1.native.txt",
        "start": 2107,
        "end": 2131,
        "sha256": "2f43c263eab5a3afa50ae2cd5369cccbfae49f14a7e9a0ceb4c75152182210ef"
      },
      "label_binding": {
        "id": "P1-L001",
        "physical_page": 1,
        "native_path": "/Users/mcoors/Documents/Project Geode/MasterLegalDatabase/research/local_review/grand-junction-fire-fees-atlas-source-review-2026-09-11/page-1.native.txt",
        "start": 0,
        "end": 20,
        "sha256": "198ef93f31b9bb58d2cc48d04f5b19853155fdaa4cd801321d3c5f26ffb550fc"
      },
      "fee_binding": {
        "id": "P1-L002",
        "physical_page": 1,
        "native_path": "/Users/mcoors/Documents/Project Geode/MasterLegalDatabase/research/local_review/grand-junction-fire-fees-atlas-source-review-2026-09-11/page-1.native.txt",
        "start": 20,
        "end": 56,
        "sha256": "2d7174cf5cab2e2d4c4fba95488219e75e8b34d92071dc1bac37a17f0b009451"
      },
      "page_image_path": "/Users/mcoors/Documents/Project Geode/MasterLegalDatabase/research/local_review/grand-junction-fire-fees-atlas-source-review-2026-09-11/page-1.png"
    },
    {
      "row_id": "GJF-R002",
      "physical_page": 1,
      "group": "New Building Review Fee\n",
      "label": "> 5,000 square feet\n",
      "fee": "$150 plus $.04 per sq. ft. >5,000/$50 each inspection\n",
      "group_basis": "visible_preceding_heading",
      "group_binding": {
        "id": "P1-L076",
        "physical_page": 1,
        "native_path": "/Users/mcoors/Documents/Project Geode/MasterLegalDatabase/research/local_review/grand-junction-fire-fees-atlas-source-review-2026-09-11/page-1.native.txt",
        "start": 2107,
        "end": 2131,
        "sha256": "2f43c263eab5a3afa50ae2cd5369cccbfae49f14a7e9a0ceb4c75152182210ef"
      },
      "label_binding": {
        "id": "P1-L003",
        "physical_page": 1,
        "native_path": "/Users/mcoors/Documents/Project Geode/MasterLegalDatabase/research/local_review/grand-junction-fire-fees-atlas-source-review-2026-09-11/page-1.native.txt",
        "start": 56,
        "end": 76,
        "sha256": "fb4b872dca8b797785d4b14b5de564d6187e475989f2d13a3805862640ede36f"
      },
      "fee_binding": {
        "id": "P1-L004",
        "physical_page": 1,
        "native_path": "/Users/mcoors/Documents/Project Geode/MasterLegalDatabase/research/local_review/grand-junction-fire-fees-atlas-source-review-2026-09-11/page-1.native.txt",
        "start": 76,
        "end": 130,
        "sha256": "d15691a423bef089b28fe35222ce02b070d0cf8ce2ad1b6014d85cf3a889981e"
      },
      "page_image_path": "/Users/mcoors/Documents/Project Geode/MasterLegalDatabase/research/local_review/grand-junction-fire-fees-atlas-source-review-2026-09-11/page-1.png"
    },
    {
      "row_id": "GJF-R003",
      "physical_page": 1,
      "group": "Tenant Finish Plan Review Fee\n",
      "label": "1-200 square feet\n",
      "fee": "$25 ﬂat fee (includes inspections)\n",
      "group_basis": "visible_preceding_heading",
      "group_binding": {
        "id": "P1-L075",
        "physical_page": 1,
        "native_path": "/Users/mcoors/Documents/Project Geode/MasterLegalDatabase/research/local_review/grand-junction-fire-fees-atlas-source-review-2026-09-11/page-1.native.txt",
        "start": 2077,
        "end": 2107,
        "sha256": "ea59acb7d9048d5aa1ae94cdda9230fd17b2d3eecf470341d40f9f02ee431ae9"
      },
      "label_binding": {
        "id": "P1-L005",
        "physical_page": 1,
        "native_path": "/Users/mcoors/Documents/Project Geode/MasterLegalDatabase/research/local_review/grand-junction-fire-fees-atlas-source-review-2026-09-11/page-1.native.txt",
        "start": 130,
        "end": 148,
        "sha256": "8036bf0345f8c630c47ee6e1b35c7189a7d4bd4997c6bf2ecfa9f41b3971d5a9"
      },
      "fee_binding": {
        "id": "P1-L006",
        "physical_page": 1,
        "native_path": "/Users/mcoors/Documents/Project Geode/MasterLegalDatabase/research/local_review/grand-junction-fire-fees-atlas-source-review-2026-09-11/page-1.native.txt",
        "start": 148,
        "end": 185,
        "sha256": "8fb7cef6a062624ba52c4449c8c21a8b15cf874f56000377581d3bcced571df4"
      },
      "page_image_path": "/Users/mcoors/Documents/Project Geode/MasterLegalDatabase/research/local_review/grand-junction-fire-fees-atlas-source-review-2026-09-11/page-1.png"
    },
    {
      "row_id": "GJF-R004",
      "physical_page": 1,
      "group": "Tenant Finish Plan Review Fee\n",
      "label": "201-500 square feet\n",
      "fee": "$50 ﬂat fee/ $50 each inspection\n",
      "group_basis": "visible_preceding_heading",
      "group_binding": {
        "id": "P1-L075",
        "physical_page": 1,
        "native_path": "/Users/mcoors/Documents/Project Geode/MasterLegalDatabase/research/local_review/grand-junction-fire-fees-atlas-source-review-2026-09-11/page-1.native.txt",
        "start": 2077,
        "end": 2107,
        "sha256": "ea59acb7d9048d5aa1ae94cdda9230fd17b2d3eecf470341d40f9f02ee431ae9"
      },
      "label_binding": {
        "id": "P1-L007",
        "physical_page": 1,
        "native_path": "/Users/mcoors/Documents/Project Geode/MasterLegalDatabase/research/local_review/grand-junction-fire-fees-atlas-source-review-2026-09-11/page-1.native.txt",
        "start": 185,
        "end": 205,
        "sha256": "dae44d92f5d4bfd7dbb9c12559cd29765d481b6d1999d6bfd5b7941c596df46e"
      },
      "fee_binding": {
        "id": "P1-L008",
        "physical_page": 1,
        "native_path": "/Users/mcoors/Documents/Project Geode/MasterLegalDatabase/research/local_review/grand-junction-fire-fees-atlas-source-review-2026-09-11/page-1.native.txt",
        "start": 205,
        "end": 240,
        "sha256": "d9b8cdced12627bb00123f1f9307ae37d8b4676cbe13918549dd027644fcb161"
      },
      "page_image_path": "/Users/mcoors/Documents/Project Geode/MasterLegalDatabase/research/local_review/grand-junction-fire-fees-atlas-source-review-2026-09-11/page-1.png"
    },
    {
      "row_id": "GJF-R005",
      "physical_page": 1,
      "group": "Tenant Finish Plan Review Fee\n",
      "label": "501-5,000 square feet\n",
      "fee": "$100 ﬂat fee/ $50 each inspection\n",
      "group_basis": "visible_preceding_heading",
      "group_binding": {
        "id": "P1-L075",
        "physical_page": 1,
        "native_path": "/Users/mcoors/Documents/Project Geode/MasterLegalDatabase/research/local_review/grand-junction-fire-fees-atlas-source-review-2026-09-11/page-1.native.txt",
        "start": 2077,
        "end": 2107,
        "sha256": "ea59acb7d9048d5aa1ae94cdda9230fd17b2d3eecf470341d40f9f02ee431ae9"
      },
      "label_binding": {
        "id": "P1-L009",
        "physical_page": 1,
        "native_path": "/Users/mcoors/Documents/Project Geode/MasterLegalDatabase/research/local_review/grand-junction-fire-fees-atlas-source-review-2026-09-11/page-1.native.txt",
        "start": 240,
        "end": 262,
        "sha256": "eefd53823e03ea6e81f88c907ce9ba6764334032ea134f3375bed8e268ed5883"
      },
      "fee_binding": {
        "id": "P1-L010",
        "physical_page": 1,
        "native_path": "/Users/mcoors/Documents/Project Geode/MasterLegalDatabase/research/local_review/grand-junction-fire-fees-atlas-source-review-2026-09-11/page-1.native.txt",
        "start": 262,
        "end": 298,
        "sha256": "72232849a4895168c42702e868da3dd00d633400a89caea29ce4ffacbc55dc36"
      },
      "page_image_path": "/Users/mcoors/Documents/Project Geode/MasterLegalDatabase/research/local_review/grand-junction-fire-fees-atlas-source-review-2026-09-11/page-1.png"
    },
    {
      "row_id": "GJF-R006",
      "physical_page": 1,
      "group": "Tenant Finish Plan Review Fee\n",
      "label": ">5,000 square feet\n",
      "fee": "$150 plus $.04 per sq. ft. >5,000/$50 each inspection\n",
      "group_basis": "visible_preceding_heading",
      "group_binding": {
        "id": "P1-L075",
        "physical_page": 1,
        "native_path": "/Users/mcoors/Documents/Project Geode/MasterLegalDatabase/research/local_review/grand-junction-fire-fees-atlas-source-review-2026-09-11/page-1.native.txt",
        "start": 2077,
        "end": 2107,
        "sha256": "ea59acb7d9048d5aa1ae94cdda9230fd17b2d3eecf470341d40f9f02ee431ae9"
      },
      "label_binding": {
        "id": "P1-L011",
        "physical_page": 1,
        "native_path": "/Users/mcoors/Documents/Project Geode/MasterLegalDatabase/research/local_review/grand-junction-fire-fees-atlas-source-review-2026-09-11/page-1.native.txt",
        "start": 298,
        "end": 317,
        "sha256": "f83ac55235969d9d2f26cc4a61fc42f341f09c147fa5b765760cbc9c5b43b9ed"
      },
      "fee_binding": {
        "id": "P1-L012",
        "physical_page": 1,
        "native_path": "/Users/mcoors/Documents/Project Geode/MasterLegalDatabase/research/local_review/grand-junction-fire-fees-atlas-source-review-2026-09-11/page-1.native.txt",
        "start": 317,
        "end": 371,
        "sha256": "d15691a423bef089b28fe35222ce02b070d0cf8ce2ad1b6014d85cf3a889981e"
      },
      "page_image_path": "/Users/mcoors/Documents/Project Geode/MasterLegalDatabase/research/local_review/grand-junction-fire-fees-atlas-source-review-2026-09-11/page-1.png"
    },
    {
      "row_id": "GJF-R007",
      "physical_page": 1,
      "group": "Fire Alarm Plan Review Fee\n",
      "label": "System Modiﬁcation\n",
      "fee": " $50 ﬂate fee= < 5 devices/ $50 each inspection\n",
      "group_basis": "visible_preceding_heading",
      "group_binding": {
        "id": "P1-L074",
        "physical_page": 1,
        "native_path": "/Users/mcoors/Documents/Project Geode/MasterLegalDatabase/research/local_review/grand-junction-fire-fees-atlas-source-review-2026-09-11/page-1.native.txt",
        "start": 2050,
        "end": 2077,
        "sha256": "f7ff8448be207fdd60f447613ab2ac3928b2c4122a3248b399a4c42827a46f93"
      },
      "label_binding": {
        "id": "P1-L013",
        "physical_page": 1,
        "native_path": "/Users/mcoors/Documents/Project Geode/MasterLegalDatabase/research/local_review/grand-junction-fire-fees-atlas-source-review-2026-09-11/page-1.native.txt",
        "start": 371,
        "end": 392,
        "sha256": "3097d409e760db0a20b3ccf386e7a6aa613c13beef1561e8a3cb36833164d10e"
      },
      "fee_binding": {
        "id": "P1-L014",
        "physical_page": 1,
        "native_path": "/Users/mcoors/Documents/Project Geode/MasterLegalDatabase/research/local_review/grand-junction-fire-fees-atlas-source-review-2026-09-11/page-1.native.txt",
        "start": 392,
        "end": 442,
        "sha256": "e94bedc16acf3fb89ea3f09b0a910fc44580f88e00a1cfb25ead5fca7fa072a0"
      },
      "page_image_path": "/Users/mcoors/Documents/Project Geode/MasterLegalDatabase/research/local_review/grand-junction-fire-fees-atlas-source-review-2026-09-11/page-1.png"
    },
    {
      "row_id": "GJF-R008",
      "physical_page": 1,
      "group": "Fire Alarm Plan Review Fee\n",
      "label": "Fire Alarm system\n",
      "fee": " $150 plus $2.00 per device/$50 each inspection\n",
      "group_basis": "visible_preceding_heading",
      "group_binding": {
        "id": "P1-L074",
        "physical_page": 1,
        "native_path": "/Users/mcoors/Documents/Project Geode/MasterLegalDatabase/research/local_review/grand-junction-fire-fees-atlas-source-review-2026-09-11/page-1.native.txt",
        "start": 2050,
        "end": 2077,
        "sha256": "f7ff8448be207fdd60f447613ab2ac3928b2c4122a3248b399a4c42827a46f93"
      },
      "label_binding": {
        "id": "P1-L015",
        "physical_page": 1,
        "native_path": "/Users/mcoors/Documents/Project Geode/MasterLegalDatabase/research/local_review/grand-junction-fire-fees-atlas-source-review-2026-09-11/page-1.native.txt",
        "start": 442,
        "end": 460,
        "sha256": "813d5b1d1337c8c429988950038f86f730855664128871078a39cea91c456736"
      },
      "fee_binding": {
        "id": "P1-L016",
        "physical_page": 1,
        "native_path": "/Users/mcoors/Documents/Project Geode/MasterLegalDatabase/research/local_review/grand-junction-fire-fees-atlas-source-review-2026-09-11/page-1.native.txt",
        "start": 460,
        "end": 508,
        "sha256": "74afb5b03311dff40a36235dc421554799d288332eda7a430c5e23fce1cc1d33"
      },
      "page_image_path": "/Users/mcoors/Documents/Project Geode/MasterLegalDatabase/research/local_review/grand-junction-fire-fees-atlas-source-review-2026-09-11/page-1.png"
    },
    {
      "row_id": "GJF-R009",
      "physical_page": 1,
      "group": "Fire Sprinkler System Plan Review Fee\n",
      "label": "System Modiﬁcation\n",
      "fee": " $50 ﬂat fee (=< 20 heads)/$50 each inspection\n",
      "group_basis": "visible_preceding_heading",
      "group_binding": {
        "id": "P1-L073",
        "physical_page": 1,
        "native_path": "/Users/mcoors/Documents/Project Geode/MasterLegalDatabase/research/local_review/grand-junction-fire-fees-atlas-source-review-2026-09-11/page-1.native.txt",
        "start": 2012,
        "end": 2050,
        "sha256": "2a0f38b8f29d9615835fba889fcb23fea286323c23d773ec68e1e7068eac029e"
      },
      "label_binding": {
        "id": "P1-L017",
        "physical_page": 1,
        "native_path": "/Users/mcoors/Documents/Project Geode/MasterLegalDatabase/research/local_review/grand-junction-fire-fees-atlas-source-review-2026-09-11/page-1.native.txt",
        "start": 508,
        "end": 529,
        "sha256": "3097d409e760db0a20b3ccf386e7a6aa613c13beef1561e8a3cb36833164d10e"
      },
      "fee_binding": {
        "id": "P1-L018",
        "physical_page": 1,
        "native_path": "/Users/mcoors/Documents/Project Geode/MasterLegalDatabase/research/local_review/grand-junction-fire-fees-atlas-source-review-2026-09-11/page-1.native.txt",
        "start": 529,
        "end": 578,
        "sha256": "4abc5d9f64e6574a7b6872f5fa14a8fca8e097921a6faef850ec91fe917a6c38"
      },
      "page_image_path": "/Users/mcoors/Documents/Project Geode/MasterLegalDatabase/research/local_review/grand-junction-fire-fees-atlas-source-review-2026-09-11/page-1.png"
    },
    {
      "row_id": "GJF-R010",
      "physical_page": 1,
      "group": "Fire Sprinkler System Plan Review Fee\n",
      "label": "Fire Sprinkler system\n",
      "fee": "$150 plus $2.00 per device/ $50 each inspection\n",
      "group_basis": "visible_preceding_heading",
      "group_binding": {
        "id": "P1-L073",
        "physical_page": 1,
        "native_path": "/Users/mcoors/Documents/Project Geode/MasterLegalDatabase/research/local_review/grand-junction-fire-fees-atlas-source-review-2026-09-11/page-1.native.txt",
        "start": 2012,
        "end": 2050,
        "sha256": "2a0f38b8f29d9615835fba889fcb23fea286323c23d773ec68e1e7068eac029e"
      },
      "label_binding": {
        "id": "P1-L019",
        "physical_page": 1,
        "native_path": "/Users/mcoors/Documents/Project Geode/MasterLegalDatabase/research/local_review/grand-junction-fire-fees-atlas-source-review-2026-09-11/page-1.native.txt",
        "start": 578,
        "end": 600,
        "sha256": "146b4a24c6fe69f61bcfabd6d4d505e175cd7b82179cbc777647f99ccae0e406"
      },
      "fee_binding": {
        "id": "P1-L020",
        "physical_page": 1,
        "native_path": "/Users/mcoors/Documents/Project Geode/MasterLegalDatabase/research/local_review/grand-junction-fire-fees-atlas-source-review-2026-09-11/page-1.native.txt",
        "start": 600,
        "end": 648,
        "sha256": "b70169b085347e854beca74421012978295e661f3bd490304febd7a94134ccc0"
      },
      "page_image_path": "/Users/mcoors/Documents/Project Geode/MasterLegalDatabase/research/local_review/grand-junction-fire-fees-atlas-source-review-2026-09-11/page-1.png"
    },
    {
      "row_id": "GJF-R011",
      "physical_page": 1,
      "group": "Miscellaneous Permits\n",
      "label": "Misc./Special/Extra Inspections\n",
      "fee": "$100 per trip/paid prior to inspection\n",
      "group_basis": "visible_preceding_heading",
      "group_binding": {
        "id": "P1-L072",
        "physical_page": 1,
        "native_path": "/Users/mcoors/Documents/Project Geode/MasterLegalDatabase/research/local_review/grand-junction-fire-fees-atlas-source-review-2026-09-11/page-1.native.txt",
        "start": 1990,
        "end": 2012,
        "sha256": "7425923ab837e03c5b9a44484bf142133bc4d09cfcb9e6bf42a5b89eae678c56"
      },
      "label_binding": {
        "id": "P1-L021",
        "physical_page": 1,
        "native_path": "/Users/mcoors/Documents/Project Geode/MasterLegalDatabase/research/local_review/grand-junction-fire-fees-atlas-source-review-2026-09-11/page-1.native.txt",
        "start": 648,
        "end": 680,
        "sha256": "536964ccd3f5994d08b262a1e3960ebbce02987387fa027c68c77a28c1a6daca"
      },
      "fee_binding": {
        "id": "P1-L022",
        "physical_page": 1,
        "native_path": "/Users/mcoors/Documents/Project Geode/MasterLegalDatabase/research/local_review/grand-junction-fire-fees-atlas-source-review-2026-09-11/page-1.native.txt",
        "start": 680,
        "end": 719,
        "sha256": "a5dc64cd9a18c55d3a1ca6b697707195b88ab69d0992a4e7cb771a5f47dfcd2e"
      },
      "page_image_path": "/Users/mcoors/Documents/Project Geode/MasterLegalDatabase/research/local_review/grand-junction-fire-fees-atlas-source-review-2026-09-11/page-1.png"
    },
    {
      "row_id": "GJF-R012",
      "physical_page": 1,
      "group": "Miscellaneous Permits\n",
      "label": "Fire Flow\n",
      "fee": "$75 witness test\n",
      "group_basis": "visible_preceding_heading",
      "group_binding": {
        "id": "P1-L072",
        "physical_page": 1,
        "native_path": "/Users/mcoors/Documents/Project Geode/MasterLegalDatabase/research/local_review/grand-junction-fire-fees-atlas-source-review-2026-09-11/page-1.native.txt",
        "start": 1990,
        "end": 2012,
        "sha256": "7425923ab837e03c5b9a44484bf142133bc4d09cfcb9e6bf42a5b89eae678c56"
      },
      "label_binding": {
        "id": "P1-L023",
        "physical_page": 1,
        "native_path": "/Users/mcoors/Documents/Project Geode/MasterLegalDatabase/research/local_review/grand-junction-fire-fees-atlas-source-review-2026-09-11/page-1.native.txt",
        "start": 719,
        "end": 729,
        "sha256": "5b43f25e2ab5fa59ae3ec5a46c9dd3bc705aab155259677a674ff8c6e11fcf0e"
      },
      "fee_binding": {
        "id": "P1-L024",
        "physical_page": 1,
        "native_path": "/Users/mcoors/Documents/Project Geode/MasterLegalDatabase/research/local_review/grand-junction-fire-fees-atlas-source-review-2026-09-11/page-1.native.txt",
        "start": 729,
        "end": 746,
        "sha256": "ad691da46cc1e6ab884b8ea742a4694b797a719b8dbffdc39ba8e1cd8472b913"
      },
      "page_image_path": "/Users/mcoors/Documents/Project Geode/MasterLegalDatabase/research/local_review/grand-junction-fire-fees-atlas-source-review-2026-09-11/page-1.png"
    },
    {
      "row_id": "GJF-R013",
      "physical_page": 1,
      "group": "Miscellaneous Permits\n",
      "label": "Hood Extinguishing system\n",
      "fee": "$100 ﬂat fee per hood/$50 each inspection\n",
      "group_basis": "visible_preceding_heading",
      "group_binding": {
        "id": "P1-L072",
        "physical_page": 1,
        "native_path": "/Users/mcoors/Documents/Project Geode/MasterLegalDatabase/research/local_review/grand-junction-fire-fees-atlas-source-review-2026-09-11/page-1.native.txt",
        "start": 1990,
        "end": 2012,
        "sha256": "7425923ab837e03c5b9a44484bf142133bc4d09cfcb9e6bf42a5b89eae678c56"
      },
      "label_binding": {
        "id": "P1-L025",
        "physical_page": 1,
        "native_path": "/Users/mcoors/Documents/Project Geode/MasterLegalDatabase/research/local_review/grand-junction-fire-fees-atlas-source-review-2026-09-11/page-1.native.txt",
        "start": 746,
        "end": 772,
        "sha256": "daf9e23da8583eb3caeb3413b91b124152b457398f91dc50b4ae90c0be3e2c24"
      },
      "fee_binding": {
        "id": "P1-L026",
        "physical_page": 1,
        "native_path": "/Users/mcoors/Documents/Project Geode/MasterLegalDatabase/research/local_review/grand-junction-fire-fees-atlas-source-review-2026-09-11/page-1.native.txt",
        "start": 772,
        "end": 816,
        "sha256": "a264e6154a0ace97f1c8679bfaa3832834908d81dabf510ca35ad014449faa8e"
      },
      "page_image_path": "/Users/mcoors/Documents/Project Geode/MasterLegalDatabase/research/local_review/grand-junction-fire-fees-atlas-source-review-2026-09-11/page-1.png"
    },
    {
      "row_id": "GJF-R014",
      "physical_page": 1,
      "group": "Miscellaneous Permits\n",
      "label": "Spray Booth\n",
      "fee": "$200 ﬂat fee/$50 each inspection\n",
      "group_basis": "visible_preceding_heading",
      "group_binding": {
        "id": "P1-L072",
        "physical_page": 1,
        "native_path": "/Users/mcoors/Documents/Project Geode/MasterLegalDatabase/research/local_review/grand-junction-fire-fees-atlas-source-review-2026-09-11/page-1.native.txt",
        "start": 1990,
        "end": 2012,
        "sha256": "7425923ab837e03c5b9a44484bf142133bc4d09cfcb9e6bf42a5b89eae678c56"
      },
      "label_binding": {
        "id": "P1-L027",
        "physical_page": 1,
        "native_path": "/Users/mcoors/Documents/Project Geode/MasterLegalDatabase/research/local_review/grand-junction-fire-fees-atlas-source-review-2026-09-11/page-1.native.txt",
        "start": 816,
        "end": 828,
        "sha256": "afe8faa6e8103fc4ab7f574c550214519328a49636fbc292ecb09de13fe5297a"
      },
      "fee_binding": {
        "id": "P1-L028",
        "physical_page": 1,
        "native_path": "/Users/mcoors/Documents/Project Geode/MasterLegalDatabase/research/local_review/grand-junction-fire-fees-atlas-source-review-2026-09-11/page-1.native.txt",
        "start": 828,
        "end": 863,
        "sha256": "1d755c648ed90c8e8d7710c396336b43ec718adcd59c45dc09b11f2d35a83b6d"
      },
      "page_image_path": "/Users/mcoors/Documents/Project Geode/MasterLegalDatabase/research/local_review/grand-junction-fire-fees-atlas-source-review-2026-09-11/page-1.png"
    },
    {
      "row_id": "GJF-R015",
      "physical_page": 1,
      "group": "Miscellaneous Permits\n",
      "label": "Install Above-ground tanks\n",
      "fee": "$100 per tank/$50 each inspection\n",
      "group_basis": "visible_preceding_heading",
      "group_binding": {
        "id": "P1-L072",
        "physical_page": 1,
        "native_path": "/Users/mcoors/Documents/Project Geode/MasterLegalDatabase/research/local_review/grand-junction-fire-fees-atlas-source-review-2026-09-11/page-1.native.txt",
        "start": 1990,
        "end": 2012,
        "sha256": "7425923ab837e03c5b9a44484bf142133bc4d09cfcb9e6bf42a5b89eae678c56"
      },
      "label_binding": {
        "id": "P1-L029",
        "physical_page": 1,
        "native_path": "/Users/mcoors/Documents/Project Geode/MasterLegalDatabase/research/local_review/grand-junction-fire-fees-atlas-source-review-2026-09-11/page-1.native.txt",
        "start": 863,
        "end": 890,
        "sha256": "fcff0e2ea73ddb440f693d4c9fd23a9c4c8ff565c5d4e881c41920add72f942a"
      },
      "fee_binding": {
        "id": "P1-L030",
        "physical_page": 1,
        "native_path": "/Users/mcoors/Documents/Project Geode/MasterLegalDatabase/research/local_review/grand-junction-fire-fees-atlas-source-review-2026-09-11/page-1.native.txt",
        "start": 890,
        "end": 924,
        "sha256": "e3587f941778187e2acf91cc6809c1b49c28410e953acc7512ef1f79e8f6b187"
      },
      "page_image_path": "/Users/mcoors/Documents/Project Geode/MasterLegalDatabase/research/local_review/grand-junction-fire-fees-atlas-source-review-2026-09-11/page-1.png"
    },
    {
      "row_id": "GJF-R016",
      "physical_page": 1,
      "group": "Miscellaneous Permits\n",
      "label": "Install Underground tanks\n",
      "fee": "$200 per tank/$50 each inspection\n",
      "group_basis": "visible_preceding_heading",
      "group_binding": {
        "id": "P1-L072",
        "physical_page": 1,
        "native_path": "/Users/mcoors/Documents/Project Geode/MasterLegalDatabase/research/local_review/grand-junction-fire-fees-atlas-source-review-2026-09-11/page-1.native.txt",
        "start": 1990,
        "end": 2012,
        "sha256": "7425923ab837e03c5b9a44484bf142133bc4d09cfcb9e6bf42a5b89eae678c56"
      },
      "label_binding": {
        "id": "P1-L031",
        "physical_page": 1,
        "native_path": "/Users/mcoors/Documents/Project Geode/MasterLegalDatabase/research/local_review/grand-junction-fire-fees-atlas-source-review-2026-09-11/page-1.native.txt",
        "start": 924,
        "end": 950,
        "sha256": "a11f687979286f251ad838a67107b0c2ea2232f2dce3670f8ab620ed3055fc15"
      },
      "fee_binding": {
        "id": "P1-L032",
        "physical_page": 1,
        "native_path": "/Users/mcoors/Documents/Project Geode/MasterLegalDatabase/research/local_review/grand-junction-fire-fees-atlas-source-review-2026-09-11/page-1.native.txt",
        "start": 950,
        "end": 984,
        "sha256": "cf4acd12a5fe185349fba30da7afda855784c813969d5b14f660eb2a6196e73e"
      },
      "page_image_path": "/Users/mcoors/Documents/Project Geode/MasterLegalDatabase/research/local_review/grand-junction-fire-fees-atlas-source-review-2026-09-11/page-1.png"
    },
    {
      "row_id": "GJF-R017",
      "physical_page": 1,
      "group": "Miscellaneous Permits\n",
      "label": "Remove Above-ground Tanks\n",
      "fee": "$100 per tank/$50 each inspection\n",
      "group_basis": "visible_preceding_heading",
      "group_binding": {
        "id": "P1-L072",
        "physical_page": 1,
        "native_path": "/Users/mcoors/Documents/Project Geode/MasterLegalDatabase/research/local_review/grand-junction-fire-fees-atlas-source-review-2026-09-11/page-1.native.txt",
        "start": 1990,
        "end": 2012,
        "sha256": "7425923ab837e03c5b9a44484bf142133bc4d09cfcb9e6bf42a5b89eae678c56"
      },
      "label_binding": {
        "id": "P1-L033",
        "physical_page": 1,
        "native_path": "/Users/mcoors/Documents/Project Geode/MasterLegalDatabase/research/local_review/grand-junction-fire-fees-atlas-source-review-2026-09-11/page-1.native.txt",
        "start": 984,
        "end": 1010,
        "sha256": "912b764ba8114f83d17c78a24e4dbb0b372b2cf367a8b6af57d83bf50c720349"
      },
      "fee_binding": {
        "id": "P1-L034",
        "physical_page": 1,
        "native_path": "/Users/mcoors/Documents/Project Geode/MasterLegalDatabase/research/local_review/grand-junction-fire-fees-atlas-source-review-2026-09-11/page-1.native.txt",
        "start": 1010,
        "end": 1044,
        "sha256": "e3587f941778187e2acf91cc6809c1b49c28410e953acc7512ef1f79e8f6b187"
      },
      "page_image_path": "/Users/mcoors/Documents/Project Geode/MasterLegalDatabase/research/local_review/grand-junction-fire-fees-atlas-source-review-2026-09-11/page-1.png"
    },
    {
      "row_id": "GJF-R018",
      "physical_page": 1,
      "group": "Miscellaneous Permits\n",
      "label": "Remove Underground tanks\n",
      "fee": "$200 ﬂat fee/$50 each inspection\n",
      "group_basis": "visible_preceding_heading",
      "group_binding": {
        "id": "P1-L072",
        "physical_page": 1,
        "native_path": "/Users/mcoors/Documents/Project Geode/MasterLegalDatabase/research/local_review/grand-junction-fire-fees-atlas-source-review-2026-09-11/page-1.native.txt",
        "start": 1990,
        "end": 2012,
        "sha256": "7425923ab837e03c5b9a44484bf142133bc4d09cfcb9e6bf42a5b89eae678c56"
      },
      "label_binding": {
        "id": "P1-L035",
        "physical_page": 1,
        "native_path": "/Users/mcoors/Documents/Project Geode/MasterLegalDatabase/research/local_review/grand-junction-fire-fees-atlas-source-review-2026-09-11/page-1.native.txt",
        "start": 1044,
        "end": 1069,
        "sha256": "6ca239ad157ab8fa8e7128f1bc70e3eb378e6be26c3b04fc0d524a6e1db316b0"
      },
      "fee_binding": {
        "id": "P1-L036",
        "physical_page": 1,
        "native_path": "/Users/mcoors/Documents/Project Geode/MasterLegalDatabase/research/local_review/grand-junction-fire-fees-atlas-source-review-2026-09-11/page-1.native.txt",
        "start": 1069,
        "end": 1104,
        "sha256": "1d755c648ed90c8e8d7710c396336b43ec718adcd59c45dc09b11f2d35a83b6d"
      },
      "page_image_path": "/Users/mcoors/Documents/Project Geode/MasterLegalDatabase/research/local_review/grand-junction-fire-fees-atlas-source-review-2026-09-11/page-1.png"
    },
    {
      "row_id": "GJF-R019",
      "physical_page": 1,
      "group": "Miscellaneous Permits\n",
      "label": "LP Gas installation\n",
      "fee": "$200 ﬂat fee/$50 each inspection\n",
      "group_basis": "visible_preceding_heading",
      "group_binding": {
        "id": "P1-L072",
        "physical_page": 1,
        "native_path": "/Users/mcoors/Documents/Project Geode/MasterLegalDatabase/research/local_review/grand-junction-fire-fees-atlas-source-review-2026-09-11/page-1.native.txt",
        "start": 1990,
        "end": 2012,
        "sha256": "7425923ab837e03c5b9a44484bf142133bc4d09cfcb9e6bf42a5b89eae678c56"
      },
      "label_binding": {
        "id": "P1-L037",
        "physical_page": 1,
        "native_path": "/Users/mcoors/Documents/Project Geode/MasterLegalDatabase/research/local_review/grand-junction-fire-fees-atlas-source-review-2026-09-11/page-1.native.txt",
        "start": 1104,
        "end": 1124,
        "sha256": "101968439893e86e63a09f6688eca3759b533aa1bd6e7e9d80d28fe5518ab986"
      },
      "fee_binding": {
        "id": "P1-L038",
        "physical_page": 1,
        "native_path": "/Users/mcoors/Documents/Project Geode/MasterLegalDatabase/research/local_review/grand-junction-fire-fees-atlas-source-review-2026-09-11/page-1.native.txt",
        "start": 1124,
        "end": 1159,
        "sha256": "1d755c648ed90c8e8d7710c396336b43ec718adcd59c45dc09b11f2d35a83b6d"
      },
      "page_image_path": "/Users/mcoors/Documents/Project Geode/MasterLegalDatabase/research/local_review/grand-junction-fire-fees-atlas-source-review-2026-09-11/page-1.png"
    },
    {
      "row_id": "GJF-R020",
      "physical_page": 1,
      "group": "Miscellaneous Permits\n",
      "label": "Explosives of blasting agents\n",
      "fee": "$250 per permit\n",
      "group_basis": "visible_preceding_heading",
      "group_binding": {
        "id": "P1-L072",
        "physical_page": 1,
        "native_path": "/Users/mcoors/Documents/Project Geode/MasterLegalDatabase/research/local_review/grand-junction-fire-fees-atlas-source-review-2026-09-11/page-1.native.txt",
        "start": 1990,
        "end": 2012,
        "sha256": "7425923ab837e03c5b9a44484bf142133bc4d09cfcb9e6bf42a5b89eae678c56"
      },
      "label_binding": {
        "id": "P1-L039",
        "physical_page": 1,
        "native_path": "/Users/mcoors/Documents/Project Geode/MasterLegalDatabase/research/local_review/grand-junction-fire-fees-atlas-source-review-2026-09-11/page-1.native.txt",
        "start": 1159,
        "end": 1189,
        "sha256": "4053bbdfd80c5b4ec32de18945cb59f7071ce5709655aa12f75ab0503f170edf"
      },
      "fee_binding": {
        "id": "P1-L040",
        "physical_page": 1,
        "native_path": "/Users/mcoors/Documents/Project Geode/MasterLegalDatabase/research/local_review/grand-junction-fire-fees-atlas-source-review-2026-09-11/page-1.native.txt",
        "start": 1189,
        "end": 1205,
        "sha256": "e6160e2394b7b3c2f4daf399a0296dba3f9f1b08394e6a6309a712b79e312a37"
      },
      "page_image_path": "/Users/mcoors/Documents/Project Geode/MasterLegalDatabase/research/local_review/grand-junction-fire-fees-atlas-source-review-2026-09-11/page-1.png"
    },
    {
      "row_id": "GJF-R021",
      "physical_page": 1,
      "group": "Miscellaneous Permits\n",
      "label": "High-piled storage\n",
      "fee": "$100 per permit\n",
      "group_basis": "visible_preceding_heading",
      "group_binding": {
        "id": "P1-L072",
        "physical_page": 1,
        "native_path": "/Users/mcoors/Documents/Project Geode/MasterLegalDatabase/research/local_review/grand-junction-fire-fees-atlas-source-review-2026-09-11/page-1.native.txt",
        "start": 1990,
        "end": 2012,
        "sha256": "7425923ab837e03c5b9a44484bf142133bc4d09cfcb9e6bf42a5b89eae678c56"
      },
      "label_binding": {
        "id": "P1-L041",
        "physical_page": 1,
        "native_path": "/Users/mcoors/Documents/Project Geode/MasterLegalDatabase/research/local_review/grand-junction-fire-fees-atlas-source-review-2026-09-11/page-1.native.txt",
        "start": 1205,
        "end": 1224,
        "sha256": "f631fdf3fe6c4155a79772fdef0e42afbe0b42eab986923066e67e3f74bfaf36"
      },
      "fee_binding": {
        "id": "P1-L042",
        "physical_page": 1,
        "native_path": "/Users/mcoors/Documents/Project Geode/MasterLegalDatabase/research/local_review/grand-junction-fire-fees-atlas-source-review-2026-09-11/page-1.native.txt",
        "start": 1224,
        "end": 1240,
        "sha256": "a40568b79e2410e92461de1a4f4baf500d89054e408dc8f196a3e07a79f77f6d"
      },
      "page_image_path": "/Users/mcoors/Documents/Project Geode/MasterLegalDatabase/research/local_review/grand-junction-fire-fees-atlas-source-review-2026-09-11/page-1.png"
    },
    {
      "row_id": "GJF-R022",
      "physical_page": 1,
      "group": "Miscellaneous Permits\n",
      "label": "Alternative Automatic Extinguishing System\n",
      "fee": "$200 per permit\n",
      "group_basis": "visible_preceding_heading",
      "group_binding": {
        "id": "P1-L072",
        "physical_page": 1,
        "native_path": "/Users/mcoors/Documents/Project Geode/MasterLegalDatabase/research/local_review/grand-junction-fire-fees-atlas-source-review-2026-09-11/page-1.native.txt",
        "start": 1990,
        "end": 2012,
        "sha256": "7425923ab837e03c5b9a44484bf142133bc4d09cfcb9e6bf42a5b89eae678c56"
      },
      "label_binding": {
        "id": "P1-L043",
        "physical_page": 1,
        "native_path": "/Users/mcoors/Documents/Project Geode/MasterLegalDatabase/research/local_review/grand-junction-fire-fees-atlas-source-review-2026-09-11/page-1.native.txt",
        "start": 1240,
        "end": 1283,
        "sha256": "1c05212d9899f5d45097f47dc5220f969ffbbb128babe89f249dd283cfcbb3a2"
      },
      "fee_binding": {
        "id": "P1-L044",
        "physical_page": 1,
        "native_path": "/Users/mcoors/Documents/Project Geode/MasterLegalDatabase/research/local_review/grand-junction-fire-fees-atlas-source-review-2026-09-11/page-1.native.txt",
        "start": 1283,
        "end": 1299,
        "sha256": "448b825d1876d5c182c195b2669b147a7b0b3d8dbe8f3ccf10eee2ef40ec7e88"
      },
      "page_image_path": "/Users/mcoors/Documents/Project Geode/MasterLegalDatabase/research/local_review/grand-junction-fire-fees-atlas-source-review-2026-09-11/page-1.png"
    },
    {
      "row_id": "GJF-R023",
      "physical_page": 1,
      "group": "Miscellaneous Permits\n",
      "label": "Spray Finishing\n",
      "fee": "$200 per permit\n",
      "group_basis": "visible_preceding_heading",
      "group_binding": {
        "id": "P1-L072",
        "physical_page": 1,
        "native_path": "/Users/mcoors/Documents/Project Geode/MasterLegalDatabase/research/local_review/grand-junction-fire-fees-atlas-source-review-2026-09-11/page-1.native.txt",
        "start": 1990,
        "end": 2012,
        "sha256": "7425923ab837e03c5b9a44484bf142133bc4d09cfcb9e6bf42a5b89eae678c56"
      },
      "label_binding": {
        "id": "P1-L045",
        "physical_page": 1,
        "native_path": "/Users/mcoors/Documents/Project Geode/MasterLegalDatabase/research/local_review/grand-junction-fire-fees-atlas-source-review-2026-09-11/page-1.native.txt",
        "start": 1299,
        "end": 1315,
        "sha256": "bf4fb84e7a0511c27705f606f4ce22f28523f426a2f3b519bbaecf76b6e26ab1"
      },
      "fee_binding": {
        "id": "P1-L046",
        "physical_page": 1,
        "native_path": "/Users/mcoors/Documents/Project Geode/MasterLegalDatabase/research/local_review/grand-junction-fire-fees-atlas-source-review-2026-09-11/page-1.native.txt",
        "start": 1315,
        "end": 1331,
        "sha256": "448b825d1876d5c182c195b2669b147a7b0b3d8dbe8f3ccf10eee2ef40ec7e88"
      },
      "page_image_path": "/Users/mcoors/Documents/Project Geode/MasterLegalDatabase/research/local_review/grand-junction-fire-fees-atlas-source-review-2026-09-11/page-1.png"
    },
    {
      "row_id": "GJF-R024",
      "physical_page": 1,
      "group": "Miscellaneous Permits\n",
      "label": "Tents/Air-supported structures\n",
      "fee": "$100 per permit\n",
      "group_basis": "visible_preceding_heading",
      "group_binding": {
        "id": "P1-L072",
        "physical_page": 1,
        "native_path": "/Users/mcoors/Documents/Project Geode/MasterLegalDatabase/research/local_review/grand-junction-fire-fees-atlas-source-review-2026-09-11/page-1.native.txt",
        "start": 1990,
        "end": 2012,
        "sha256": "7425923ab837e03c5b9a44484bf142133bc4d09cfcb9e6bf42a5b89eae678c56"
      },
      "label_binding": {
        "id": "P1-L047",
        "physical_page": 1,
        "native_path": "/Users/mcoors/Documents/Project Geode/MasterLegalDatabase/research/local_review/grand-junction-fire-fees-atlas-source-review-2026-09-11/page-1.native.txt",
        "start": 1331,
        "end": 1362,
        "sha256": "b75265d88b14196449ca223d66d380629c56965bb5fdd2be27530fd69125b611"
      },
      "fee_binding": {
        "id": "P1-L048",
        "physical_page": 1,
        "native_path": "/Users/mcoors/Documents/Project Geode/MasterLegalDatabase/research/local_review/grand-junction-fire-fees-atlas-source-review-2026-09-11/page-1.native.txt",
        "start": 1362,
        "end": 1378,
        "sha256": "a40568b79e2410e92461de1a4f4baf500d89054e408dc8f196a3e07a79f77f6d"
      },
      "page_image_path": "/Users/mcoors/Documents/Project Geode/MasterLegalDatabase/research/local_review/grand-junction-fire-fees-atlas-source-review-2026-09-11/page-1.png"
    },
    {
      "row_id": "GJF-R025",
      "physical_page": 1,
      "group": "Miscellaneous Permits\n",
      "label": "Fireworks sales\n",
      "fee": "$150 per permit\n",
      "group_basis": "visible_preceding_heading",
      "group_binding": {
        "id": "P1-L072",
        "physical_page": 1,
        "native_path": "/Users/mcoors/Documents/Project Geode/MasterLegalDatabase/research/local_review/grand-junction-fire-fees-atlas-source-review-2026-09-11/page-1.native.txt",
        "start": 1990,
        "end": 2012,
        "sha256": "7425923ab837e03c5b9a44484bf142133bc4d09cfcb9e6bf42a5b89eae678c56"
      },
      "label_binding": {
        "id": "P1-L049",
        "physical_page": 1,
        "native_path": "/Users/mcoors/Documents/Project Geode/MasterLegalDatabase/research/local_review/grand-junction-fire-fees-atlas-source-review-2026-09-11/page-1.native.txt",
        "start": 1378,
        "end": 1394,
        "sha256": "d97b506664712574191b0e6e6c586044d620e69501a9cb1030170b64283dacdc"
      },
      "fee_binding": {
        "id": "P1-L050",
        "physical_page": 1,
        "native_path": "/Users/mcoors/Documents/Project Geode/MasterLegalDatabase/research/local_review/grand-junction-fire-fees-atlas-source-review-2026-09-11/page-1.native.txt",
        "start": 1394,
        "end": 1410,
        "sha256": "f3673d7ade4e909f667309de7cd2e82290cfa522001574dc077bc88ea29ed797"
      },
      "page_image_path": "/Users/mcoors/Documents/Project Geode/MasterLegalDatabase/research/local_review/grand-junction-fire-fees-atlas-source-review-2026-09-11/page-1.png"
    },
    {
      "row_id": "GJF-R026",
      "physical_page": 1,
      "group": "Miscellaneous Permits\n",
      "label": "Fireworks public displays\n",
      "fee": "$200 per permit\n",
      "group_basis": "visible_preceding_heading",
      "group_binding": {
        "id": "P1-L072",
        "physical_page": 1,
        "native_path": "/Users/mcoors/Documents/Project Geode/MasterLegalDatabase/research/local_review/grand-junction-fire-fees-atlas-source-review-2026-09-11/page-1.native.txt",
        "start": 1990,
        "end": 2012,
        "sha256": "7425923ab837e03c5b9a44484bf142133bc4d09cfcb9e6bf42a5b89eae678c56"
      },
      "label_binding": {
        "id": "P1-L051",
        "physical_page": 1,
        "native_path": "/Users/mcoors/Documents/Project Geode/MasterLegalDatabase/research/local_review/grand-junction-fire-fees-atlas-source-review-2026-09-11/page-1.native.txt",
        "start": 1410,
        "end": 1436,
        "sha256": "6a10d11d6a4f1d8d66f91aadbfb46f36b7fb2ee1124aa81efd101108b86ffe5f"
      },
      "fee_binding": {
        "id": "P1-L052",
        "physical_page": 1,
        "native_path": "/Users/mcoors/Documents/Project Geode/MasterLegalDatabase/research/local_review/grand-junction-fire-fees-atlas-source-review-2026-09-11/page-1.native.txt",
        "start": 1436,
        "end": 1452,
        "sha256": "448b825d1876d5c182c195b2669b147a7b0b3d8dbe8f3ccf10eee2ef40ec7e88"
      },
      "page_image_path": "/Users/mcoors/Documents/Project Geode/MasterLegalDatabase/research/local_review/grand-junction-fire-fees-atlas-source-review-2026-09-11/page-1.png"
    },
    {
      "row_id": "GJF-R027",
      "physical_page": 1,
      "group": "Miscellaneous Permits\n",
      "label": "Work performed without obtaining a permit\n",
      "fee": "Double regular fee\n",
      "group_basis": "visible_preceding_heading",
      "group_binding": {
        "id": "P1-L072",
        "physical_page": 1,
        "native_path": "/Users/mcoors/Documents/Project Geode/MasterLegalDatabase/research/local_review/grand-junction-fire-fees-atlas-source-review-2026-09-11/page-1.native.txt",
        "start": 1990,
        "end": 2012,
        "sha256": "7425923ab837e03c5b9a44484bf142133bc4d09cfcb9e6bf42a5b89eae678c56"
      },
      "label_binding": {
        "id": "P1-L053",
        "physical_page": 1,
        "native_path": "/Users/mcoors/Documents/Project Geode/MasterLegalDatabase/research/local_review/grand-junction-fire-fees-atlas-source-review-2026-09-11/page-1.native.txt",
        "start": 1452,
        "end": 1494,
        "sha256": "8933e7d5e43578512ea267868b38a005fa9075538f488fa74ccabf1708a3b81c"
      },
      "fee_binding": {
        "id": "P1-L054",
        "physical_page": 1,
        "native_path": "/Users/mcoors/Documents/Project Geode/MasterLegalDatabase/research/local_review/grand-junction-fire-fees-atlas-source-review-2026-09-11/page-1.native.txt",
        "start": 1494,
        "end": 1513,
        "sha256": "f5878bc6559fda043798b2cc121e85754b296a2f76a0d7e5e3c83ac197b92cbd"
      },
      "page_image_path": "/Users/mcoors/Documents/Project Geode/MasterLegalDatabase/research/local_review/grand-junction-fire-fees-atlas-source-review-2026-09-11/page-1.png"
    },
    {
      "row_id": "GJF-R028",
      "physical_page": 1,
      "group": "Miscellaneous Permits\n",
      "label": "Bonﬁre permit- ceremonial/non-proﬁt\n",
      "fee": "$25 per permit\n",
      "group_basis": "visible_preceding_heading",
      "group_binding": {
        "id": "P1-L072",
        "physical_page": 1,
        "native_path": "/Users/mcoors/Documents/Project Geode/MasterLegalDatabase/research/local_review/grand-junction-fire-fees-atlas-source-review-2026-09-11/page-1.native.txt",
        "start": 1990,
        "end": 2012,
        "sha256": "7425923ab837e03c5b9a44484bf142133bc4d09cfcb9e6bf42a5b89eae678c56"
      },
      "label_binding": {
        "id": "P1-L055",
        "physical_page": 1,
        "native_path": "/Users/mcoors/Documents/Project Geode/MasterLegalDatabase/research/local_review/grand-junction-fire-fees-atlas-source-review-2026-09-11/page-1.native.txt",
        "start": 1513,
        "end": 1553,
        "sha256": "c517a1fc3a902b1421b421669dc83237aa6dd52455263da792dd85e445a47c40"
      },
      "fee_binding": {
        "id": "P1-L056",
        "physical_page": 1,
        "native_path": "/Users/mcoors/Documents/Project Geode/MasterLegalDatabase/research/local_review/grand-junction-fire-fees-atlas-source-review-2026-09-11/page-1.native.txt",
        "start": 1553,
        "end": 1568,
        "sha256": "06013420c12c306dc5a316d413013b17917e07f93053e56b16f5db2a11ac565b"
      },
      "page_image_path": "/Users/mcoors/Documents/Project Geode/MasterLegalDatabase/research/local_review/grand-junction-fire-fees-atlas-source-review-2026-09-11/page-1.png"
    },
    {
      "row_id": "GJF-R029",
      "physical_page": 1,
      "group": "Miscellaneous Permits\n",
      "label": "Underground Fire Line\n",
      "fee": "$200.00\n",
      "group_basis": "visible_preceding_heading",
      "group_binding": {
        "id": "P1-L072",
        "physical_page": 1,
        "native_path": "/Users/mcoors/Documents/Project Geode/MasterLegalDatabase/research/local_review/grand-junction-fire-fees-atlas-source-review-2026-09-11/page-1.native.txt",
        "start": 1990,
        "end": 2012,
        "sha256": "7425923ab837e03c5b9a44484bf142133bc4d09cfcb9e6bf42a5b89eae678c56"
      },
      "label_binding": {
        "id": "P1-L057",
        "physical_page": 1,
        "native_path": "/Users/mcoors/Documents/Project Geode/MasterLegalDatabase/research/local_review/grand-junction-fire-fees-atlas-source-review-2026-09-11/page-1.native.txt",
        "start": 1568,
        "end": 1590,
        "sha256": "adc070a0266fbbef6dfdd5c6a93cd1770142a62c854cf422182dcd82951baa0f"
      },
      "fee_binding": {
        "id": "P1-L058",
        "physical_page": 1,
        "native_path": "/Users/mcoors/Documents/Project Geode/MasterLegalDatabase/research/local_review/grand-junction-fire-fees-atlas-source-review-2026-09-11/page-1.native.txt",
        "start": 1590,
        "end": 1598,
        "sha256": "e1d8a67a16ec1c88a10d2e05ebc79a9899f66ce741ffcd2a6e0e7ffbc89bf35e"
      },
      "page_image_path": "/Users/mcoors/Documents/Project Geode/MasterLegalDatabase/research/local_review/grand-junction-fire-fees-atlas-source-review-2026-09-11/page-1.png"
    },
    {
      "row_id": "GJF-R030",
      "physical_page": 1,
      "group": "Miscellaneous Permits\n",
      "label": "Indoor Pyrotechnic/Flame Eﬀects\n",
      "fee": "$200.00\n",
      "group_basis": "visible_preceding_heading",
      "group_binding": {
        "id": "P1-L072",
        "physical_page": 1,
        "native_path": "/Users/mcoors/Documents/Project Geode/MasterLegalDatabase/research/local_review/grand-junction-fire-fees-atlas-source-review-2026-09-11/page-1.native.txt",
        "start": 1990,
        "end": 2012,
        "sha256": "7425923ab837e03c5b9a44484bf142133bc4d09cfcb9e6bf42a5b89eae678c56"
      },
      "label_binding": {
        "id": "P1-L059",
        "physical_page": 1,
        "native_path": "/Users/mcoors/Documents/Project Geode/MasterLegalDatabase/research/local_review/grand-junction-fire-fees-atlas-source-review-2026-09-11/page-1.native.txt",
        "start": 1598,
        "end": 1632,
        "sha256": "4aaa529b47ff08c2c877aa2b9474f8e7f7b8a95b3f3acf48aca7a4bddf37d0c4"
      },
      "fee_binding": {
        "id": "P1-L060",
        "physical_page": 1,
        "native_path": "/Users/mcoors/Documents/Project Geode/MasterLegalDatabase/research/local_review/grand-junction-fire-fees-atlas-source-review-2026-09-11/page-1.native.txt",
        "start": 1632,
        "end": 1640,
        "sha256": "e1d8a67a16ec1c88a10d2e05ebc79a9899f66ce741ffcd2a6e0e7ffbc89bf35e"
      },
      "page_image_path": "/Users/mcoors/Documents/Project Geode/MasterLegalDatabase/research/local_review/grand-junction-fire-fees-atlas-source-review-2026-09-11/page-1.png"
    },
    {
      "row_id": "GJF-R031",
      "physical_page": 1,
      "group": "Miscellaneous Permits\n",
      "label": "CO2 Permit\n",
      "fee": "$50.00\n",
      "group_basis": "visible_preceding_heading",
      "group_binding": {
        "id": "P1-L072",
        "physical_page": 1,
        "native_path": "/Users/mcoors/Documents/Project Geode/MasterLegalDatabase/research/local_review/grand-junction-fire-fees-atlas-source-review-2026-09-11/page-1.native.txt",
        "start": 1990,
        "end": 2012,
        "sha256": "7425923ab837e03c5b9a44484bf142133bc4d09cfcb9e6bf42a5b89eae678c56"
      },
      "label_binding": {
        "id": "P1-L061",
        "physical_page": 1,
        "native_path": "/Users/mcoors/Documents/Project Geode/MasterLegalDatabase/research/local_review/grand-junction-fire-fees-atlas-source-review-2026-09-11/page-1.native.txt",
        "start": 1640,
        "end": 1651,
        "sha256": "1cf94dca887f38ee23c2188b938a99a00b7e1459770e056c744b8961932bf8f6"
      },
      "fee_binding": {
        "id": "P1-L062",
        "physical_page": 1,
        "native_path": "/Users/mcoors/Documents/Project Geode/MasterLegalDatabase/research/local_review/grand-junction-fire-fees-atlas-source-review-2026-09-11/page-1.native.txt",
        "start": 1651,
        "end": 1658,
        "sha256": "318a6f1b2f5d001a25ee2785c62c3907b99dd14909f10f4616aea4f72399fd15"
      },
      "page_image_path": "/Users/mcoors/Documents/Project Geode/MasterLegalDatabase/research/local_review/grand-junction-fire-fees-atlas-source-review-2026-09-11/page-1.png"
    },
    {
      "row_id": "GJF-R032",
      "physical_page": 1,
      "group": "Miscellaneous Permits\n",
      "label": "Emergency Responder Radio Communication\n",
      "fee": "$200.00\n",
      "group_basis": "visible_preceding_heading",
      "group_binding": {
        "id": "P1-L072",
        "physical_page": 1,
        "native_path": "/Users/mcoors/Documents/Project Geode/MasterLegalDatabase/research/local_review/grand-junction-fire-fees-atlas-source-review-2026-09-11/page-1.native.txt",
        "start": 1990,
        "end": 2012,
        "sha256": "7425923ab837e03c5b9a44484bf142133bc4d09cfcb9e6bf42a5b89eae678c56"
      },
      "label_binding": {
        "id": "P1-L063",
        "physical_page": 1,
        "native_path": "/Users/mcoors/Documents/Project Geode/MasterLegalDatabase/research/local_review/grand-junction-fire-fees-atlas-source-review-2026-09-11/page-1.native.txt",
        "start": 1658,
        "end": 1698,
        "sha256": "aafb7315bf3235e21705e0792dc2d623b65f60af393ced3b71319d16715f384e"
      },
      "fee_binding": {
        "id": "P1-L064",
        "physical_page": 1,
        "native_path": "/Users/mcoors/Documents/Project Geode/MasterLegalDatabase/research/local_review/grand-junction-fire-fees-atlas-source-review-2026-09-11/page-1.native.txt",
        "start": 1698,
        "end": 1706,
        "sha256": "e1d8a67a16ec1c88a10d2e05ebc79a9899f66ce741ffcd2a6e0e7ffbc89bf35e"
      },
      "page_image_path": "/Users/mcoors/Documents/Project Geode/MasterLegalDatabase/research/local_review/grand-junction-fire-fees-atlas-source-review-2026-09-11/page-1.png"
    },
    {
      "row_id": "GJF-R033",
      "physical_page": 1,
      "group": "Miscellaneous Permits\n",
      "label": "Plans which require more than two (2) reviews\n",
      "fee": "1.5 X original plan review fee\n",
      "group_basis": "visible_preceding_heading",
      "group_binding": {
        "id": "P1-L072",
        "physical_page": 1,
        "native_path": "/Users/mcoors/Documents/Project Geode/MasterLegalDatabase/research/local_review/grand-junction-fire-fees-atlas-source-review-2026-09-11/page-1.native.txt",
        "start": 1990,
        "end": 2012,
        "sha256": "7425923ab837e03c5b9a44484bf142133bc4d09cfcb9e6bf42a5b89eae678c56"
      },
      "label_binding": {
        "id": "P1-L065",
        "physical_page": 1,
        "native_path": "/Users/mcoors/Documents/Project Geode/MasterLegalDatabase/research/local_review/grand-junction-fire-fees-atlas-source-review-2026-09-11/page-1.native.txt",
        "start": 1706,
        "end": 1752,
        "sha256": "70ab12994db8c33639b93be9e3b257f547c13e64c4eab54d186e9833d5e1696f"
      },
      "fee_binding": {
        "id": "P1-L066",
        "physical_page": 1,
        "native_path": "/Users/mcoors/Documents/Project Geode/MasterLegalDatabase/research/local_review/grand-junction-fire-fees-atlas-source-review-2026-09-11/page-1.native.txt",
        "start": 1752,
        "end": 1783,
        "sha256": "f8110115fa0998cce570fdc38a6635656c66911917ee16a89eaed099c2037f39"
      },
      "page_image_path": "/Users/mcoors/Documents/Project Geode/MasterLegalDatabase/research/local_review/grand-junction-fire-fees-atlas-source-review-2026-09-11/page-1.png"
    },
    {
      "row_id": "GJF-R034",
      "physical_page": 1,
      "group": "Miscellaneous Permits\n",
      "label": "Burn Permit\n",
      "fee": "$25 per year\n",
      "group_basis": "visible_preceding_heading",
      "group_binding": {
        "id": "P1-L072",
        "physical_page": 1,
        "native_path": "/Users/mcoors/Documents/Project Geode/MasterLegalDatabase/research/local_review/grand-junction-fire-fees-atlas-source-review-2026-09-11/page-1.native.txt",
        "start": 1990,
        "end": 2012,
        "sha256": "7425923ab837e03c5b9a44484bf142133bc4d09cfcb9e6bf42a5b89eae678c56"
      },
      "label_binding": {
        "id": "P1-L067",
        "physical_page": 1,
        "native_path": "/Users/mcoors/Documents/Project Geode/MasterLegalDatabase/research/local_review/grand-junction-fire-fees-atlas-source-review-2026-09-11/page-1.native.txt",
        "start": 1783,
        "end": 1795,
        "sha256": "7a84bcb389e28fb80cd345b8ed68ffaf873b26d24ad71128341b7549be81882d"
      },
      "fee_binding": {
        "id": "P1-L068",
        "physical_page": 1,
        "native_path": "/Users/mcoors/Documents/Project Geode/MasterLegalDatabase/research/local_review/grand-junction-fire-fees-atlas-source-review-2026-09-11/page-1.native.txt",
        "start": 1795,
        "end": 1808,
        "sha256": "ac26fdc648999af857fc944f62ae2d142041065e0b2e359c7ef3eca4f06a667e"
      },
      "page_image_path": "/Users/mcoors/Documents/Project Geode/MasterLegalDatabase/research/local_review/grand-junction-fire-fees-atlas-source-review-2026-09-11/page-1.png"
    },
    {
      "row_id": "GJF-R035",
      "physical_page": 2,
      "group": "Miscellaneous Permits\n",
      "label": "Mobile Food Preparation Vehicles\n",
      "fee": "$50 per permit (annually)\n",
      "group_basis": "continued_table_no_repeated_heading",
      "group_binding": {
        "id": "P1-L072",
        "physical_page": 1,
        "native_path": "/Users/mcoors/Documents/Project Geode/MasterLegalDatabase/research/local_review/grand-junction-fire-fees-atlas-source-review-2026-09-11/page-1.native.txt",
        "start": 1990,
        "end": 2012,
        "sha256": "7425923ab837e03c5b9a44484bf142133bc4d09cfcb9e6bf42a5b89eae678c56"
      },
      "label_binding": {
        "id": "P2-L001",
        "physical_page": 2,
        "native_path": "/Users/mcoors/Documents/Project Geode/MasterLegalDatabase/research/local_review/grand-junction-fire-fees-atlas-source-review-2026-09-11/page-2.native.txt",
        "start": 0,
        "end": 33,
        "sha256": "82a06b61826a719b6719ea424e3da2939a236b4f50059230985b29c22324ef78"
      },
      "fee_binding": {
        "id": "P2-L002",
        "physical_page": 2,
        "native_path": "/Users/mcoors/Documents/Project Geode/MasterLegalDatabase/research/local_review/grand-junction-fire-fees-atlas-source-review-2026-09-11/page-2.native.txt",
        "start": 33,
        "end": 59,
        "sha256": "92df9827427d2da65bb8f6d174a90c30a8bf7dd6acdfcee18b273f03861bddfb"
      },
      "page_image_path": "/Users/mcoors/Documents/Project Geode/MasterLegalDatabase/research/local_review/grand-junction-fire-fees-atlas-source-review-2026-09-11/page-2.png"
    },
    {
      "row_id": "GJF-R036",
      "physical_page": 2,
      "group": "Miscellaneous Permits\n",
      "label": "Medical Gas/Compressed Gas Systems\n",
      "fee": "$200 ﬂat fee/$50 each inspection\n",
      "group_basis": "continued_table_no_repeated_heading",
      "group_binding": {
        "id": "P1-L072",
        "physical_page": 1,
        "native_path": "/Users/mcoors/Documents/Project Geode/MasterLegalDatabase/research/local_review/grand-junction-fire-fees-atlas-source-review-2026-09-11/page-1.native.txt",
        "start": 1990,
        "end": 2012,
        "sha256": "7425923ab837e03c5b9a44484bf142133bc4d09cfcb9e6bf42a5b89eae678c56"
      },
      "label_binding": {
        "id": "P2-L003",
        "physical_page": 2,
        "native_path": "/Users/mcoors/Documents/Project Geode/MasterLegalDatabase/research/local_review/grand-junction-fire-fees-atlas-source-review-2026-09-11/page-2.native.txt",
        "start": 59,
        "end": 94,
        "sha256": "8417efbebeca5d7e78c9ef79f0837aded034da49789548c694c5152fade2374d"
      },
      "fee_binding": {
        "id": "P2-L004",
        "physical_page": 2,
        "native_path": "/Users/mcoors/Documents/Project Geode/MasterLegalDatabase/research/local_review/grand-junction-fire-fees-atlas-source-review-2026-09-11/page-2.native.txt",
        "start": 94,
        "end": 129,
        "sha256": "1d755c648ed90c8e8d7710c396336b43ec718adcd59c45dc09b11f2d35a83b6d"
      },
      "page_image_path": "/Users/mcoors/Documents/Project Geode/MasterLegalDatabase/research/local_review/grand-junction-fire-fees-atlas-source-review-2026-09-11/page-2.png"
    },
    {
      "row_id": "GJF-R037",
      "physical_page": 2,
      "group": "Miscellaneous Permits\n",
      "label": "Special Amusement Building/Temporary Haunted House\n",
      "fee": "$100 per permit\n",
      "group_basis": "continued_table_no_repeated_heading",
      "group_binding": {
        "id": "P1-L072",
        "physical_page": 1,
        "native_path": "/Users/mcoors/Documents/Project Geode/MasterLegalDatabase/research/local_review/grand-junction-fire-fees-atlas-source-review-2026-09-11/page-1.native.txt",
        "start": 1990,
        "end": 2012,
        "sha256": "7425923ab837e03c5b9a44484bf142133bc4d09cfcb9e6bf42a5b89eae678c56"
      },
      "label_binding": {
        "id": "P2-L005",
        "physical_page": 2,
        "native_path": "/Users/mcoors/Documents/Project Geode/MasterLegalDatabase/research/local_review/grand-junction-fire-fees-atlas-source-review-2026-09-11/page-2.native.txt",
        "start": 129,
        "end": 180,
        "sha256": "e45957c25971b462394dbe89b5bd78925b35d7ebc020062a08012d96c80403eb"
      },
      "fee_binding": {
        "id": "P2-L006",
        "physical_page": 2,
        "native_path": "/Users/mcoors/Documents/Project Geode/MasterLegalDatabase/research/local_review/grand-junction-fire-fees-atlas-source-review-2026-09-11/page-2.native.txt",
        "start": 180,
        "end": 196,
        "sha256": "a40568b79e2410e92461de1a4f4baf500d89054e408dc8f196a3e07a79f77f6d"
      },
      "page_image_path": "/Users/mcoors/Documents/Project Geode/MasterLegalDatabase/research/local_review/grand-junction-fire-fees-atlas-source-review-2026-09-11/page-2.png"
    },
    {
      "row_id": "GJF-R038",
      "physical_page": 2,
      "group": "Miscellaneous Permits\n",
      "label": "Special Request/Licensure Fire Inspection\n",
      "fee": "$50 per permit\n",
      "group_basis": "continued_table_no_repeated_heading",
      "group_binding": {
        "id": "P1-L072",
        "physical_page": 1,
        "native_path": "/Users/mcoors/Documents/Project Geode/MasterLegalDatabase/research/local_review/grand-junction-fire-fees-atlas-source-review-2026-09-11/page-1.native.txt",
        "start": 1990,
        "end": 2012,
        "sha256": "7425923ab837e03c5b9a44484bf142133bc4d09cfcb9e6bf42a5b89eae678c56"
      },
      "label_binding": {
        "id": "P2-L007",
        "physical_page": 2,
        "native_path": "/Users/mcoors/Documents/Project Geode/MasterLegalDatabase/research/local_review/grand-junction-fire-fees-atlas-source-review-2026-09-11/page-2.native.txt",
        "start": 196,
        "end": 238,
        "sha256": "c336666e9ef12d13bd9e3d29b583d1db82669139f2201b1a2dc4557de72e12c1"
      },
      "fee_binding": {
        "id": "P2-L008",
        "physical_page": 2,
        "native_path": "/Users/mcoors/Documents/Project Geode/MasterLegalDatabase/research/local_review/grand-junction-fire-fees-atlas-source-review-2026-09-11/page-2.native.txt",
        "start": 238,
        "end": 253,
        "sha256": "476deb58683e8ee3ae4ca2195a2fa992e9b57e1fa0a9c90b091dd0cf734ec89b"
      },
      "page_image_path": "/Users/mcoors/Documents/Project Geode/MasterLegalDatabase/research/local_review/grand-junction-fire-fees-atlas-source-review-2026-09-11/page-2.png"
    },
    {
      "row_id": "GJF-R039",
      "physical_page": 2,
      "group": "Miscellaneous Permits\n",
      "label": "Exhibits and Trade show\n",
      "fee": "$100 per permit\n",
      "group_basis": "continued_table_no_repeated_heading",
      "group_binding": {
        "id": "P1-L072",
        "physical_page": 1,
        "native_path": "/Users/mcoors/Documents/Project Geode/MasterLegalDatabase/research/local_review/grand-junction-fire-fees-atlas-source-review-2026-09-11/page-1.native.txt",
        "start": 1990,
        "end": 2012,
        "sha256": "7425923ab837e03c5b9a44484bf142133bc4d09cfcb9e6bf42a5b89eae678c56"
      },
      "label_binding": {
        "id": "P2-L009",
        "physical_page": 2,
        "native_path": "/Users/mcoors/Documents/Project Geode/MasterLegalDatabase/research/local_review/grand-junction-fire-fees-atlas-source-review-2026-09-11/page-2.native.txt",
        "start": 253,
        "end": 277,
        "sha256": "903a4cfd7a4f876d44f1c644c92a355c897ce3a9d4af6d17492565c3b38db668"
      },
      "fee_binding": {
        "id": "P2-L010",
        "physical_page": 2,
        "native_path": "/Users/mcoors/Documents/Project Geode/MasterLegalDatabase/research/local_review/grand-junction-fire-fees-atlas-source-review-2026-09-11/page-2.native.txt",
        "start": 277,
        "end": 293,
        "sha256": "a40568b79e2410e92461de1a4f4baf500d89054e408dc8f196a3e07a79f77f6d"
      },
      "page_image_path": "/Users/mcoors/Documents/Project Geode/MasterLegalDatabase/research/local_review/grand-junction-fire-fees-atlas-source-review-2026-09-11/page-2.png"
    },
    {
      "row_id": "GJF-R040",
      "physical_page": 2,
      "group": "Miscellaneous Permits\n",
      "label": "Carnival and Fairs\n",
      "fee": "$100 per permit\n",
      "group_basis": "continued_table_no_repeated_heading",
      "group_binding": {
        "id": "P1-L072",
        "physical_page": 1,
        "native_path": "/Users/mcoors/Documents/Project Geode/MasterLegalDatabase/research/local_review/grand-junction-fire-fees-atlas-source-review-2026-09-11/page-1.native.txt",
        "start": 1990,
        "end": 2012,
        "sha256": "7425923ab837e03c5b9a44484bf142133bc4d09cfcb9e6bf42a5b89eae678c56"
      },
      "label_binding": {
        "id": "P2-L011",
        "physical_page": 2,
        "native_path": "/Users/mcoors/Documents/Project Geode/MasterLegalDatabase/research/local_review/grand-junction-fire-fees-atlas-source-review-2026-09-11/page-2.native.txt",
        "start": 293,
        "end": 312,
        "sha256": "81298ac7010612d0ced56a3dd9f714f059a493eca3add454dcf1ae649371d666"
      },
      "fee_binding": {
        "id": "P2-L012",
        "physical_page": 2,
        "native_path": "/Users/mcoors/Documents/Project Geode/MasterLegalDatabase/research/local_review/grand-junction-fire-fees-atlas-source-review-2026-09-11/page-2.native.txt",
        "start": 312,
        "end": 328,
        "sha256": "a40568b79e2410e92461de1a4f4baf500d89054e408dc8f196a3e07a79f77f6d"
      },
      "page_image_path": "/Users/mcoors/Documents/Project Geode/MasterLegalDatabase/research/local_review/grand-junction-fire-fees-atlas-source-review-2026-09-11/page-2.png"
    },
    {
      "row_id": "GJF-R041",
      "physical_page": 2,
      "group": "Miscellaneous Permits\n",
      "label": "High-Piled Combustible Storage\n",
      "fee": "$100 per permit\n",
      "group_basis": "continued_table_no_repeated_heading",
      "group_binding": {
        "id": "P1-L072",
        "physical_page": 1,
        "native_path": "/Users/mcoors/Documents/Project Geode/MasterLegalDatabase/research/local_review/grand-junction-fire-fees-atlas-source-review-2026-09-11/page-1.native.txt",
        "start": 1990,
        "end": 2012,
        "sha256": "7425923ab837e03c5b9a44484bf142133bc4d09cfcb9e6bf42a5b89eae678c56"
      },
      "label_binding": {
        "id": "P2-L013",
        "physical_page": 2,
        "native_path": "/Users/mcoors/Documents/Project Geode/MasterLegalDatabase/research/local_review/grand-junction-fire-fees-atlas-source-review-2026-09-11/page-2.native.txt",
        "start": 328,
        "end": 359,
        "sha256": "6e4fbadf230b567cda9db426568778e378010dfb29708a7ff5e1087e0e4c0393"
      },
      "fee_binding": {
        "id": "P2-L014",
        "physical_page": 2,
        "native_path": "/Users/mcoors/Documents/Project Geode/MasterLegalDatabase/research/local_review/grand-junction-fire-fees-atlas-source-review-2026-09-11/page-2.native.txt",
        "start": 359,
        "end": 375,
        "sha256": "a40568b79e2410e92461de1a4f4baf500d89054e408dc8f196a3e07a79f77f6d"
      },
      "page_image_path": "/Users/mcoors/Documents/Project Geode/MasterLegalDatabase/research/local_review/grand-junction-fire-fees-atlas-source-review-2026-09-11/page-2.png"
    },
    {
      "row_id": "GJF-R042",
      "physical_page": 2,
      "group": "Miscellaneous Permits\n",
      "label": "Special/ Outdoor Assembly Event\n",
      "fee": "$100 per permit\n",
      "group_basis": "continued_table_no_repeated_heading",
      "group_binding": {
        "id": "P1-L072",
        "physical_page": 1,
        "native_path": "/Users/mcoors/Documents/Project Geode/MasterLegalDatabase/research/local_review/grand-junction-fire-fees-atlas-source-review-2026-09-11/page-1.native.txt",
        "start": 1990,
        "end": 2012,
        "sha256": "7425923ab837e03c5b9a44484bf142133bc4d09cfcb9e6bf42a5b89eae678c56"
      },
      "label_binding": {
        "id": "P2-L015",
        "physical_page": 2,
        "native_path": "/Users/mcoors/Documents/Project Geode/MasterLegalDatabase/research/local_review/grand-junction-fire-fees-atlas-source-review-2026-09-11/page-2.native.txt",
        "start": 375,
        "end": 407,
        "sha256": "c03b22d2dbe6a2cd6747fbe8adadf7b5a53b9598276cfb029300cc9ae301d69e"
      },
      "fee_binding": {
        "id": "P2-L016",
        "physical_page": 2,
        "native_path": "/Users/mcoors/Documents/Project Geode/MasterLegalDatabase/research/local_review/grand-junction-fire-fees-atlas-source-review-2026-09-11/page-2.native.txt",
        "start": 407,
        "end": 423,
        "sha256": "a40568b79e2410e92461de1a4f4baf500d89054e408dc8f196a3e07a79f77f6d"
      },
      "page_image_path": "/Users/mcoors/Documents/Project Geode/MasterLegalDatabase/research/local_review/grand-junction-fire-fees-atlas-source-review-2026-09-11/page-2.png"
    },
    {
      "row_id": "GJF-R043",
      "physical_page": 2,
      "group": "Miscellaneous Permits\n",
      "label": "Temporary Special Event Structures\n",
      "fee": "$100 per permit\n",
      "group_basis": "continued_table_no_repeated_heading",
      "group_binding": {
        "id": "P1-L072",
        "physical_page": 1,
        "native_path": "/Users/mcoors/Documents/Project Geode/MasterLegalDatabase/research/local_review/grand-junction-fire-fees-atlas-source-review-2026-09-11/page-1.native.txt",
        "start": 1990,
        "end": 2012,
        "sha256": "7425923ab837e03c5b9a44484bf142133bc4d09cfcb9e6bf42a5b89eae678c56"
      },
      "label_binding": {
        "id": "P2-L017",
        "physical_page": 2,
        "native_path": "/Users/mcoors/Documents/Project Geode/MasterLegalDatabase/research/local_review/grand-junction-fire-fees-atlas-source-review-2026-09-11/page-2.native.txt",
        "start": 423,
        "end": 458,
        "sha256": "af3fe96ed8ed9ed5e13c412c4c7af5d124864b735e68cfaec28546081bcd3b2b"
      },
      "fee_binding": {
        "id": "P2-L018",
        "physical_page": 2,
        "native_path": "/Users/mcoors/Documents/Project Geode/MasterLegalDatabase/research/local_review/grand-junction-fire-fees-atlas-source-review-2026-09-11/page-2.native.txt",
        "start": 458,
        "end": 474,
        "sha256": "a40568b79e2410e92461de1a4f4baf500d89054e408dc8f196a3e07a79f77f6d"
      },
      "page_image_path": "/Users/mcoors/Documents/Project Geode/MasterLegalDatabase/research/local_review/grand-junction-fire-fees-atlas-source-review-2026-09-11/page-2.png"
    },
    {
      "row_id": "GJF-R044",
      "physical_page": 2,
      "group": "Miscellaneous Permits\n",
      "label": "Alternative Materials, Designs, & Methods Review\n",
      "fee": "$120.00 /hour\n",
      "group_basis": "continued_table_no_repeated_heading",
      "group_binding": {
        "id": "P1-L072",
        "physical_page": 1,
        "native_path": "/Users/mcoors/Documents/Project Geode/MasterLegalDatabase/research/local_review/grand-junction-fire-fees-atlas-source-review-2026-09-11/page-1.native.txt",
        "start": 1990,
        "end": 2012,
        "sha256": "7425923ab837e03c5b9a44484bf142133bc4d09cfcb9e6bf42a5b89eae678c56"
      },
      "label_binding": {
        "id": "P2-L019",
        "physical_page": 2,
        "native_path": "/Users/mcoors/Documents/Project Geode/MasterLegalDatabase/research/local_review/grand-junction-fire-fees-atlas-source-review-2026-09-11/page-2.native.txt",
        "start": 474,
        "end": 523,
        "sha256": "7025473af5269336ddd02ee1cf02e8861f5c8561c374c3a13a40e8a5f14437bb"
      },
      "fee_binding": {
        "id": "P2-L020",
        "physical_page": 2,
        "native_path": "/Users/mcoors/Documents/Project Geode/MasterLegalDatabase/research/local_review/grand-junction-fire-fees-atlas-source-review-2026-09-11/page-2.native.txt",
        "start": 523,
        "end": 537,
        "sha256": "65426f42080e1e861be6bc333771c6bf83ffffca1a6fa28ff0057619bcf06a97"
      },
      "page_image_path": "/Users/mcoors/Documents/Project Geode/MasterLegalDatabase/research/local_review/grand-junction-fire-fees-atlas-source-review-2026-09-11/page-2.png"
    },
    {
      "row_id": "GJF-R045",
      "physical_page": 2,
      "group": "Miscellaneous Permits\n",
      "label": "LP Gas Tank Exchange/Cage\n",
      "fee": "$100 per permit\n",
      "group_basis": "continued_table_no_repeated_heading",
      "group_binding": {
        "id": "P1-L072",
        "physical_page": 1,
        "native_path": "/Users/mcoors/Documents/Project Geode/MasterLegalDatabase/research/local_review/grand-junction-fire-fees-atlas-source-review-2026-09-11/page-1.native.txt",
        "start": 1990,
        "end": 2012,
        "sha256": "7425923ab837e03c5b9a44484bf142133bc4d09cfcb9e6bf42a5b89eae678c56"
      },
      "label_binding": {
        "id": "P2-L021",
        "physical_page": 2,
        "native_path": "/Users/mcoors/Documents/Project Geode/MasterLegalDatabase/research/local_review/grand-junction-fire-fees-atlas-source-review-2026-09-11/page-2.native.txt",
        "start": 537,
        "end": 563,
        "sha256": "cf19eec1ada6154f11f4049b0d38324a323c3d230a0671a42abe663dedecc0ab"
      },
      "fee_binding": {
        "id": "P2-L022",
        "physical_page": 2,
        "native_path": "/Users/mcoors/Documents/Project Geode/MasterLegalDatabase/research/local_review/grand-junction-fire-fees-atlas-source-review-2026-09-11/page-2.native.txt",
        "start": 563,
        "end": 579,
        "sha256": "a40568b79e2410e92461de1a4f4baf500d89054e408dc8f196a3e07a79f77f6d"
      },
      "page_image_path": "/Users/mcoors/Documents/Project Geode/MasterLegalDatabase/research/local_review/grand-junction-fire-fees-atlas-source-review-2026-09-11/page-2.png"
    },
    {
      "row_id": "GJF-R046",
      "physical_page": 2,
      "group": "Miscellaneous Permits\n",
      "label": "Hazardous Materials Plan Review & Permit\n",
      "fee": "$300 ﬂat fee/$50 each inspection\n",
      "group_basis": "continued_table_no_repeated_heading",
      "group_binding": {
        "id": "P1-L072",
        "physical_page": 1,
        "native_path": "/Users/mcoors/Documents/Project Geode/MasterLegalDatabase/research/local_review/grand-junction-fire-fees-atlas-source-review-2026-09-11/page-1.native.txt",
        "start": 1990,
        "end": 2012,
        "sha256": "7425923ab837e03c5b9a44484bf142133bc4d09cfcb9e6bf42a5b89eae678c56"
      },
      "label_binding": {
        "id": "P2-L023",
        "physical_page": 2,
        "native_path": "/Users/mcoors/Documents/Project Geode/MasterLegalDatabase/research/local_review/grand-junction-fire-fees-atlas-source-review-2026-09-11/page-2.native.txt",
        "start": 579,
        "end": 620,
        "sha256": "27fb05ec5fa8d959e6a856349be963be5ccddc4c65d8e4ff12cc4bd658885755"
      },
      "fee_binding": {
        "id": "P2-L024",
        "physical_page": 2,
        "native_path": "/Users/mcoors/Documents/Project Geode/MasterLegalDatabase/research/local_review/grand-junction-fire-fees-atlas-source-review-2026-09-11/page-2.native.txt",
        "start": 620,
        "end": 655,
        "sha256": "036c3431fd032ca31f98aad1fb785c0c809031d28f4bb1cb09b0ef3452913cd0"
      },
      "page_image_path": "/Users/mcoors/Documents/Project Geode/MasterLegalDatabase/research/local_review/grand-junction-fire-fees-atlas-source-review-2026-09-11/page-2.png"
    },
    {
      "row_id": "GJF-R047",
      "physical_page": 2,
      "group": "Miscellaneous Permits\n",
      "label": "Processing & Extraction Facilities\n",
      "fee": "$300 ﬂat fee/$50 each inspection\n",
      "group_basis": "continued_table_no_repeated_heading",
      "group_binding": {
        "id": "P1-L072",
        "physical_page": 1,
        "native_path": "/Users/mcoors/Documents/Project Geode/MasterLegalDatabase/research/local_review/grand-junction-fire-fees-atlas-source-review-2026-09-11/page-1.native.txt",
        "start": 1990,
        "end": 2012,
        "sha256": "7425923ab837e03c5b9a44484bf142133bc4d09cfcb9e6bf42a5b89eae678c56"
      },
      "label_binding": {
        "id": "P2-L025",
        "physical_page": 2,
        "native_path": "/Users/mcoors/Documents/Project Geode/MasterLegalDatabase/research/local_review/grand-junction-fire-fees-atlas-source-review-2026-09-11/page-2.native.txt",
        "start": 655,
        "end": 690,
        "sha256": "1fae27a43bf623d8c3cef23fdc15ef1e243e93c8237bac61647f2e1644ceb136"
      },
      "fee_binding": {
        "id": "P2-L026",
        "physical_page": 2,
        "native_path": "/Users/mcoors/Documents/Project Geode/MasterLegalDatabase/research/local_review/grand-junction-fire-fees-atlas-source-review-2026-09-11/page-2.native.txt",
        "start": 690,
        "end": 725,
        "sha256": "036c3431fd032ca31f98aad1fb785c0c809031d28f4bb1cb09b0ef3452913cd0"
      },
      "page_image_path": "/Users/mcoors/Documents/Project Geode/MasterLegalDatabase/research/local_review/grand-junction-fire-fees-atlas-source-review-2026-09-11/page-2.png"
    },
    {
      "row_id": "GJF-R048",
      "physical_page": 2,
      "group": "Miscellaneous Permits\n",
      "label": "HVAC Installation\n",
      "fee": "$50 flat fee/$50 each inspection\n",
      "group_basis": "continued_table_no_repeated_heading",
      "group_binding": {
        "id": "P1-L072",
        "physical_page": 1,
        "native_path": "/Users/mcoors/Documents/Project Geode/MasterLegalDatabase/research/local_review/grand-junction-fire-fees-atlas-source-review-2026-09-11/page-1.native.txt",
        "start": 1990,
        "end": 2012,
        "sha256": "7425923ab837e03c5b9a44484bf142133bc4d09cfcb9e6bf42a5b89eae678c56"
      },
      "label_binding": {
        "id": "P2-L027",
        "physical_page": 2,
        "native_path": "/Users/mcoors/Documents/Project Geode/MasterLegalDatabase/research/local_review/grand-junction-fire-fees-atlas-source-review-2026-09-11/page-2.native.txt",
        "start": 725,
        "end": 743,
        "sha256": "654850d271f0a942a7b71bb9967f6a32ae36e7b7469d10d0d75ef051e224c313"
      },
      "fee_binding": {
        "id": "P2-L028",
        "physical_page": 2,
        "native_path": "/Users/mcoors/Documents/Project Geode/MasterLegalDatabase/research/local_review/grand-junction-fire-fees-atlas-source-review-2026-09-11/page-2.native.txt",
        "start": 743,
        "end": 776,
        "sha256": "bc469b350fe1090c34fe3948def19620c4fb97507522022fab350ef4c63854fa"
      },
      "page_image_path": "/Users/mcoors/Documents/Project Geode/MasterLegalDatabase/research/local_review/grand-junction-fire-fees-atlas-source-review-2026-09-11/page-2.png"
    },
    {
      "row_id": "GJF-R049",
      "physical_page": 2,
      "group": "Miscellaneous Permits\n",
      "label": "Additive Manufacturing\n",
      "fee": "$300 flat fee/$50 each inspection\n",
      "group_basis": "continued_table_no_repeated_heading",
      "group_binding": {
        "id": "P1-L072",
        "physical_page": 1,
        "native_path": "/Users/mcoors/Documents/Project Geode/MasterLegalDatabase/research/local_review/grand-junction-fire-fees-atlas-source-review-2026-09-11/page-1.native.txt",
        "start": 1990,
        "end": 2012,
        "sha256": "7425923ab837e03c5b9a44484bf142133bc4d09cfcb9e6bf42a5b89eae678c56"
      },
      "label_binding": {
        "id": "P2-L029",
        "physical_page": 2,
        "native_path": "/Users/mcoors/Documents/Project Geode/MasterLegalDatabase/research/local_review/grand-junction-fire-fees-atlas-source-review-2026-09-11/page-2.native.txt",
        "start": 776,
        "end": 799,
        "sha256": "4a516010dc86c730718034df678fa111e7b236356f8fbafd26697c91fc7b26c9"
      },
      "fee_binding": {
        "id": "P2-L030",
        "physical_page": 2,
        "native_path": "/Users/mcoors/Documents/Project Geode/MasterLegalDatabase/research/local_review/grand-junction-fire-fees-atlas-source-review-2026-09-11/page-2.native.txt",
        "start": 799,
        "end": 833,
        "sha256": "c24e3d963cd6fdeba5f31edbdc0e25324a3f246d09e585bd769cdd89bd2c0583"
      },
      "page_image_path": "/Users/mcoors/Documents/Project Geode/MasterLegalDatabase/research/local_review/grand-junction-fire-fees-atlas-source-review-2026-09-11/page-2.png"
    },
    {
      "row_id": "GJF-R050",
      "physical_page": 2,
      "group": "Miscellaneous Permits\n",
      "label": "Aviation Facilities\n",
      "fee": "$300 flat fee/$50 each inspection\n",
      "group_basis": "continued_table_no_repeated_heading",
      "group_binding": {
        "id": "P1-L072",
        "physical_page": 1,
        "native_path": "/Users/mcoors/Documents/Project Geode/MasterLegalDatabase/research/local_review/grand-junction-fire-fees-atlas-source-review-2026-09-11/page-1.native.txt",
        "start": 1990,
        "end": 2012,
        "sha256": "7425923ab837e03c5b9a44484bf142133bc4d09cfcb9e6bf42a5b89eae678c56"
      },
      "label_binding": {
        "id": "P2-L031",
        "physical_page": 2,
        "native_path": "/Users/mcoors/Documents/Project Geode/MasterLegalDatabase/research/local_review/grand-junction-fire-fees-atlas-source-review-2026-09-11/page-2.native.txt",
        "start": 833,
        "end": 853,
        "sha256": "d8eaf99b8fbdb0337bd27f8c22df7cfe0b1de7bef32a20856abf38a7e74d4fc8"
      },
      "fee_binding": {
        "id": "P2-L032",
        "physical_page": 2,
        "native_path": "/Users/mcoors/Documents/Project Geode/MasterLegalDatabase/research/local_review/grand-junction-fire-fees-atlas-source-review-2026-09-11/page-2.native.txt",
        "start": 853,
        "end": 887,
        "sha256": "c24e3d963cd6fdeba5f31edbdc0e25324a3f246d09e585bd769cdd89bd2c0583"
      },
      "page_image_path": "/Users/mcoors/Documents/Project Geode/MasterLegalDatabase/research/local_review/grand-junction-fire-fees-atlas-source-review-2026-09-11/page-2.png"
    },
    {
      "row_id": "GJF-R051",
      "physical_page": 2,
      "group": "Miscellaneous Permits\n",
      "label": "Combustible Dust Operations\n",
      "fee": "$300 flat fee/$50 each inspection\n",
      "group_basis": "continued_table_no_repeated_heading",
      "group_binding": {
        "id": "P1-L072",
        "physical_page": 1,
        "native_path": "/Users/mcoors/Documents/Project Geode/MasterLegalDatabase/research/local_review/grand-junction-fire-fees-atlas-source-review-2026-09-11/page-1.native.txt",
        "start": 1990,
        "end": 2012,
        "sha256": "7425923ab837e03c5b9a44484bf142133bc4d09cfcb9e6bf42a5b89eae678c56"
      },
      "label_binding": {
        "id": "P2-L033",
        "physical_page": 2,
        "native_path": "/Users/mcoors/Documents/Project Geode/MasterLegalDatabase/research/local_review/grand-junction-fire-fees-atlas-source-review-2026-09-11/page-2.native.txt",
        "start": 887,
        "end": 915,
        "sha256": "8e71f0bb1b2c2ac4cf2f20b2af09e2a6f2d5a5ad6cf12baf1cb3e4603e49cdcc"
      },
      "fee_binding": {
        "id": "P2-L034",
        "physical_page": 2,
        "native_path": "/Users/mcoors/Documents/Project Geode/MasterLegalDatabase/research/local_review/grand-junction-fire-fees-atlas-source-review-2026-09-11/page-2.native.txt",
        "start": 915,
        "end": 949,
        "sha256": "c24e3d963cd6fdeba5f31edbdc0e25324a3f246d09e585bd769cdd89bd2c0583"
      },
      "page_image_path": "/Users/mcoors/Documents/Project Geode/MasterLegalDatabase/research/local_review/grand-junction-fire-fees-atlas-source-review-2026-09-11/page-2.png"
    },
    {
      "row_id": "GJF-R052",
      "physical_page": 2,
      "group": "Miscellaneous Permits\n",
      "label": "Combustible Fibers\n",
      "fee": "$300 flat fee/$50 each inspection\n",
      "group_basis": "continued_table_no_repeated_heading",
      "group_binding": {
        "id": "P1-L072",
        "physical_page": 1,
        "native_path": "/Users/mcoors/Documents/Project Geode/MasterLegalDatabase/research/local_review/grand-junction-fire-fees-atlas-source-review-2026-09-11/page-1.native.txt",
        "start": 1990,
        "end": 2012,
        "sha256": "7425923ab837e03c5b9a44484bf142133bc4d09cfcb9e6bf42a5b89eae678c56"
      },
      "label_binding": {
        "id": "P2-L035",
        "physical_page": 2,
        "native_path": "/Users/mcoors/Documents/Project Geode/MasterLegalDatabase/research/local_review/grand-junction-fire-fees-atlas-source-review-2026-09-11/page-2.native.txt",
        "start": 949,
        "end": 968,
        "sha256": "ab7d63ec37458e7ee96f347be7f2c010e1cd63c48e123beaf51af826ce152d79"
      },
      "fee_binding": {
        "id": "P2-L036",
        "physical_page": 2,
        "native_path": "/Users/mcoors/Documents/Project Geode/MasterLegalDatabase/research/local_review/grand-junction-fire-fees-atlas-source-review-2026-09-11/page-2.native.txt",
        "start": 968,
        "end": 1002,
        "sha256": "c24e3d963cd6fdeba5f31edbdc0e25324a3f246d09e585bd769cdd89bd2c0583"
      },
      "page_image_path": "/Users/mcoors/Documents/Project Geode/MasterLegalDatabase/research/local_review/grand-junction-fire-fees-atlas-source-review-2026-09-11/page-2.png"
    },
    {
      "row_id": "GJF-R053",
      "physical_page": 2,
      "group": "Miscellaneous Permits\n",
      "label": "Energy Storage/Solar PVP Systems\n",
      "fee": "$300 flat fee/$50 each inspection\n",
      "group_basis": "continued_table_no_repeated_heading",
      "group_binding": {
        "id": "P1-L072",
        "physical_page": 1,
        "native_path": "/Users/mcoors/Documents/Project Geode/MasterLegalDatabase/research/local_review/grand-junction-fire-fees-atlas-source-review-2026-09-11/page-1.native.txt",
        "start": 1990,
        "end": 2012,
        "sha256": "7425923ab837e03c5b9a44484bf142133bc4d09cfcb9e6bf42a5b89eae678c56"
      },
      "label_binding": {
        "id": "P2-L037",
        "physical_page": 2,
        "native_path": "/Users/mcoors/Documents/Project Geode/MasterLegalDatabase/research/local_review/grand-junction-fire-fees-atlas-source-review-2026-09-11/page-2.native.txt",
        "start": 1002,
        "end": 1035,
        "sha256": "561878ad8886ac320349a97a16a6d0be7bae25ace589909d60db082a04871ae5"
      },
      "fee_binding": {
        "id": "P2-L038",
        "physical_page": 2,
        "native_path": "/Users/mcoors/Documents/Project Geode/MasterLegalDatabase/research/local_review/grand-junction-fire-fees-atlas-source-review-2026-09-11/page-2.native.txt",
        "start": 1035,
        "end": 1069,
        "sha256": "c24e3d963cd6fdeba5f31edbdc0e25324a3f246d09e585bd769cdd89bd2c0583"
      },
      "page_image_path": "/Users/mcoors/Documents/Project Geode/MasterLegalDatabase/research/local_review/grand-junction-fire-fees-atlas-source-review-2026-09-11/page-2.png"
    },
    {
      "row_id": "GJF-R054",
      "physical_page": 2,
      "group": "Miscellaneous Permits\n",
      "label": "Hazardous Production Materials\n",
      "fee": "$300 flat fee/$50 each inspection\n",
      "group_basis": "continued_table_no_repeated_heading",
      "group_binding": {
        "id": "P1-L072",
        "physical_page": 1,
        "native_path": "/Users/mcoors/Documents/Project Geode/MasterLegalDatabase/research/local_review/grand-junction-fire-fees-atlas-source-review-2026-09-11/page-1.native.txt",
        "start": 1990,
        "end": 2012,
        "sha256": "7425923ab837e03c5b9a44484bf142133bc4d09cfcb9e6bf42a5b89eae678c56"
      },
      "label_binding": {
        "id": "P2-L039",
        "physical_page": 2,
        "native_path": "/Users/mcoors/Documents/Project Geode/MasterLegalDatabase/research/local_review/grand-junction-fire-fees-atlas-source-review-2026-09-11/page-2.native.txt",
        "start": 1069,
        "end": 1100,
        "sha256": "9a5c34bc7397e9d884893ec29b3fbe438797016d1e8bf6ea02e3b3f12a5dc6b4"
      },
      "fee_binding": {
        "id": "P2-L040",
        "physical_page": 2,
        "native_path": "/Users/mcoors/Documents/Project Geode/MasterLegalDatabase/research/local_review/grand-junction-fire-fees-atlas-source-review-2026-09-11/page-2.native.txt",
        "start": 1100,
        "end": 1134,
        "sha256": "c24e3d963cd6fdeba5f31edbdc0e25324a3f246d09e585bd769cdd89bd2c0583"
      },
      "page_image_path": "/Users/mcoors/Documents/Project Geode/MasterLegalDatabase/research/local_review/grand-junction-fire-fees-atlas-source-review-2026-09-11/page-2.png"
    },
    {
      "row_id": "GJF-R055",
      "physical_page": 2,
      "group": "Miscellaneous Permits\n",
      "label": "Indoor Plant Cultivation\n",
      "fee": "$300 flat fee/$50 each inspection\n",
      "group_basis": "continued_table_no_repeated_heading",
      "group_binding": {
        "id": "P1-L072",
        "physical_page": 1,
        "native_path": "/Users/mcoors/Documents/Project Geode/MasterLegalDatabase/research/local_review/grand-junction-fire-fees-atlas-source-review-2026-09-11/page-1.native.txt",
        "start": 1990,
        "end": 2012,
        "sha256": "7425923ab837e03c5b9a44484bf142133bc4d09cfcb9e6bf42a5b89eae678c56"
      },
      "label_binding": {
        "id": "P2-L041",
        "physical_page": 2,
        "native_path": "/Users/mcoors/Documents/Project Geode/MasterLegalDatabase/research/local_review/grand-junction-fire-fees-atlas-source-review-2026-09-11/page-2.native.txt",
        "start": 1134,
        "end": 1159,
        "sha256": "f29edf0495365082b8fec6aff1575e97d38db18e99d3a023273d55f163366258"
      },
      "fee_binding": {
        "id": "P2-L042",
        "physical_page": 2,
        "native_path": "/Users/mcoors/Documents/Project Geode/MasterLegalDatabase/research/local_review/grand-junction-fire-fees-atlas-source-review-2026-09-11/page-2.native.txt",
        "start": 1159,
        "end": 1193,
        "sha256": "c24e3d963cd6fdeba5f31edbdc0e25324a3f246d09e585bd769cdd89bd2c0583"
      },
      "page_image_path": "/Users/mcoors/Documents/Project Geode/MasterLegalDatabase/research/local_review/grand-junction-fire-fees-atlas-source-review-2026-09-11/page-2.png"
    },
    {
      "row_id": "GJF-R056",
      "physical_page": 2,
      "group": "Miscellaneous Permits\n",
      "label": "Lithium Battery\n",
      "fee": "$300 flat fee/$50 each inspection\n",
      "group_basis": "continued_table_no_repeated_heading",
      "group_binding": {
        "id": "P1-L072",
        "physical_page": 1,
        "native_path": "/Users/mcoors/Documents/Project Geode/MasterLegalDatabase/research/local_review/grand-junction-fire-fees-atlas-source-review-2026-09-11/page-1.native.txt",
        "start": 1990,
        "end": 2012,
        "sha256": "7425923ab837e03c5b9a44484bf142133bc4d09cfcb9e6bf42a5b89eae678c56"
      },
      "label_binding": {
        "id": "P2-L043",
        "physical_page": 2,
        "native_path": "/Users/mcoors/Documents/Project Geode/MasterLegalDatabase/research/local_review/grand-junction-fire-fees-atlas-source-review-2026-09-11/page-2.native.txt",
        "start": 1193,
        "end": 1209,
        "sha256": "6bcaf251dc87a2983a979c990c91b4a71a01941e18c9de93304eb9eecca2cc98"
      },
      "fee_binding": {
        "id": "P2-L044",
        "physical_page": 2,
        "native_path": "/Users/mcoors/Documents/Project Geode/MasterLegalDatabase/research/local_review/grand-junction-fire-fees-atlas-source-review-2026-09-11/page-2.native.txt",
        "start": 1209,
        "end": 1243,
        "sha256": "c24e3d963cd6fdeba5f31edbdc0e25324a3f246d09e585bd769cdd89bd2c0583"
      },
      "page_image_path": "/Users/mcoors/Documents/Project Geode/MasterLegalDatabase/research/local_review/grand-junction-fire-fees-atlas-source-review-2026-09-11/page-2.png"
    },
    {
      "row_id": "GJF-R057",
      "physical_page": 2,
      "group": "Miscellaneous Permits\n",
      "label": "Lumber Yard/Woodworking Plants\n",
      "fee": "$300 flat fee/$50 each inspection\n",
      "group_basis": "continued_table_no_repeated_heading",
      "group_binding": {
        "id": "P1-L072",
        "physical_page": 1,
        "native_path": "/Users/mcoors/Documents/Project Geode/MasterLegalDatabase/research/local_review/grand-junction-fire-fees-atlas-source-review-2026-09-11/page-1.native.txt",
        "start": 1990,
        "end": 2012,
        "sha256": "7425923ab837e03c5b9a44484bf142133bc4d09cfcb9e6bf42a5b89eae678c56"
      },
      "label_binding": {
        "id": "P2-L045",
        "physical_page": 2,
        "native_path": "/Users/mcoors/Documents/Project Geode/MasterLegalDatabase/research/local_review/grand-junction-fire-fees-atlas-source-review-2026-09-11/page-2.native.txt",
        "start": 1243,
        "end": 1274,
        "sha256": "f71ba8e3f68954bb30bf0405ec8ee8d7466838ea8561a717cfec588a5ba48ddf"
      },
      "fee_binding": {
        "id": "P2-L046",
        "physical_page": 2,
        "native_path": "/Users/mcoors/Documents/Project Geode/MasterLegalDatabase/research/local_review/grand-junction-fire-fees-atlas-source-review-2026-09-11/page-2.native.txt",
        "start": 1274,
        "end": 1308,
        "sha256": "c24e3d963cd6fdeba5f31edbdc0e25324a3f246d09e585bd769cdd89bd2c0583"
      },
      "page_image_path": "/Users/mcoors/Documents/Project Geode/MasterLegalDatabase/research/local_review/grand-junction-fire-fees-atlas-source-review-2026-09-11/page-2.png"
    }
  ],
  "observations": [
    "All 57 visible fee rows were directly checked against full 144-dpi Poppler renders. Native text has 3,673 bytes and 127 lines; words, amounts, whitespace and ligatures remain unchanged.",
    "The five native group headings occur after all fee rows and in reverse visual order. The reviewed map attaches 2 new-building, 4 tenant-finish, 2 fire-alarm, 2 sprinkler and 24 miscellaneous rows to their visible headings.",
    "The 23 page-two rows visibly continue the table under the page title Fire Prevention Service Fees Continued. Miscellaneous Permits is not reprinted; the cross-page group association is an explicit layout annotation, not inserted source text.",
    "Both page titles and contact lines occur after fee rows in native extraction but are visible at the top. Printed footer text remains separate. Each page has a fire-department emblem; native text does not transcribe its raster lettering. Exact emblem microlettering and font glyph code points are not certified.",
    "New-building tiers begin at 1-5,000 square feet; tenant-finish tiers begin at 1-200 and continue 201-500, 501-5,000 and >5,000. No unstated zero-area tier or calculation rule is added.",
    "The fire-alarm modification row visibly says flate fee= < 5 devices, while sprinkler modification says (=< 20 heads). Preserve these source spellings/operators without replacing them with a normalized inequality or merging their scopes.",
    "Includes inspections applies to the 1-200 tenant-finish row. Other listed per-inspection charges, the per-trip/paid-prior condition, per-tank versus flat charges and per-device wording remain inside their respective fee cells.",
    "Double regular fee belongs to work performed without obtaining a permit. The 1.5 X original plan review fee belongs to plans requiring more than two (2) reviews. Neither multiplier is applied to other rows.",
    "Annual Mobile Food Preparation Vehicles, hourly Alternative Materials/Designs/Methods Review, and Burn Permit per-year labels remain distinct. Repeated storage and spray labels on the source are not deduplicated.",
    "Explosives of blasting agents, PVP Systems and flate are preserved as printed/native source wording. Mixed native ligatures and plain letter sequences are not rewritten as corrections.",
    "No visible edition, adoption or effective date was observed. September 2025 PDF creation/modification metadata do not establish legal dates. The alternate linked fee endpoint and adopting instruments have not been reconciled.",
    "The city referral and printed Grand Junction contact details identify this source; its applicability to a separately named rural fire district or other authority is not established by this document review."
  ],
  "page_context": {
    "1": [
      "Fire Prevention Service Fees\n",
      "625 Ute Avenue, Grand Junction, CO 81501   Oﬃce: 970.549.5800\n",
      "Fax: 970.549.5850   Email: ﬁre@gjcity.org   Website: www.gjcity.org/201/Codes-Permits.\n",
      "Page 1 of 2 (Page 1)\n"
    ],
    "2": [
      "Fire Prevention Service Fees Continued\n",
      "625 Ute Avenue, Grand Junction, CO 81501   Oﬃce: 970.549.5800\n",
      "Fax: 970.549.5850   Email: ﬁre@gjcity.org   Website: www.gjcity.org/201/Codes-Permits.\n",
      "Page 2 of 2 (Page 2)\n"
    ]
  },
  "boundary": "The preserved source states the quoted text. This is a lookup of one checked 57-row snapshot, not current law, an applicability decision or a fee calculation. No matching row does not establish that a service is free, exempt or unregulated.",
  "legal_currentness": "not_verified",
  "answer_safe": false,
  "adoption_date": null,
  "effective_date": null,
  "source_edition_date": null
}
