{
  "status": "matched",
  "source_id": "greeley-water-sewer-proposed-pif-notice-sd008-08",
  "authority_id": "CO-MUNICIPAL-GREELEY",
  "query": null,
  "evidence_verified": true,
  "source": {
    "source_id": "greeley-water-sewer-proposed-pif-notice-sd008-08",
    "authority_id": "CO-MUNICIPAL-GREELEY",
    "source_role": "proposed_water_sewer_pif_notice",
    "official_source_url": null,
    "official_referral_url": "https://greeleyco.gov/business/construction-and-growth/building-permits-and-inspections/",
    "reported_requested_url": "https://cogy-p-001.sitecorecontenthub.cloud/api/public/content/43b3c7a9134e4881babf60501311ea21?v=be391228",
    "reported_final_url": "https://cogy-p-001.sitecorecontenthub.cloud/api/public/content/43b3c7a9134e4881babf60501311ea21?v=be391228",
    "reported_acquisition_at": "2026-09-11T18:50:32Z",
    "original_acquisition_time": null,
    "received_at": "2026-09-11T19:15:24.670419Z",
    "reviewed_at": "2026-09-11T19:38:12.347383Z",
    "external_reconciliation_at": "2026-09-12T22:26:42.769448Z",
    "superseding_disposition_at": "2026-09-12T22:36:02.275962Z",
    "acquisition_method": "received_review_package",
    "acquisition_qualification": "Received review package. Supplied HTTP acquisition time is not independently verified; repository receipt time is distinct. The reported Sitecore URL is linked by retained official referral HTML, while the canonical official source URL remains null.",
    "pdf_path": "/Users/mcoors/Documents/Project Geode/MasterLegalDatabase/research/local_review/ebenezer-016-017-reconciliation-2026-09-12/historical-packet/baseline/EB-PDF-017/inputs/original.pdf",
    "pdf_sha256": "edfd4eecc57657bec922b8e0e63597fbf2fc957936d8f26a1a457b195dac145c",
    "candidate_path": "/Users/mcoors/Documents/Project Geode/MasterLegalDatabase/research/local_review/ebenezer-016-017-reconciliation-2026-09-12/historical-packet/baseline/EB-PDF-017/inputs/candidate.txt",
    "candidate_sha256": "b1bbe00ab454ec987faa397abd811b5981fe7ffb05f1d9b20ee0932f10e12ef8",
    "review_path": "/Users/mcoors/Documents/Project Geode/MasterLegalDatabase/research/local_review/ebenezer-016-017-reconciliation-2026-09-12/historical-packet/baseline/EB-PDF-017/SOURCE_REVIEW.json",
    "review_sha256": "8a4675b8a64ae38df5f31915b118e92d053d7740c27fa58db9d26b92948cdb25",
    "provenance_path": "/Users/mcoors/Documents/Project Geode/MasterLegalDatabase/research/local_review/greeley-fees-atlas-source-review-2026-09-11/packet/manifest.json",
    "packet_manifest_sha256": "dcb4565ae9a3ce007f7a96e0fcc74cd6ebe8664b435cb1a278d8a75a2f152397",
    "reconciliation_path": "/Users/mcoors/Documents/Project Geode/MasterLegalDatabase/research/local_review/ebenezer-016-017-reconciliation-2026-09-12/historical-packet/RECONCILIATION.json",
    "reconciliation_sha256": "e804d608d9d1ee89b8e14ab0f76a918c2eee685be10c02017f91596d6bd20e9f",
    "superseding_disposition_path": "/Users/mcoors/Documents/Project Geode/MasterLegalDatabase/research/local_review/ebenezer-016-017-reconciliation-2026-09-12/SUPERSEDING_DISPOSITION.json",
    "superseding_disposition_sha256": "1fb8621bf63e7e383309d4d0bcbe4242812561ed27c89ab6e53f830b81a10948",
    "package_manifest_sha256": "4b9ca2a54ea75b0d2136500cf6af45e5d760659a1682b81991926efbf840bd6f",
    "verifier_sha256": "444604a2274d330c18f90a7a122888d27e0b182d5f5c3929c8a76525b2e73bbd"
  },
  "rows": [
    {
      "row_id": "tap-1",
      "physical_page": 2,
      "role": "fee",
      "cells": [
        {
          "column_start": 1,
          "column_span": 1,
          "text": "3/4\"",
          "status": "native_bound_visible_text",
          "native_spans": [
            {
              "physical_page": 2,
              "text": "3/4\"",
              "native_start": 277,
              "native_end": 281,
              "candidate_native_offset": 966,
              "candidate_start": 1243,
              "candidate_end": 1247,
              "candidate_path": "/Users/mcoors/Documents/Project Geode/MasterLegalDatabase/research/local_review/ebenezer-016-017-reconciliation-2026-09-12/historical-packet/baseline/EB-PDF-017/inputs/candidate.txt",
              "sha256": "986aac6c1d4706b6f86e5d7c0e343b94212cbd7ef27c2059ed3d386fa797cdf1"
            }
          ]
        },
        {
          "column_start": 2,
          "column_span": 1,
          "text": "$11,200",
          "status": "native_bound_visible_text",
          "native_spans": [
            {
              "physical_page": 2,
              "text": "$11,200",
              "native_start": 283,
              "native_end": 290,
              "candidate_native_offset": 966,
              "candidate_start": 1249,
              "candidate_end": 1256,
              "candidate_path": "/Users/mcoors/Documents/Project Geode/MasterLegalDatabase/research/local_review/ebenezer-016-017-reconciliation-2026-09-12/historical-packet/baseline/EB-PDF-017/inputs/candidate.txt",
              "sha256": "adbcd047defe642e991a9f02155ecd18e34bf7035812a47b68c354c469cf4a66"
            }
          ]
        },
        {
          "column_start": 3,
          "column_span": 1,
          "text": "$6,800",
          "status": "native_bound_visible_text",
          "native_spans": [
            {
              "physical_page": 2,
              "text": "$6,800",
              "native_start": 292,
              "native_end": 298,
              "candidate_native_offset": 966,
              "candidate_start": 1258,
              "candidate_end": 1264,
              "candidate_path": "/Users/mcoors/Documents/Project Geode/MasterLegalDatabase/research/local_review/ebenezer-016-017-reconciliation-2026-09-12/historical-packet/baseline/EB-PDF-017/inputs/candidate.txt",
              "sha256": "e2062872a78d897833cbc71dd591c8dae8a524008bae3cdd59f356dfd15d0e5d"
            }
          ]
        }
      ],
      "table_id": "tap_size",
      "column_roles": [
        "Water Tap Size",
        "Water PIF",
        "Sewer PIF"
      ],
      "column_headers": [
        {
          "row_id": "tap_size-headers",
          "physical_page": 2,
          "role": "column_header",
          "cells": [
            {
              "column_start": 1,
              "column_span": 1,
              "text": "Water Tap Size",
              "status": "native_bound_visible_text",
              "native_spans": [
                {
                  "physical_page": 2,
                  "text": "Water \nTap Size",
                  "native_start": 206,
                  "native_end": 221,
                  "candidate_native_offset": 966,
                  "candidate_start": 1172,
                  "candidate_end": 1187,
                  "candidate_path": "/Users/mcoors/Documents/Project Geode/MasterLegalDatabase/research/local_review/ebenezer-016-017-reconciliation-2026-09-12/historical-packet/baseline/EB-PDF-017/inputs/candidate.txt",
                  "sha256": "c1496fa25d1fc055765a72e799399999fc7608b43e79abf087e000b894c53a53"
                }
              ]
            },
            {
              "column_start": 2,
              "column_span": 1,
              "text": "Water PIF",
              "status": "native_bound_visible_text",
              "native_spans": [
                {
                  "physical_page": 2,
                  "text": "Water PIF",
                  "native_start": 225,
                  "native_end": 234,
                  "candidate_native_offset": 966,
                  "candidate_start": 1191,
                  "candidate_end": 1200,
                  "candidate_path": "/Users/mcoors/Documents/Project Geode/MasterLegalDatabase/research/local_review/ebenezer-016-017-reconciliation-2026-09-12/historical-packet/baseline/EB-PDF-017/inputs/candidate.txt",
                  "sha256": "ca9e6ff29fc3508d08b1bfd40f7515e534c515df317890b862a995a0e291626a"
                }
              ]
            },
            {
              "column_start": 3,
              "column_span": 1,
              "text": "Sewer PIF",
              "status": "native_bound_visible_text",
              "native_spans": [
                {
                  "physical_page": 2,
                  "text": "Sewer PIF",
                  "native_start": 238,
                  "native_end": 247,
                  "candidate_native_offset": 966,
                  "candidate_start": 1204,
                  "candidate_end": 1213,
                  "candidate_path": "/Users/mcoors/Documents/Project Geode/MasterLegalDatabase/research/local_review/ebenezer-016-017-reconciliation-2026-09-12/historical-packet/baseline/EB-PDF-017/inputs/candidate.txt",
                  "sha256": "b81e8538f2da3b6b46cb8bd315ae988fcdb4570036d84cf534e3f486e58b3e6a"
                }
              ]
            }
          ]
        }
      ],
      "group_headers": [],
      "table_headings": [
        {
          "physical_page": 2,
          "text": "Plant Investment Fees (PIFs) Based \non Tap Size",
          "native_start": 89,
          "native_end": 136,
          "candidate_native_offset": 966,
          "candidate_start": 1055,
          "candidate_end": 1102,
          "candidate_path": "/Users/mcoors/Documents/Project Geode/MasterLegalDatabase/research/local_review/ebenezer-016-017-reconciliation-2026-09-12/historical-packet/baseline/EB-PDF-017/inputs/candidate.txt",
          "sha256": "3fc66132d076f4c21ebf27dcbec5b6bda2105cd96af8f1b1cc59c3a9143adb95"
        }
      ],
      "association_notes": [
        "Separate left source table; no inferred unit.",
        "Dollar signs and amount strings are retained as printed, without arithmetic."
      ],
      "page_image_path": "/Users/mcoors/Documents/Project Geode/MasterLegalDatabase/research/local_review/ebenezer-016-017-reconciliation-2026-09-12/historical-packet/baseline/EB-PDF-017/inputs/page-0002.png"
    },
    {
      "row_id": "tap-2",
      "physical_page": 2,
      "role": "fee",
      "cells": [
        {
          "column_start": 1,
          "column_span": 1,
          "text": "1\"",
          "status": "native_bound_visible_text",
          "native_spans": [
            {
              "physical_page": 2,
              "text": "1\"",
              "native_start": 344,
              "native_end": 346,
              "candidate_native_offset": 966,
              "candidate_start": 1310,
              "candidate_end": 1312,
              "candidate_path": "/Users/mcoors/Documents/Project Geode/MasterLegalDatabase/research/local_review/ebenezer-016-017-reconciliation-2026-09-12/historical-packet/baseline/EB-PDF-017/inputs/candidate.txt",
              "sha256": "d6c92ec6d5c65962ed276a932032175521137a250e51f3ef6bce5ac31ebdc631"
            }
          ]
        },
        {
          "column_start": 2,
          "column_span": 1,
          "text": "18,700",
          "status": "native_bound_visible_text",
          "native_spans": [
            {
              "physical_page": 2,
              "text": "18,700",
              "native_start": 350,
              "native_end": 356,
              "candidate_native_offset": 966,
              "candidate_start": 1316,
              "candidate_end": 1322,
              "candidate_path": "/Users/mcoors/Documents/Project Geode/MasterLegalDatabase/research/local_review/ebenezer-016-017-reconciliation-2026-09-12/historical-packet/baseline/EB-PDF-017/inputs/candidate.txt",
              "sha256": "5196e28054e972138f237e61522f1cf9c98af0ac7879a6e472e9d3e8f0883215"
            }
          ]
        },
        {
          "column_start": 3,
          "column_span": 1,
          "text": "11,400",
          "status": "native_bound_visible_text",
          "native_spans": [
            {
              "physical_page": 2,
              "text": "11,400",
              "native_start": 360,
              "native_end": 366,
              "candidate_native_offset": 966,
              "candidate_start": 1326,
              "candidate_end": 1332,
              "candidate_path": "/Users/mcoors/Documents/Project Geode/MasterLegalDatabase/research/local_review/ebenezer-016-017-reconciliation-2026-09-12/historical-packet/baseline/EB-PDF-017/inputs/candidate.txt",
              "sha256": "2ea471910658c726e637725bca74e49755ba157c6dd47f1ce4a9a9bbd9ecd001"
            }
          ]
        }
      ],
      "table_id": "tap_size",
      "column_roles": [
        "Water Tap Size",
        "Water PIF",
        "Sewer PIF"
      ],
      "column_headers": [
        {
          "row_id": "tap_size-headers",
          "physical_page": 2,
          "role": "column_header",
          "cells": [
            {
              "column_start": 1,
              "column_span": 1,
              "text": "Water Tap Size",
              "status": "native_bound_visible_text",
              "native_spans": [
                {
                  "physical_page": 2,
                  "text": "Water \nTap Size",
                  "native_start": 206,
                  "native_end": 221,
                  "candidate_native_offset": 966,
                  "candidate_start": 1172,
                  "candidate_end": 1187,
                  "candidate_path": "/Users/mcoors/Documents/Project Geode/MasterLegalDatabase/research/local_review/ebenezer-016-017-reconciliation-2026-09-12/historical-packet/baseline/EB-PDF-017/inputs/candidate.txt",
                  "sha256": "c1496fa25d1fc055765a72e799399999fc7608b43e79abf087e000b894c53a53"
                }
              ]
            },
            {
              "column_start": 2,
              "column_span": 1,
              "text": "Water PIF",
              "status": "native_bound_visible_text",
              "native_spans": [
                {
                  "physical_page": 2,
                  "text": "Water PIF",
                  "native_start": 225,
                  "native_end": 234,
                  "candidate_native_offset": 966,
                  "candidate_start": 1191,
                  "candidate_end": 1200,
                  "candidate_path": "/Users/mcoors/Documents/Project Geode/MasterLegalDatabase/research/local_review/ebenezer-016-017-reconciliation-2026-09-12/historical-packet/baseline/EB-PDF-017/inputs/candidate.txt",
                  "sha256": "ca9e6ff29fc3508d08b1bfd40f7515e534c515df317890b862a995a0e291626a"
                }
              ]
            },
            {
              "column_start": 3,
              "column_span": 1,
              "text": "Sewer PIF",
              "status": "native_bound_visible_text",
              "native_spans": [
                {
                  "physical_page": 2,
                  "text": "Sewer PIF",
                  "native_start": 238,
                  "native_end": 247,
                  "candidate_native_offset": 966,
                  "candidate_start": 1204,
                  "candidate_end": 1213,
                  "candidate_path": "/Users/mcoors/Documents/Project Geode/MasterLegalDatabase/research/local_review/ebenezer-016-017-reconciliation-2026-09-12/historical-packet/baseline/EB-PDF-017/inputs/candidate.txt",
                  "sha256": "b81e8538f2da3b6b46cb8bd315ae988fcdb4570036d84cf534e3f486e58b3e6a"
                }
              ]
            }
          ]
        }
      ],
      "group_headers": [],
      "table_headings": [
        {
          "physical_page": 2,
          "text": "Plant Investment Fees (PIFs) Based \non Tap Size",
          "native_start": 89,
          "native_end": 136,
          "candidate_native_offset": 966,
          "candidate_start": 1055,
          "candidate_end": 1102,
          "candidate_path": "/Users/mcoors/Documents/Project Geode/MasterLegalDatabase/research/local_review/ebenezer-016-017-reconciliation-2026-09-12/historical-packet/baseline/EB-PDF-017/inputs/candidate.txt",
          "sha256": "3fc66132d076f4c21ebf27dcbec5b6bda2105cd96af8f1b1cc59c3a9143adb95"
        }
      ],
      "association_notes": [
        "Separate left source table; no inferred unit.",
        "Dollar signs and amount strings are retained as printed, without arithmetic."
      ],
      "page_image_path": "/Users/mcoors/Documents/Project Geode/MasterLegalDatabase/research/local_review/ebenezer-016-017-reconciliation-2026-09-12/historical-packet/baseline/EB-PDF-017/inputs/page-0002.png"
    },
    {
      "row_id": "tap-3",
      "physical_page": 2,
      "role": "fee",
      "cells": [
        {
          "column_start": 1,
          "column_span": 1,
          "text": "1-1/2\"",
          "status": "native_bound_visible_text",
          "native_spans": [
            {
              "physical_page": 2,
              "text": "1-1/2\"",
              "native_start": 370,
              "native_end": 376,
              "candidate_native_offset": 966,
              "candidate_start": 1336,
              "candidate_end": 1342,
              "candidate_path": "/Users/mcoors/Documents/Project Geode/MasterLegalDatabase/research/local_review/ebenezer-016-017-reconciliation-2026-09-12/historical-packet/baseline/EB-PDF-017/inputs/candidate.txt",
              "sha256": "0015a43d170374ffda12d83c403eec646a266adabff6ff5550eabcb3a59df83c"
            }
          ]
        },
        {
          "column_start": 2,
          "column_span": 1,
          "text": "37,300",
          "status": "native_bound_visible_text",
          "native_spans": [
            {
              "physical_page": 2,
              "text": "37,300",
              "native_start": 380,
              "native_end": 386,
              "candidate_native_offset": 966,
              "candidate_start": 1346,
              "candidate_end": 1352,
              "candidate_path": "/Users/mcoors/Documents/Project Geode/MasterLegalDatabase/research/local_review/ebenezer-016-017-reconciliation-2026-09-12/historical-packet/baseline/EB-PDF-017/inputs/candidate.txt",
              "sha256": "c6af9e371ba9dbf127f0e0ab1e31554e9332d91e2156067573800854f9358f10"
            }
          ]
        },
        {
          "column_start": 3,
          "column_span": 1,
          "text": "22,800",
          "status": "native_bound_visible_text",
          "native_spans": [
            {
              "physical_page": 2,
              "text": "22,800",
              "native_start": 390,
              "native_end": 396,
              "candidate_native_offset": 966,
              "candidate_start": 1356,
              "candidate_end": 1362,
              "candidate_path": "/Users/mcoors/Documents/Project Geode/MasterLegalDatabase/research/local_review/ebenezer-016-017-reconciliation-2026-09-12/historical-packet/baseline/EB-PDF-017/inputs/candidate.txt",
              "sha256": "e833773c3fcc986f51a93f65bee3627d9d2f3c745eb00f92b27bc52959b90090"
            }
          ]
        }
      ],
      "table_id": "tap_size",
      "column_roles": [
        "Water Tap Size",
        "Water PIF",
        "Sewer PIF"
      ],
      "column_headers": [
        {
          "row_id": "tap_size-headers",
          "physical_page": 2,
          "role": "column_header",
          "cells": [
            {
              "column_start": 1,
              "column_span": 1,
              "text": "Water Tap Size",
              "status": "native_bound_visible_text",
              "native_spans": [
                {
                  "physical_page": 2,
                  "text": "Water \nTap Size",
                  "native_start": 206,
                  "native_end": 221,
                  "candidate_native_offset": 966,
                  "candidate_start": 1172,
                  "candidate_end": 1187,
                  "candidate_path": "/Users/mcoors/Documents/Project Geode/MasterLegalDatabase/research/local_review/ebenezer-016-017-reconciliation-2026-09-12/historical-packet/baseline/EB-PDF-017/inputs/candidate.txt",
                  "sha256": "c1496fa25d1fc055765a72e799399999fc7608b43e79abf087e000b894c53a53"
                }
              ]
            },
            {
              "column_start": 2,
              "column_span": 1,
              "text": "Water PIF",
              "status": "native_bound_visible_text",
              "native_spans": [
                {
                  "physical_page": 2,
                  "text": "Water PIF",
                  "native_start": 225,
                  "native_end": 234,
                  "candidate_native_offset": 966,
                  "candidate_start": 1191,
                  "candidate_end": 1200,
                  "candidate_path": "/Users/mcoors/Documents/Project Geode/MasterLegalDatabase/research/local_review/ebenezer-016-017-reconciliation-2026-09-12/historical-packet/baseline/EB-PDF-017/inputs/candidate.txt",
                  "sha256": "ca9e6ff29fc3508d08b1bfd40f7515e534c515df317890b862a995a0e291626a"
                }
              ]
            },
            {
              "column_start": 3,
              "column_span": 1,
              "text": "Sewer PIF",
              "status": "native_bound_visible_text",
              "native_spans": [
                {
                  "physical_page": 2,
                  "text": "Sewer PIF",
                  "native_start": 238,
                  "native_end": 247,
                  "candidate_native_offset": 966,
                  "candidate_start": 1204,
                  "candidate_end": 1213,
                  "candidate_path": "/Users/mcoors/Documents/Project Geode/MasterLegalDatabase/research/local_review/ebenezer-016-017-reconciliation-2026-09-12/historical-packet/baseline/EB-PDF-017/inputs/candidate.txt",
                  "sha256": "b81e8538f2da3b6b46cb8bd315ae988fcdb4570036d84cf534e3f486e58b3e6a"
                }
              ]
            }
          ]
        }
      ],
      "group_headers": [],
      "table_headings": [
        {
          "physical_page": 2,
          "text": "Plant Investment Fees (PIFs) Based \non Tap Size",
          "native_start": 89,
          "native_end": 136,
          "candidate_native_offset": 966,
          "candidate_start": 1055,
          "candidate_end": 1102,
          "candidate_path": "/Users/mcoors/Documents/Project Geode/MasterLegalDatabase/research/local_review/ebenezer-016-017-reconciliation-2026-09-12/historical-packet/baseline/EB-PDF-017/inputs/candidate.txt",
          "sha256": "3fc66132d076f4c21ebf27dcbec5b6bda2105cd96af8f1b1cc59c3a9143adb95"
        }
      ],
      "association_notes": [
        "Separate left source table; no inferred unit.",
        "Dollar signs and amount strings are retained as printed, without arithmetic."
      ],
      "page_image_path": "/Users/mcoors/Documents/Project Geode/MasterLegalDatabase/research/local_review/ebenezer-016-017-reconciliation-2026-09-12/historical-packet/baseline/EB-PDF-017/inputs/page-0002.png"
    },
    {
      "row_id": "tap-4",
      "physical_page": 2,
      "role": "fee",
      "cells": [
        {
          "column_start": 1,
          "column_span": 1,
          "text": "2\"",
          "status": "native_bound_visible_text",
          "native_spans": [
            {
              "physical_page": 2,
              "text": "2\"",
              "native_start": 404,
              "native_end": 406,
              "candidate_native_offset": 966,
              "candidate_start": 1370,
              "candidate_end": 1372,
              "candidate_path": "/Users/mcoors/Documents/Project Geode/MasterLegalDatabase/research/local_review/ebenezer-016-017-reconciliation-2026-09-12/historical-packet/baseline/EB-PDF-017/inputs/candidate.txt",
              "sha256": "85d35af01a555c7ef4431e4d492ab1e63c969acc925cf5113ef848e46e814a9a"
            }
          ]
        },
        {
          "column_start": 2,
          "column_span": 1,
          "text": "59,700",
          "status": "native_bound_visible_text",
          "native_spans": [
            {
              "physical_page": 2,
              "text": "59,700",
              "native_start": 410,
              "native_end": 416,
              "candidate_native_offset": 966,
              "candidate_start": 1376,
              "candidate_end": 1382,
              "candidate_path": "/Users/mcoors/Documents/Project Geode/MasterLegalDatabase/research/local_review/ebenezer-016-017-reconciliation-2026-09-12/historical-packet/baseline/EB-PDF-017/inputs/candidate.txt",
              "sha256": "8ce348597f4e05a0f0c59880d2bf6df06adbfac44d23e052caefd58d1aa3bff3"
            }
          ]
        },
        {
          "column_start": 3,
          "column_span": 1,
          "text": "36,400",
          "status": "native_bound_visible_text",
          "native_spans": [
            {
              "physical_page": 2,
              "text": "36,400",
              "native_start": 420,
              "native_end": 426,
              "candidate_native_offset": 966,
              "candidate_start": 1386,
              "candidate_end": 1392,
              "candidate_path": "/Users/mcoors/Documents/Project Geode/MasterLegalDatabase/research/local_review/ebenezer-016-017-reconciliation-2026-09-12/historical-packet/baseline/EB-PDF-017/inputs/candidate.txt",
              "sha256": "31986c46f153fafa4eb655e828ad5bbbe932e8f0731ec2bf75935b562db2aad1"
            }
          ]
        }
      ],
      "table_id": "tap_size",
      "column_roles": [
        "Water Tap Size",
        "Water PIF",
        "Sewer PIF"
      ],
      "column_headers": [
        {
          "row_id": "tap_size-headers",
          "physical_page": 2,
          "role": "column_header",
          "cells": [
            {
              "column_start": 1,
              "column_span": 1,
              "text": "Water Tap Size",
              "status": "native_bound_visible_text",
              "native_spans": [
                {
                  "physical_page": 2,
                  "text": "Water \nTap Size",
                  "native_start": 206,
                  "native_end": 221,
                  "candidate_native_offset": 966,
                  "candidate_start": 1172,
                  "candidate_end": 1187,
                  "candidate_path": "/Users/mcoors/Documents/Project Geode/MasterLegalDatabase/research/local_review/ebenezer-016-017-reconciliation-2026-09-12/historical-packet/baseline/EB-PDF-017/inputs/candidate.txt",
                  "sha256": "c1496fa25d1fc055765a72e799399999fc7608b43e79abf087e000b894c53a53"
                }
              ]
            },
            {
              "column_start": 2,
              "column_span": 1,
              "text": "Water PIF",
              "status": "native_bound_visible_text",
              "native_spans": [
                {
                  "physical_page": 2,
                  "text": "Water PIF",
                  "native_start": 225,
                  "native_end": 234,
                  "candidate_native_offset": 966,
                  "candidate_start": 1191,
                  "candidate_end": 1200,
                  "candidate_path": "/Users/mcoors/Documents/Project Geode/MasterLegalDatabase/research/local_review/ebenezer-016-017-reconciliation-2026-09-12/historical-packet/baseline/EB-PDF-017/inputs/candidate.txt",
                  "sha256": "ca9e6ff29fc3508d08b1bfd40f7515e534c515df317890b862a995a0e291626a"
                }
              ]
            },
            {
              "column_start": 3,
              "column_span": 1,
              "text": "Sewer PIF",
              "status": "native_bound_visible_text",
              "native_spans": [
                {
                  "physical_page": 2,
                  "text": "Sewer PIF",
                  "native_start": 238,
                  "native_end": 247,
                  "candidate_native_offset": 966,
                  "candidate_start": 1204,
                  "candidate_end": 1213,
                  "candidate_path": "/Users/mcoors/Documents/Project Geode/MasterLegalDatabase/research/local_review/ebenezer-016-017-reconciliation-2026-09-12/historical-packet/baseline/EB-PDF-017/inputs/candidate.txt",
                  "sha256": "b81e8538f2da3b6b46cb8bd315ae988fcdb4570036d84cf534e3f486e58b3e6a"
                }
              ]
            }
          ]
        }
      ],
      "group_headers": [],
      "table_headings": [
        {
          "physical_page": 2,
          "text": "Plant Investment Fees (PIFs) Based \non Tap Size",
          "native_start": 89,
          "native_end": 136,
          "candidate_native_offset": 966,
          "candidate_start": 1055,
          "candidate_end": 1102,
          "candidate_path": "/Users/mcoors/Documents/Project Geode/MasterLegalDatabase/research/local_review/ebenezer-016-017-reconciliation-2026-09-12/historical-packet/baseline/EB-PDF-017/inputs/candidate.txt",
          "sha256": "3fc66132d076f4c21ebf27dcbec5b6bda2105cd96af8f1b1cc59c3a9143adb95"
        }
      ],
      "association_notes": [
        "Separate left source table; no inferred unit.",
        "Dollar signs and amount strings are retained as printed, without arithmetic."
      ],
      "page_image_path": "/Users/mcoors/Documents/Project Geode/MasterLegalDatabase/research/local_review/ebenezer-016-017-reconciliation-2026-09-12/historical-packet/baseline/EB-PDF-017/inputs/page-0002.png"
    },
    {
      "row_id": "tap-5",
      "physical_page": 2,
      "role": "fee",
      "cells": [
        {
          "column_start": 1,
          "column_span": 1,
          "text": "3\"",
          "status": "native_bound_visible_text",
          "native_spans": [
            {
              "physical_page": 2,
              "text": "3\"",
              "native_start": 430,
              "native_end": 432,
              "candidate_native_offset": 966,
              "candidate_start": 1396,
              "candidate_end": 1398,
              "candidate_path": "/Users/mcoors/Documents/Project Geode/MasterLegalDatabase/research/local_review/ebenezer-016-017-reconciliation-2026-09-12/historical-packet/baseline/EB-PDF-017/inputs/candidate.txt",
              "sha256": "cdbbc7a93245d4eebee8c750de79a3c5f66e6e47854b18c273357bf125be50c7"
            }
          ]
        },
        {
          "column_start": 2,
          "column_span": 1,
          "text": "130,700",
          "status": "native_bound_visible_text",
          "native_spans": [
            {
              "physical_page": 2,
              "text": "130,700",
              "native_start": 436,
              "native_end": 443,
              "candidate_native_offset": 966,
              "candidate_start": 1402,
              "candidate_end": 1409,
              "candidate_path": "/Users/mcoors/Documents/Project Geode/MasterLegalDatabase/research/local_review/ebenezer-016-017-reconciliation-2026-09-12/historical-packet/baseline/EB-PDF-017/inputs/candidate.txt",
              "sha256": "c2f293cbd63261daaddd2c068b8c72929c7b5f26d024bed5ea264db6e8692149"
            }
          ]
        },
        {
          "column_start": 3,
          "column_span": 1,
          "text": "79,700",
          "status": "native_bound_visible_text",
          "native_spans": [
            {
              "physical_page": 2,
              "text": "79,700",
              "native_start": 447,
              "native_end": 453,
              "candidate_native_offset": 966,
              "candidate_start": 1413,
              "candidate_end": 1419,
              "candidate_path": "/Users/mcoors/Documents/Project Geode/MasterLegalDatabase/research/local_review/ebenezer-016-017-reconciliation-2026-09-12/historical-packet/baseline/EB-PDF-017/inputs/candidate.txt",
              "sha256": "acb429218edb8bf9edf630aaa9822d3bf69659942f4fd2f614d941e95beb7636"
            }
          ]
        }
      ],
      "table_id": "tap_size",
      "column_roles": [
        "Water Tap Size",
        "Water PIF",
        "Sewer PIF"
      ],
      "column_headers": [
        {
          "row_id": "tap_size-headers",
          "physical_page": 2,
          "role": "column_header",
          "cells": [
            {
              "column_start": 1,
              "column_span": 1,
              "text": "Water Tap Size",
              "status": "native_bound_visible_text",
              "native_spans": [
                {
                  "physical_page": 2,
                  "text": "Water \nTap Size",
                  "native_start": 206,
                  "native_end": 221,
                  "candidate_native_offset": 966,
                  "candidate_start": 1172,
                  "candidate_end": 1187,
                  "candidate_path": "/Users/mcoors/Documents/Project Geode/MasterLegalDatabase/research/local_review/ebenezer-016-017-reconciliation-2026-09-12/historical-packet/baseline/EB-PDF-017/inputs/candidate.txt",
                  "sha256": "c1496fa25d1fc055765a72e799399999fc7608b43e79abf087e000b894c53a53"
                }
              ]
            },
            {
              "column_start": 2,
              "column_span": 1,
              "text": "Water PIF",
              "status": "native_bound_visible_text",
              "native_spans": [
                {
                  "physical_page": 2,
                  "text": "Water PIF",
                  "native_start": 225,
                  "native_end": 234,
                  "candidate_native_offset": 966,
                  "candidate_start": 1191,
                  "candidate_end": 1200,
                  "candidate_path": "/Users/mcoors/Documents/Project Geode/MasterLegalDatabase/research/local_review/ebenezer-016-017-reconciliation-2026-09-12/historical-packet/baseline/EB-PDF-017/inputs/candidate.txt",
                  "sha256": "ca9e6ff29fc3508d08b1bfd40f7515e534c515df317890b862a995a0e291626a"
                }
              ]
            },
            {
              "column_start": 3,
              "column_span": 1,
              "text": "Sewer PIF",
              "status": "native_bound_visible_text",
              "native_spans": [
                {
                  "physical_page": 2,
                  "text": "Sewer PIF",
                  "native_start": 238,
                  "native_end": 247,
                  "candidate_native_offset": 966,
                  "candidate_start": 1204,
                  "candidate_end": 1213,
                  "candidate_path": "/Users/mcoors/Documents/Project Geode/MasterLegalDatabase/research/local_review/ebenezer-016-017-reconciliation-2026-09-12/historical-packet/baseline/EB-PDF-017/inputs/candidate.txt",
                  "sha256": "b81e8538f2da3b6b46cb8bd315ae988fcdb4570036d84cf534e3f486e58b3e6a"
                }
              ]
            }
          ]
        }
      ],
      "group_headers": [],
      "table_headings": [
        {
          "physical_page": 2,
          "text": "Plant Investment Fees (PIFs) Based \non Tap Size",
          "native_start": 89,
          "native_end": 136,
          "candidate_native_offset": 966,
          "candidate_start": 1055,
          "candidate_end": 1102,
          "candidate_path": "/Users/mcoors/Documents/Project Geode/MasterLegalDatabase/research/local_review/ebenezer-016-017-reconciliation-2026-09-12/historical-packet/baseline/EB-PDF-017/inputs/candidate.txt",
          "sha256": "3fc66132d076f4c21ebf27dcbec5b6bda2105cd96af8f1b1cc59c3a9143adb95"
        }
      ],
      "association_notes": [
        "Separate left source table; no inferred unit.",
        "Dollar signs and amount strings are retained as printed, without arithmetic."
      ],
      "page_image_path": "/Users/mcoors/Documents/Project Geode/MasterLegalDatabase/research/local_review/ebenezer-016-017-reconciliation-2026-09-12/historical-packet/baseline/EB-PDF-017/inputs/page-0002.png"
    },
    {
      "row_id": "tap-6",
      "physical_page": 2,
      "role": "fee",
      "cells": [
        {
          "column_start": 1,
          "column_span": 1,
          "text": "4\"",
          "status": "native_bound_visible_text",
          "native_spans": [
            {
              "physical_page": 2,
              "text": "4\"",
              "native_start": 457,
              "native_end": 459,
              "candidate_native_offset": 966,
              "candidate_start": 1423,
              "candidate_end": 1425,
              "candidate_path": "/Users/mcoors/Documents/Project Geode/MasterLegalDatabase/research/local_review/ebenezer-016-017-reconciliation-2026-09-12/historical-packet/baseline/EB-PDF-017/inputs/candidate.txt",
              "sha256": "943071fdc0528a592b8cb68f02abb927853d5523b19c808a7ce9908590fb9578"
            }
          ]
        },
        {
          "column_start": 2,
          "column_span": 1,
          "text": "223,900",
          "status": "native_bound_visible_text",
          "native_spans": [
            {
              "physical_page": 2,
              "text": "223,900",
              "native_start": 463,
              "native_end": 470,
              "candidate_native_offset": 966,
              "candidate_start": 1429,
              "candidate_end": 1436,
              "candidate_path": "/Users/mcoors/Documents/Project Geode/MasterLegalDatabase/research/local_review/ebenezer-016-017-reconciliation-2026-09-12/historical-packet/baseline/EB-PDF-017/inputs/candidate.txt",
              "sha256": "9343502444bf0001f6b230eb5dd773b87f2977561f6dcc6ffd98ae02a1ff90a1"
            }
          ]
        },
        {
          "column_start": 3,
          "column_span": 1,
          "text": "136,700",
          "status": "native_bound_visible_text",
          "native_spans": [
            {
              "physical_page": 2,
              "text": "136,700",
              "native_start": 474,
              "native_end": 481,
              "candidate_native_offset": 966,
              "candidate_start": 1440,
              "candidate_end": 1447,
              "candidate_path": "/Users/mcoors/Documents/Project Geode/MasterLegalDatabase/research/local_review/ebenezer-016-017-reconciliation-2026-09-12/historical-packet/baseline/EB-PDF-017/inputs/candidate.txt",
              "sha256": "21771e1491e9f3aa47043d12cf05b562c09483e0e1765bf0109567dafad72dd0"
            }
          ]
        }
      ],
      "table_id": "tap_size",
      "column_roles": [
        "Water Tap Size",
        "Water PIF",
        "Sewer PIF"
      ],
      "column_headers": [
        {
          "row_id": "tap_size-headers",
          "physical_page": 2,
          "role": "column_header",
          "cells": [
            {
              "column_start": 1,
              "column_span": 1,
              "text": "Water Tap Size",
              "status": "native_bound_visible_text",
              "native_spans": [
                {
                  "physical_page": 2,
                  "text": "Water \nTap Size",
                  "native_start": 206,
                  "native_end": 221,
                  "candidate_native_offset": 966,
                  "candidate_start": 1172,
                  "candidate_end": 1187,
                  "candidate_path": "/Users/mcoors/Documents/Project Geode/MasterLegalDatabase/research/local_review/ebenezer-016-017-reconciliation-2026-09-12/historical-packet/baseline/EB-PDF-017/inputs/candidate.txt",
                  "sha256": "c1496fa25d1fc055765a72e799399999fc7608b43e79abf087e000b894c53a53"
                }
              ]
            },
            {
              "column_start": 2,
              "column_span": 1,
              "text": "Water PIF",
              "status": "native_bound_visible_text",
              "native_spans": [
                {
                  "physical_page": 2,
                  "text": "Water PIF",
                  "native_start": 225,
                  "native_end": 234,
                  "candidate_native_offset": 966,
                  "candidate_start": 1191,
                  "candidate_end": 1200,
                  "candidate_path": "/Users/mcoors/Documents/Project Geode/MasterLegalDatabase/research/local_review/ebenezer-016-017-reconciliation-2026-09-12/historical-packet/baseline/EB-PDF-017/inputs/candidate.txt",
                  "sha256": "ca9e6ff29fc3508d08b1bfd40f7515e534c515df317890b862a995a0e291626a"
                }
              ]
            },
            {
              "column_start": 3,
              "column_span": 1,
              "text": "Sewer PIF",
              "status": "native_bound_visible_text",
              "native_spans": [
                {
                  "physical_page": 2,
                  "text": "Sewer PIF",
                  "native_start": 238,
                  "native_end": 247,
                  "candidate_native_offset": 966,
                  "candidate_start": 1204,
                  "candidate_end": 1213,
                  "candidate_path": "/Users/mcoors/Documents/Project Geode/MasterLegalDatabase/research/local_review/ebenezer-016-017-reconciliation-2026-09-12/historical-packet/baseline/EB-PDF-017/inputs/candidate.txt",
                  "sha256": "b81e8538f2da3b6b46cb8bd315ae988fcdb4570036d84cf534e3f486e58b3e6a"
                }
              ]
            }
          ]
        }
      ],
      "group_headers": [],
      "table_headings": [
        {
          "physical_page": 2,
          "text": "Plant Investment Fees (PIFs) Based \non Tap Size",
          "native_start": 89,
          "native_end": 136,
          "candidate_native_offset": 966,
          "candidate_start": 1055,
          "candidate_end": 1102,
          "candidate_path": "/Users/mcoors/Documents/Project Geode/MasterLegalDatabase/research/local_review/ebenezer-016-017-reconciliation-2026-09-12/historical-packet/baseline/EB-PDF-017/inputs/candidate.txt",
          "sha256": "3fc66132d076f4c21ebf27dcbec5b6bda2105cd96af8f1b1cc59c3a9143adb95"
        }
      ],
      "association_notes": [
        "Separate left source table; no inferred unit.",
        "Dollar signs and amount strings are retained as printed, without arithmetic."
      ],
      "page_image_path": "/Users/mcoors/Documents/Project Geode/MasterLegalDatabase/research/local_review/ebenezer-016-017-reconciliation-2026-09-12/historical-packet/baseline/EB-PDF-017/inputs/page-0002.png"
    },
    {
      "row_id": "tap-7",
      "physical_page": 2,
      "role": "fee",
      "cells": [
        {
          "column_start": 1,
          "column_span": 1,
          "text": "6\"",
          "status": "native_bound_visible_text",
          "native_spans": [
            {
              "physical_page": 2,
              "text": "6\"",
              "native_start": 485,
              "native_end": 487,
              "candidate_native_offset": 966,
              "candidate_start": 1451,
              "candidate_end": 1453,
              "candidate_path": "/Users/mcoors/Documents/Project Geode/MasterLegalDatabase/research/local_review/ebenezer-016-017-reconciliation-2026-09-12/historical-packet/baseline/EB-PDF-017/inputs/candidate.txt",
              "sha256": "932a254e3aad47df9fab9ecab32605a8061f5205fce65d0a3af84702157797f8"
            }
          ]
        },
        {
          "column_start": 2,
          "column_span": 1,
          "text": "466,500",
          "status": "native_bound_visible_text",
          "native_spans": [
            {
              "physical_page": 2,
              "text": "466,500",
              "native_start": 491,
              "native_end": 498,
              "candidate_native_offset": 966,
              "candidate_start": 1457,
              "candidate_end": 1464,
              "candidate_path": "/Users/mcoors/Documents/Project Geode/MasterLegalDatabase/research/local_review/ebenezer-016-017-reconciliation-2026-09-12/historical-packet/baseline/EB-PDF-017/inputs/candidate.txt",
              "sha256": "50b6a4ce8e9dee6ddfe746a539bf178539d836b6e83aded46e8141238d82a9cb"
            }
          ]
        },
        {
          "column_start": 3,
          "column_span": 1,
          "text": "284,800",
          "status": "native_bound_visible_text",
          "native_spans": [
            {
              "physical_page": 2,
              "text": "284,800",
              "native_start": 502,
              "native_end": 509,
              "candidate_native_offset": 966,
              "candidate_start": 1468,
              "candidate_end": 1475,
              "candidate_path": "/Users/mcoors/Documents/Project Geode/MasterLegalDatabase/research/local_review/ebenezer-016-017-reconciliation-2026-09-12/historical-packet/baseline/EB-PDF-017/inputs/candidate.txt",
              "sha256": "199171c6dc1104d8e2b4ff1631e747807a99c105ec56f34d6c3888fd004b7141"
            }
          ]
        }
      ],
      "table_id": "tap_size",
      "column_roles": [
        "Water Tap Size",
        "Water PIF",
        "Sewer PIF"
      ],
      "column_headers": [
        {
          "row_id": "tap_size-headers",
          "physical_page": 2,
          "role": "column_header",
          "cells": [
            {
              "column_start": 1,
              "column_span": 1,
              "text": "Water Tap Size",
              "status": "native_bound_visible_text",
              "native_spans": [
                {
                  "physical_page": 2,
                  "text": "Water \nTap Size",
                  "native_start": 206,
                  "native_end": 221,
                  "candidate_native_offset": 966,
                  "candidate_start": 1172,
                  "candidate_end": 1187,
                  "candidate_path": "/Users/mcoors/Documents/Project Geode/MasterLegalDatabase/research/local_review/ebenezer-016-017-reconciliation-2026-09-12/historical-packet/baseline/EB-PDF-017/inputs/candidate.txt",
                  "sha256": "c1496fa25d1fc055765a72e799399999fc7608b43e79abf087e000b894c53a53"
                }
              ]
            },
            {
              "column_start": 2,
              "column_span": 1,
              "text": "Water PIF",
              "status": "native_bound_visible_text",
              "native_spans": [
                {
                  "physical_page": 2,
                  "text": "Water PIF",
                  "native_start": 225,
                  "native_end": 234,
                  "candidate_native_offset": 966,
                  "candidate_start": 1191,
                  "candidate_end": 1200,
                  "candidate_path": "/Users/mcoors/Documents/Project Geode/MasterLegalDatabase/research/local_review/ebenezer-016-017-reconciliation-2026-09-12/historical-packet/baseline/EB-PDF-017/inputs/candidate.txt",
                  "sha256": "ca9e6ff29fc3508d08b1bfd40f7515e534c515df317890b862a995a0e291626a"
                }
              ]
            },
            {
              "column_start": 3,
              "column_span": 1,
              "text": "Sewer PIF",
              "status": "native_bound_visible_text",
              "native_spans": [
                {
                  "physical_page": 2,
                  "text": "Sewer PIF",
                  "native_start": 238,
                  "native_end": 247,
                  "candidate_native_offset": 966,
                  "candidate_start": 1204,
                  "candidate_end": 1213,
                  "candidate_path": "/Users/mcoors/Documents/Project Geode/MasterLegalDatabase/research/local_review/ebenezer-016-017-reconciliation-2026-09-12/historical-packet/baseline/EB-PDF-017/inputs/candidate.txt",
                  "sha256": "b81e8538f2da3b6b46cb8bd315ae988fcdb4570036d84cf534e3f486e58b3e6a"
                }
              ]
            }
          ]
        }
      ],
      "group_headers": [],
      "table_headings": [
        {
          "physical_page": 2,
          "text": "Plant Investment Fees (PIFs) Based \non Tap Size",
          "native_start": 89,
          "native_end": 136,
          "candidate_native_offset": 966,
          "candidate_start": 1055,
          "candidate_end": 1102,
          "candidate_path": "/Users/mcoors/Documents/Project Geode/MasterLegalDatabase/research/local_review/ebenezer-016-017-reconciliation-2026-09-12/historical-packet/baseline/EB-PDF-017/inputs/candidate.txt",
          "sha256": "3fc66132d076f4c21ebf27dcbec5b6bda2105cd96af8f1b1cc59c3a9143adb95"
        }
      ],
      "association_notes": [
        "Separate left source table; no inferred unit.",
        "Dollar signs and amount strings are retained as printed, without arithmetic."
      ],
      "page_image_path": "/Users/mcoors/Documents/Project Geode/MasterLegalDatabase/research/local_review/ebenezer-016-017-reconciliation-2026-09-12/historical-packet/baseline/EB-PDF-017/inputs/page-0002.png"
    },
    {
      "row_id": "single-family-1",
      "physical_page": 2,
      "role": "fee",
      "cells": [
        {
          "column_start": 1,
          "column_span": 1,
          "text": "Single Family - 3/4\"",
          "status": "native_bound_visible_text",
          "native_spans": [
            {
              "physical_page": 2,
              "text": "Single Family - 3/4\"",
              "native_start": 302,
              "native_end": 322,
              "candidate_native_offset": 966,
              "candidate_start": 1268,
              "candidate_end": 1288,
              "candidate_path": "/Users/mcoors/Documents/Project Geode/MasterLegalDatabase/research/local_review/ebenezer-016-017-reconciliation-2026-09-12/historical-packet/baseline/EB-PDF-017/inputs/candidate.txt",
              "sha256": "61439077af4817709b0fd9903400eb2c443a9be5be8d92dc84e481bacd3fd785"
            }
          ]
        },
        {
          "column_start": 2,
          "column_span": 1,
          "text": "$11,200",
          "status": "native_bound_visible_text",
          "native_spans": [
            {
              "physical_page": 2,
              "text": "$11,200",
              "native_start": 325,
              "native_end": 332,
              "candidate_native_offset": 966,
              "candidate_start": 1291,
              "candidate_end": 1298,
              "candidate_path": "/Users/mcoors/Documents/Project Geode/MasterLegalDatabase/research/local_review/ebenezer-016-017-reconciliation-2026-09-12/historical-packet/baseline/EB-PDF-017/inputs/candidate.txt",
              "sha256": "adbcd047defe642e991a9f02155ecd18e34bf7035812a47b68c354c469cf4a66"
            }
          ]
        },
        {
          "column_start": 3,
          "column_span": 1,
          "text": "$6,800",
          "status": "native_bound_visible_text",
          "native_spans": [
            {
              "physical_page": 2,
              "text": "$6,800",
              "native_start": 334,
              "native_end": 340,
              "candidate_native_offset": 966,
              "candidate_start": 1300,
              "candidate_end": 1306,
              "candidate_path": "/Users/mcoors/Documents/Project Geode/MasterLegalDatabase/research/local_review/ebenezer-016-017-reconciliation-2026-09-12/historical-packet/baseline/EB-PDF-017/inputs/candidate.txt",
              "sha256": "e2062872a78d897833cbc71dd591c8dae8a524008bae3cdd59f356dfd15d0e5d"
            }
          ]
        }
      ],
      "table_id": "single_family",
      "column_roles": [
        null,
        "Water PIF",
        "Sewer PIF"
      ],
      "column_headers": [
        {
          "row_id": "single_family-headers",
          "physical_page": 2,
          "role": "column_header",
          "cells": [
            {
              "column_start": 1,
              "column_span": 1,
              "text": null,
              "status": "visually_blank",
              "native_spans": []
            },
            {
              "column_start": 2,
              "column_span": 1,
              "text": "Water PIF",
              "status": "native_bound_visible_text",
              "native_spans": [
                {
                  "physical_page": 2,
                  "text": "Water PIF",
                  "native_start": 255,
                  "native_end": 264,
                  "candidate_native_offset": 966,
                  "candidate_start": 1221,
                  "candidate_end": 1230,
                  "candidate_path": "/Users/mcoors/Documents/Project Geode/MasterLegalDatabase/research/local_review/ebenezer-016-017-reconciliation-2026-09-12/historical-packet/baseline/EB-PDF-017/inputs/candidate.txt",
                  "sha256": "ca9e6ff29fc3508d08b1bfd40f7515e534c515df317890b862a995a0e291626a"
                }
              ]
            },
            {
              "column_start": 3,
              "column_span": 1,
              "text": "Sewer PIF",
              "status": "native_bound_visible_text",
              "native_spans": [
                {
                  "physical_page": 2,
                  "text": "Sewer PIF",
                  "native_start": 266,
                  "native_end": 275,
                  "candidate_native_offset": 966,
                  "candidate_start": 1232,
                  "candidate_end": 1241,
                  "candidate_path": "/Users/mcoors/Documents/Project Geode/MasterLegalDatabase/research/local_review/ebenezer-016-017-reconciliation-2026-09-12/historical-packet/baseline/EB-PDF-017/inputs/candidate.txt",
                  "sha256": "b81e8538f2da3b6b46cb8bd315ae988fcdb4570036d84cf534e3f486e58b3e6a"
                }
              ]
            }
          ]
        }
      ],
      "group_headers": [],
      "table_headings": [
        {
          "physical_page": 2,
          "text": "Plant Investment Fees (PIFs) Single Family \nResidential Units",
          "native_start": 141,
          "native_end": 202,
          "candidate_native_offset": 966,
          "candidate_start": 1107,
          "candidate_end": 1168,
          "candidate_path": "/Users/mcoors/Documents/Project Geode/MasterLegalDatabase/research/local_review/ebenezer-016-017-reconciliation-2026-09-12/historical-packet/baseline/EB-PDF-017/inputs/candidate.txt",
          "sha256": "3c9135126ceb4e384e2fc290e6265f6e98fd911f552a2aebbfa54f6efeb7d4ba"
        }
      ],
      "association_notes": [
        "Separate right source table; no inferred unit.",
        "Dollar signs and amount strings are retained as printed, without arithmetic."
      ],
      "page_image_path": "/Users/mcoors/Documents/Project Geode/MasterLegalDatabase/research/local_review/ebenezer-016-017-reconciliation-2026-09-12/historical-packet/baseline/EB-PDF-017/inputs/page-0002.png"
    }
  ],
  "context": [
    {
      "id": "EB017-O01",
      "role": "date_claim",
      "statement": "Notice date is November 20, 2020.",
      "qualification": "Printed source date, not retrieval or adoption.",
      "native_spans": [
        {
          "physical_page": 1,
          "text": "November 20, 2020",
          "native_start": 6,
          "native_end": 23,
          "candidate_native_offset": 56,
          "candidate_start": 62,
          "candidate_end": 79,
          "candidate_path": "/Users/mcoors/Documents/Project Geode/MasterLegalDatabase/research/local_review/ebenezer-016-017-reconciliation-2026-09-12/historical-packet/baseline/EB-PDF-017/inputs/candidate.txt",
          "sha256": "5ab37fb89d5a1cb5b8ba8f2a8a579ea52da57da1f86c576fff1e986c7b53c3ac"
        }
      ],
      "page_image_paths": [
        "/Users/mcoors/Documents/Project Geode/MasterLegalDatabase/research/local_review/ebenezer-016-017-reconciliation-2026-09-12/historical-packet/baseline/EB-PDF-017/inputs/page-0001.png"
      ]
    },
    {
      "id": "EB017-O02",
      "role": "source_observation",
      "statement": "The notice addresses Weld County homebuilders, building contractors and plumbing contractors.",
      "qualification": "Greeley issuer and Water/Sewer context remain distinct from the recipients; this is not a Weld County fee enactment.",
      "native_spans": [
        {
          "physical_page": 1,
          "text": "NOTICE OF CHANGES IN PLANT INVESTMENT FEES \nTO WELD COUNTY HOMEBUILDERS, BUILDING CONTRACTORS, \nAND PLUMBING CONTRACTORS",
          "native_start": 29,
          "native_end": 149,
          "candidate_native_offset": 56,
          "candidate_start": 85,
          "candidate_end": 205,
          "candidate_path": "/Users/mcoors/Documents/Project Geode/MasterLegalDatabase/research/local_review/ebenezer-016-017-reconciliation-2026-09-12/historical-packet/baseline/EB-PDF-017/inputs/candidate.txt",
          "sha256": "71f998d53559269d983d7c91fd8f29feec157a4dca4a8a77b52c93b26a5b04cf"
        }
      ],
      "page_image_paths": [
        "/Users/mcoors/Documents/Project Geode/MasterLegalDatabase/research/local_review/ebenezer-016-017-reconciliation-2026-09-12/historical-packet/baseline/EB-PDF-017/inputs/page-0001.png"
      ]
    },
    {
      "id": "EB017-O03",
      "role": "date_claim",
      "statement": "The Board will review updated fees for adoption at its December 16, 2020 meeting. March 1, 2021 is expressly conditional on adoption.",
      "qualification": "The page 2 effective-date heading must be read with the page 1 condition; this notice does not establish adoption or current applicability.",
      "native_spans": [
        {
          "physical_page": 1,
          "text": "December 16, 2020 board meeting.",
          "native_start": 284,
          "native_end": 316,
          "candidate_native_offset": 56,
          "candidate_start": 340,
          "candidate_end": 372,
          "candidate_path": "/Users/mcoors/Documents/Project Geode/MasterLegalDatabase/research/local_review/ebenezer-016-017-reconciliation-2026-09-12/historical-packet/baseline/EB-PDF-017/inputs/candidate.txt",
          "sha256": "8cd0eb8ba29f39f6a947a6da5808aedfee14119616e0cbd8ced4509264f802ed"
        },
        {
          "physical_page": 1,
          "text": "These changes will become effective on March 1, 2021, \nassuming they are adopted.",
          "native_start": 317,
          "native_end": 398,
          "candidate_native_offset": 56,
          "candidate_start": 373,
          "candidate_end": 454,
          "candidate_path": "/Users/mcoors/Documents/Project Geode/MasterLegalDatabase/research/local_review/ebenezer-016-017-reconciliation-2026-09-12/historical-packet/baseline/EB-PDF-017/inputs/candidate.txt",
          "sha256": "aad34042fbadfc3fedbb6f5fc88f5d5e5f2d98d74924db338229ad094a97f2eb"
        },
        {
          "physical_page": 2,
          "text": "EFFECTIVE MARCH 1, 2021",
          "native_start": 58,
          "native_end": 81,
          "candidate_native_offset": 966,
          "candidate_start": 1024,
          "candidate_end": 1047,
          "candidate_path": "/Users/mcoors/Documents/Project Geode/MasterLegalDatabase/research/local_review/ebenezer-016-017-reconciliation-2026-09-12/historical-packet/baseline/EB-PDF-017/inputs/candidate.txt",
          "sha256": "d88ac263a8be7c15332a6acb285e08ca1ce224043aac1c08e9fde0ca1ba76640"
        }
      ],
      "page_image_paths": [
        "/Users/mcoors/Documents/Project Geode/MasterLegalDatabase/research/local_review/ebenezer-016-017-reconciliation-2026-09-12/historical-packet/baseline/EB-PDF-017/inputs/page-0001.png",
        "/Users/mcoors/Documents/Project Geode/MasterLegalDatabase/research/local_review/ebenezer-016-017-reconciliation-2026-09-12/historical-packet/baseline/EB-PDF-017/inputs/page-0002.png"
      ]
    },
    {
      "id": "EB017-O04",
      "role": "source_observation",
      "statement": "The notice points to the schedule on its reverse; the delivered second page contains the two tables.",
      "qualification": "Preserve the two-page source relationship, not two unrelated fee schedules.",
      "native_spans": [
        {
          "physical_page": 1,
          "text": "A copy of the new plant investment fee schedule is printed on the \nreverse side of this notice.",
          "native_start": 399,
          "native_end": 494,
          "candidate_native_offset": 56,
          "candidate_start": 455,
          "candidate_end": 550,
          "candidate_path": "/Users/mcoors/Documents/Project Geode/MasterLegalDatabase/research/local_review/ebenezer-016-017-reconciliation-2026-09-12/historical-packet/baseline/EB-PDF-017/inputs/candidate.txt",
          "sha256": "13ea22d0ce7c5df8172693a87096e306bb491a2c5d12553f5f71036685d06d9c"
        }
      ],
      "page_image_paths": [
        "/Users/mcoors/Documents/Project Geode/MasterLegalDatabase/research/local_review/ebenezer-016-017-reconciliation-2026-09-12/historical-packet/baseline/EB-PDF-017/inputs/page-0001.png"
      ]
    },
    {
      "id": "EB017-O05",
      "role": "source_observation",
      "statement": "The body contact number is (350-9801).",
      "qualification": "The image-only footer separately prints (970) 350-9811 and Fax (970) 350-9805. Do not silently harmonize different source numbers.",
      "native_spans": [
        {
          "physical_page": 1,
          "text": "(350-9801)",
          "native_start": 649,
          "native_end": 659,
          "candidate_native_offset": 56,
          "candidate_start": 705,
          "candidate_end": 715,
          "candidate_path": "/Users/mcoors/Documents/Project Geode/MasterLegalDatabase/research/local_review/ebenezer-016-017-reconciliation-2026-09-12/historical-packet/baseline/EB-PDF-017/inputs/candidate.txt",
          "sha256": "aec69b392bbe0b7c88acfa1ea3760ddc1157cd23bac7cc4ba4518b9aec7b603b"
        }
      ],
      "page_image_paths": [
        "/Users/mcoors/Documents/Project Geode/MasterLegalDatabase/research/local_review/ebenezer-016-017-reconciliation-2026-09-12/historical-packet/baseline/EB-PDF-017/inputs/page-0001.png"
      ]
    },
    {
      "id": "EB017-O06",
      "role": "source_observation",
      "statement": "Printed closing: Erik Dial / Utility Finance Manager / Greeley Water and Sewer. No handwritten signature is visible in the closing.",
      "qualification": "A printed name/title is not signature authentication.",
      "native_spans": [
        {
          "physical_page": 1,
          "text": "Erik Dial \nUtility Finance Manager \nGreeley Water and Sewer",
          "native_start": 717,
          "native_end": 776,
          "candidate_native_offset": 56,
          "candidate_start": 773,
          "candidate_end": 832,
          "candidate_path": "/Users/mcoors/Documents/Project Geode/MasterLegalDatabase/research/local_review/ebenezer-016-017-reconciliation-2026-09-12/historical-packet/baseline/EB-PDF-017/inputs/candidate.txt",
          "sha256": "2ff2b1e82578ba430fec3728ffecea4feb271d74182e0a73d25a0113e93d7e45"
        }
      ],
      "page_image_paths": [
        "/Users/mcoors/Documents/Project Geode/MasterLegalDatabase/research/local_review/ebenezer-016-017-reconciliation-2026-09-12/historical-packet/baseline/EB-PDF-017/inputs/page-0001.png"
      ]
    },
    {
      "id": "EB017-O07",
      "role": "source_observation",
      "statement": "Two side-by-side tables have separate headings and header rows; the first right-hand column header is blank.",
      "qualification": "Native extraction interleaves their titles, headings and first data rows.",
      "native_spans": [
        {
          "physical_page": 2,
          "text": "Plant Investment Fees (PIFs) Based \non Tap Size",
          "native_start": 89,
          "native_end": 136,
          "candidate_native_offset": 966,
          "candidate_start": 1055,
          "candidate_end": 1102,
          "candidate_path": "/Users/mcoors/Documents/Project Geode/MasterLegalDatabase/research/local_review/ebenezer-016-017-reconciliation-2026-09-12/historical-packet/baseline/EB-PDF-017/inputs/candidate.txt",
          "sha256": "3fc66132d076f4c21ebf27dcbec5b6bda2105cd96af8f1b1cc59c3a9143adb95"
        },
        {
          "physical_page": 2,
          "text": "Plant Investment Fees (PIFs) Single Family \nResidential Units",
          "native_start": 141,
          "native_end": 202,
          "candidate_native_offset": 966,
          "candidate_start": 1107,
          "candidate_end": 1168,
          "candidate_path": "/Users/mcoors/Documents/Project Geode/MasterLegalDatabase/research/local_review/ebenezer-016-017-reconciliation-2026-09-12/historical-packet/baseline/EB-PDF-017/inputs/candidate.txt",
          "sha256": "3c9135126ceb4e384e2fc290e6265f6e98fd911f552a2aebbfa54f6efeb7d4ba"
        }
      ],
      "page_image_paths": [
        "/Users/mcoors/Documents/Project Geode/MasterLegalDatabase/research/local_review/ebenezer-016-017-reconciliation-2026-09-12/historical-packet/baseline/EB-PDF-017/inputs/page-0002.png"
      ]
    },
    {
      "id": "EB017-O08",
      "role": "source_observation",
      "statement": "Native order gives the first left row, then the right Single Family row, then resumes the left table at 1-inch.",
      "qualification": "The typed table structures restore only visual row associations. No source characters are rewritten, and the right row is not appended within the left table.",
      "native_spans": [
        {
          "physical_page": 2,
          "text": "3/4\"",
          "native_start": 277,
          "native_end": 281,
          "candidate_native_offset": 966,
          "candidate_start": 1243,
          "candidate_end": 1247,
          "candidate_path": "/Users/mcoors/Documents/Project Geode/MasterLegalDatabase/research/local_review/ebenezer-016-017-reconciliation-2026-09-12/historical-packet/baseline/EB-PDF-017/inputs/candidate.txt",
          "sha256": "986aac6c1d4706b6f86e5d7c0e343b94212cbd7ef27c2059ed3d386fa797cdf1"
        },
        {
          "physical_page": 2,
          "text": "$11,200",
          "native_start": 283,
          "native_end": 290,
          "candidate_native_offset": 966,
          "candidate_start": 1249,
          "candidate_end": 1256,
          "candidate_path": "/Users/mcoors/Documents/Project Geode/MasterLegalDatabase/research/local_review/ebenezer-016-017-reconciliation-2026-09-12/historical-packet/baseline/EB-PDF-017/inputs/candidate.txt",
          "sha256": "adbcd047defe642e991a9f02155ecd18e34bf7035812a47b68c354c469cf4a66"
        },
        {
          "physical_page": 2,
          "text": "$6,800",
          "native_start": 292,
          "native_end": 298,
          "candidate_native_offset": 966,
          "candidate_start": 1258,
          "candidate_end": 1264,
          "candidate_path": "/Users/mcoors/Documents/Project Geode/MasterLegalDatabase/research/local_review/ebenezer-016-017-reconciliation-2026-09-12/historical-packet/baseline/EB-PDF-017/inputs/candidate.txt",
          "sha256": "e2062872a78d897833cbc71dd591c8dae8a524008bae3cdd59f356dfd15d0e5d"
        },
        {
          "physical_page": 2,
          "text": "Single Family - 3/4\"",
          "native_start": 302,
          "native_end": 322,
          "candidate_native_offset": 966,
          "candidate_start": 1268,
          "candidate_end": 1288,
          "candidate_path": "/Users/mcoors/Documents/Project Geode/MasterLegalDatabase/research/local_review/ebenezer-016-017-reconciliation-2026-09-12/historical-packet/baseline/EB-PDF-017/inputs/candidate.txt",
          "sha256": "61439077af4817709b0fd9903400eb2c443a9be5be8d92dc84e481bacd3fd785"
        },
        {
          "physical_page": 2,
          "text": "$11,200",
          "native_start": 325,
          "native_end": 332,
          "candidate_native_offset": 966,
          "candidate_start": 1291,
          "candidate_end": 1298,
          "candidate_path": "/Users/mcoors/Documents/Project Geode/MasterLegalDatabase/research/local_review/ebenezer-016-017-reconciliation-2026-09-12/historical-packet/baseline/EB-PDF-017/inputs/candidate.txt",
          "sha256": "adbcd047defe642e991a9f02155ecd18e34bf7035812a47b68c354c469cf4a66"
        },
        {
          "physical_page": 2,
          "text": "$6,800",
          "native_start": 334,
          "native_end": 340,
          "candidate_native_offset": 966,
          "candidate_start": 1300,
          "candidate_end": 1306,
          "candidate_path": "/Users/mcoors/Documents/Project Geode/MasterLegalDatabase/research/local_review/ebenezer-016-017-reconciliation-2026-09-12/historical-packet/baseline/EB-PDF-017/inputs/candidate.txt",
          "sha256": "e2062872a78d897833cbc71dd591c8dae8a524008bae3cdd59f356dfd15d0e5d"
        },
        {
          "physical_page": 2,
          "text": "1\"",
          "native_start": 344,
          "native_end": 346,
          "candidate_native_offset": 966,
          "candidate_start": 1310,
          "candidate_end": 1312,
          "candidate_path": "/Users/mcoors/Documents/Project Geode/MasterLegalDatabase/research/local_review/ebenezer-016-017-reconciliation-2026-09-12/historical-packet/baseline/EB-PDF-017/inputs/candidate.txt",
          "sha256": "d6c92ec6d5c65962ed276a932032175521137a250e51f3ef6bce5ac31ebdc631"
        },
        {
          "physical_page": 2,
          "text": "18,700",
          "native_start": 350,
          "native_end": 356,
          "candidate_native_offset": 966,
          "candidate_start": 1316,
          "candidate_end": 1322,
          "candidate_path": "/Users/mcoors/Documents/Project Geode/MasterLegalDatabase/research/local_review/ebenezer-016-017-reconciliation-2026-09-12/historical-packet/baseline/EB-PDF-017/inputs/candidate.txt",
          "sha256": "5196e28054e972138f237e61522f1cf9c98af0ac7879a6e472e9d3e8f0883215"
        },
        {
          "physical_page": 2,
          "text": "11,400",
          "native_start": 360,
          "native_end": 366,
          "candidate_native_offset": 966,
          "candidate_start": 1326,
          "candidate_end": 1332,
          "candidate_path": "/Users/mcoors/Documents/Project Geode/MasterLegalDatabase/research/local_review/ebenezer-016-017-reconciliation-2026-09-12/historical-packet/baseline/EB-PDF-017/inputs/candidate.txt",
          "sha256": "2ea471910658c726e637725bca74e49755ba157c6dd47f1ce4a9a9bbd9ecd001"
        }
      ],
      "page_image_paths": [
        "/Users/mcoors/Documents/Project Geode/MasterLegalDatabase/research/local_review/ebenezer-016-017-reconciliation-2026-09-12/historical-packet/baseline/EB-PDF-017/inputs/page-0002.png"
      ]
    },
    {
      "id": "EB017-O09",
      "role": "source_observation",
      "statement": "All 16 fee amounts were inspected. Dollar signs occur only on the first left row and the single-family row: four amount cells in total.",
      "qualification": "The remaining 12 amount cells have no printed dollar sign; preserve that typographic fact rather than filling symbols into a source transcription.",
      "native_spans": [
        {
          "physical_page": 2,
          "text": "$11,200",
          "native_start": 283,
          "native_end": 290,
          "candidate_native_offset": 966,
          "candidate_start": 1249,
          "candidate_end": 1256,
          "candidate_path": "/Users/mcoors/Documents/Project Geode/MasterLegalDatabase/research/local_review/ebenezer-016-017-reconciliation-2026-09-12/historical-packet/baseline/EB-PDF-017/inputs/candidate.txt",
          "sha256": "adbcd047defe642e991a9f02155ecd18e34bf7035812a47b68c354c469cf4a66"
        },
        {
          "physical_page": 2,
          "text": "$6,800",
          "native_start": 292,
          "native_end": 298,
          "candidate_native_offset": 966,
          "candidate_start": 1258,
          "candidate_end": 1264,
          "candidate_path": "/Users/mcoors/Documents/Project Geode/MasterLegalDatabase/research/local_review/ebenezer-016-017-reconciliation-2026-09-12/historical-packet/baseline/EB-PDF-017/inputs/candidate.txt",
          "sha256": "e2062872a78d897833cbc71dd591c8dae8a524008bae3cdd59f356dfd15d0e5d"
        },
        {
          "physical_page": 2,
          "text": "18,700",
          "native_start": 350,
          "native_end": 356,
          "candidate_native_offset": 966,
          "candidate_start": 1316,
          "candidate_end": 1322,
          "candidate_path": "/Users/mcoors/Documents/Project Geode/MasterLegalDatabase/research/local_review/ebenezer-016-017-reconciliation-2026-09-12/historical-packet/baseline/EB-PDF-017/inputs/candidate.txt",
          "sha256": "5196e28054e972138f237e61522f1cf9c98af0ac7879a6e472e9d3e8f0883215"
        },
        {
          "physical_page": 2,
          "text": "11,400",
          "native_start": 360,
          "native_end": 366,
          "candidate_native_offset": 966,
          "candidate_start": 1326,
          "candidate_end": 1332,
          "candidate_path": "/Users/mcoors/Documents/Project Geode/MasterLegalDatabase/research/local_review/ebenezer-016-017-reconciliation-2026-09-12/historical-packet/baseline/EB-PDF-017/inputs/candidate.txt",
          "sha256": "2ea471910658c726e637725bca74e49755ba157c6dd47f1ce4a9a9bbd9ecd001"
        },
        {
          "physical_page": 2,
          "text": "37,300",
          "native_start": 380,
          "native_end": 386,
          "candidate_native_offset": 966,
          "candidate_start": 1346,
          "candidate_end": 1352,
          "candidate_path": "/Users/mcoors/Documents/Project Geode/MasterLegalDatabase/research/local_review/ebenezer-016-017-reconciliation-2026-09-12/historical-packet/baseline/EB-PDF-017/inputs/candidate.txt",
          "sha256": "c6af9e371ba9dbf127f0e0ab1e31554e9332d91e2156067573800854f9358f10"
        },
        {
          "physical_page": 2,
          "text": "22,800",
          "native_start": 390,
          "native_end": 396,
          "candidate_native_offset": 966,
          "candidate_start": 1356,
          "candidate_end": 1362,
          "candidate_path": "/Users/mcoors/Documents/Project Geode/MasterLegalDatabase/research/local_review/ebenezer-016-017-reconciliation-2026-09-12/historical-packet/baseline/EB-PDF-017/inputs/candidate.txt",
          "sha256": "e833773c3fcc986f51a93f65bee3627d9d2f3c745eb00f92b27bc52959b90090"
        },
        {
          "physical_page": 2,
          "text": "59,700",
          "native_start": 410,
          "native_end": 416,
          "candidate_native_offset": 966,
          "candidate_start": 1376,
          "candidate_end": 1382,
          "candidate_path": "/Users/mcoors/Documents/Project Geode/MasterLegalDatabase/research/local_review/ebenezer-016-017-reconciliation-2026-09-12/historical-packet/baseline/EB-PDF-017/inputs/candidate.txt",
          "sha256": "8ce348597f4e05a0f0c59880d2bf6df06adbfac44d23e052caefd58d1aa3bff3"
        },
        {
          "physical_page": 2,
          "text": "36,400",
          "native_start": 420,
          "native_end": 426,
          "candidate_native_offset": 966,
          "candidate_start": 1386,
          "candidate_end": 1392,
          "candidate_path": "/Users/mcoors/Documents/Project Geode/MasterLegalDatabase/research/local_review/ebenezer-016-017-reconciliation-2026-09-12/historical-packet/baseline/EB-PDF-017/inputs/candidate.txt",
          "sha256": "31986c46f153fafa4eb655e828ad5bbbe932e8f0731ec2bf75935b562db2aad1"
        },
        {
          "physical_page": 2,
          "text": "130,700",
          "native_start": 436,
          "native_end": 443,
          "candidate_native_offset": 966,
          "candidate_start": 1402,
          "candidate_end": 1409,
          "candidate_path": "/Users/mcoors/Documents/Project Geode/MasterLegalDatabase/research/local_review/ebenezer-016-017-reconciliation-2026-09-12/historical-packet/baseline/EB-PDF-017/inputs/candidate.txt",
          "sha256": "c2f293cbd63261daaddd2c068b8c72929c7b5f26d024bed5ea264db6e8692149"
        },
        {
          "physical_page": 2,
          "text": "79,700",
          "native_start": 447,
          "native_end": 453,
          "candidate_native_offset": 966,
          "candidate_start": 1413,
          "candidate_end": 1419,
          "candidate_path": "/Users/mcoors/Documents/Project Geode/MasterLegalDatabase/research/local_review/ebenezer-016-017-reconciliation-2026-09-12/historical-packet/baseline/EB-PDF-017/inputs/candidate.txt",
          "sha256": "acb429218edb8bf9edf630aaa9822d3bf69659942f4fd2f614d941e95beb7636"
        },
        {
          "physical_page": 2,
          "text": "223,900",
          "native_start": 463,
          "native_end": 470,
          "candidate_native_offset": 966,
          "candidate_start": 1429,
          "candidate_end": 1436,
          "candidate_path": "/Users/mcoors/Documents/Project Geode/MasterLegalDatabase/research/local_review/ebenezer-016-017-reconciliation-2026-09-12/historical-packet/baseline/EB-PDF-017/inputs/candidate.txt",
          "sha256": "9343502444bf0001f6b230eb5dd773b87f2977561f6dcc6ffd98ae02a1ff90a1"
        },
        {
          "physical_page": 2,
          "text": "136,700",
          "native_start": 474,
          "native_end": 481,
          "candidate_native_offset": 966,
          "candidate_start": 1440,
          "candidate_end": 1447,
          "candidate_path": "/Users/mcoors/Documents/Project Geode/MasterLegalDatabase/research/local_review/ebenezer-016-017-reconciliation-2026-09-12/historical-packet/baseline/EB-PDF-017/inputs/candidate.txt",
          "sha256": "21771e1491e9f3aa47043d12cf05b562c09483e0e1765bf0109567dafad72dd0"
        },
        {
          "physical_page": 2,
          "text": "466,500",
          "native_start": 491,
          "native_end": 498,
          "candidate_native_offset": 966,
          "candidate_start": 1457,
          "candidate_end": 1464,
          "candidate_path": "/Users/mcoors/Documents/Project Geode/MasterLegalDatabase/research/local_review/ebenezer-016-017-reconciliation-2026-09-12/historical-packet/baseline/EB-PDF-017/inputs/candidate.txt",
          "sha256": "50b6a4ce8e9dee6ddfe746a539bf178539d836b6e83aded46e8141238d82a9cb"
        },
        {
          "physical_page": 2,
          "text": "284,800",
          "native_start": 502,
          "native_end": 509,
          "candidate_native_offset": 966,
          "candidate_start": 1468,
          "candidate_end": 1475,
          "candidate_path": "/Users/mcoors/Documents/Project Geode/MasterLegalDatabase/research/local_review/ebenezer-016-017-reconciliation-2026-09-12/historical-packet/baseline/EB-PDF-017/inputs/candidate.txt",
          "sha256": "199171c6dc1104d8e2b4ff1631e747807a99c105ec56f34d6c3888fd004b7141"
        },
        {
          "physical_page": 2,
          "text": "$11,200",
          "native_start": 325,
          "native_end": 332,
          "candidate_native_offset": 966,
          "candidate_start": 1291,
          "candidate_end": 1298,
          "candidate_path": "/Users/mcoors/Documents/Project Geode/MasterLegalDatabase/research/local_review/ebenezer-016-017-reconciliation-2026-09-12/historical-packet/baseline/EB-PDF-017/inputs/candidate.txt",
          "sha256": "adbcd047defe642e991a9f02155ecd18e34bf7035812a47b68c354c469cf4a66"
        },
        {
          "physical_page": 2,
          "text": "$6,800",
          "native_start": 334,
          "native_end": 340,
          "candidate_native_offset": 966,
          "candidate_start": 1300,
          "candidate_end": 1306,
          "candidate_path": "/Users/mcoors/Documents/Project Geode/MasterLegalDatabase/research/local_review/ebenezer-016-017-reconciliation-2026-09-12/historical-packet/baseline/EB-PDF-017/inputs/candidate.txt",
          "sha256": "e2062872a78d897833cbc71dd591c8dae8a524008bae3cdd59f356dfd15d0e5d"
        }
      ],
      "page_image_paths": [
        "/Users/mcoors/Documents/Project Geode/MasterLegalDatabase/research/local_review/ebenezer-016-017-reconciliation-2026-09-12/historical-packet/baseline/EB-PDF-017/inputs/page-0002.png"
      ]
    },
    {
      "id": "EB017-O10",
      "role": "source_observation",
      "statement": "Seven left tap labels are 3/4\",1\",1-1/2\",2\",3\",4\",6\".",
      "qualification": "Displayed quote marks and the hyphenated fraction are retained as native characters; exact raster Unicode identity is not independently inferred.",
      "native_spans": [
        {
          "physical_page": 2,
          "text": "3/4\"",
          "native_start": 277,
          "native_end": 281,
          "candidate_native_offset": 966,
          "candidate_start": 1243,
          "candidate_end": 1247,
          "candidate_path": "/Users/mcoors/Documents/Project Geode/MasterLegalDatabase/research/local_review/ebenezer-016-017-reconciliation-2026-09-12/historical-packet/baseline/EB-PDF-017/inputs/candidate.txt",
          "sha256": "986aac6c1d4706b6f86e5d7c0e343b94212cbd7ef27c2059ed3d386fa797cdf1"
        },
        {
          "physical_page": 2,
          "text": "1\"",
          "native_start": 344,
          "native_end": 346,
          "candidate_native_offset": 966,
          "candidate_start": 1310,
          "candidate_end": 1312,
          "candidate_path": "/Users/mcoors/Documents/Project Geode/MasterLegalDatabase/research/local_review/ebenezer-016-017-reconciliation-2026-09-12/historical-packet/baseline/EB-PDF-017/inputs/candidate.txt",
          "sha256": "d6c92ec6d5c65962ed276a932032175521137a250e51f3ef6bce5ac31ebdc631"
        },
        {
          "physical_page": 2,
          "text": "1-1/2\"",
          "native_start": 370,
          "native_end": 376,
          "candidate_native_offset": 966,
          "candidate_start": 1336,
          "candidate_end": 1342,
          "candidate_path": "/Users/mcoors/Documents/Project Geode/MasterLegalDatabase/research/local_review/ebenezer-016-017-reconciliation-2026-09-12/historical-packet/baseline/EB-PDF-017/inputs/candidate.txt",
          "sha256": "0015a43d170374ffda12d83c403eec646a266adabff6ff5550eabcb3a59df83c"
        },
        {
          "physical_page": 2,
          "text": "2\"",
          "native_start": 404,
          "native_end": 406,
          "candidate_native_offset": 966,
          "candidate_start": 1370,
          "candidate_end": 1372,
          "candidate_path": "/Users/mcoors/Documents/Project Geode/MasterLegalDatabase/research/local_review/ebenezer-016-017-reconciliation-2026-09-12/historical-packet/baseline/EB-PDF-017/inputs/candidate.txt",
          "sha256": "85d35af01a555c7ef4431e4d492ab1e63c969acc925cf5113ef848e46e814a9a"
        },
        {
          "physical_page": 2,
          "text": "3\"",
          "native_start": 430,
          "native_end": 432,
          "candidate_native_offset": 966,
          "candidate_start": 1396,
          "candidate_end": 1398,
          "candidate_path": "/Users/mcoors/Documents/Project Geode/MasterLegalDatabase/research/local_review/ebenezer-016-017-reconciliation-2026-09-12/historical-packet/baseline/EB-PDF-017/inputs/candidate.txt",
          "sha256": "cdbbc7a93245d4eebee8c750de79a3c5f66e6e47854b18c273357bf125be50c7"
        },
        {
          "physical_page": 2,
          "text": "4\"",
          "native_start": 457,
          "native_end": 459,
          "candidate_native_offset": 966,
          "candidate_start": 1423,
          "candidate_end": 1425,
          "candidate_path": "/Users/mcoors/Documents/Project Geode/MasterLegalDatabase/research/local_review/ebenezer-016-017-reconciliation-2026-09-12/historical-packet/baseline/EB-PDF-017/inputs/candidate.txt",
          "sha256": "943071fdc0528a592b8cb68f02abb927853d5523b19c808a7ce9908590fb9578"
        },
        {
          "physical_page": 2,
          "text": "6\"",
          "native_start": 485,
          "native_end": 487,
          "candidate_native_offset": 966,
          "candidate_start": 1451,
          "candidate_end": 1453,
          "candidate_path": "/Users/mcoors/Documents/Project Geode/MasterLegalDatabase/research/local_review/ebenezer-016-017-reconciliation-2026-09-12/historical-packet/baseline/EB-PDF-017/inputs/candidate.txt",
          "sha256": "932a254e3aad47df9fab9ecab32605a8061f5205fce65d0a3af84702157797f8"
        }
      ],
      "page_image_paths": [
        "/Users/mcoors/Documents/Project Geode/MasterLegalDatabase/research/local_review/ebenezer-016-017-reconciliation-2026-09-12/historical-packet/baseline/EB-PDF-017/inputs/page-0002.png"
      ]
    },
    {
      "id": "EB017-IMAGE-01",
      "role": "image_only",
      "statement": "City of\nGreeley\nColorado",
      "qualification": "These words are visibly incorporated in the multicolor graphic; this list is not a claim of linear logo reading order or a new legal-authority determination.",
      "native_spans": [],
      "page_image_paths": [
        "/Users/mcoors/Documents/Project Geode/MasterLegalDatabase/research/local_review/ebenezer-016-017-reconciliation-2026-09-12/historical-packet/baseline/EB-PDF-017/inputs/page-0001.png"
      ]
    },
    {
      "id": "EB017-IMAGE-02",
      "role": "image_only",
      "statement": "Water and Sewer Department • 1100 10th Street, Suite 300, Greeley, CO 80631 • (970) 350-9811 Fax (970) 350-9805\nA City Achieving Community Excellence",
      "qualification": "Complete visible wording normalized to single spaces. Round separators are represented by • for readability; their exact Unicode is not inferred. A horizontal line separates the contact line from the slogan. Body 350-9801 and footer 350-9811 remain distinct.",
      "native_spans": [],
      "page_image_paths": [
        "/Users/mcoors/Documents/Project Geode/MasterLegalDatabase/research/local_review/ebenezer-016-017-reconciliation-2026-09-12/historical-packet/baseline/EB-PDF-017/inputs/page-0001.png"
      ]
    }
  ],
  "context_tables": [
    {
      "row_id": "tap_size-headers",
      "physical_page": 2,
      "role": "column_header",
      "cells": [
        {
          "column_start": 1,
          "column_span": 1,
          "text": "Water Tap Size",
          "status": "native_bound_visible_text",
          "native_spans": [
            {
              "physical_page": 2,
              "text": "Water \nTap Size",
              "native_start": 206,
              "native_end": 221,
              "candidate_native_offset": 966,
              "candidate_start": 1172,
              "candidate_end": 1187,
              "candidate_path": "/Users/mcoors/Documents/Project Geode/MasterLegalDatabase/research/local_review/ebenezer-016-017-reconciliation-2026-09-12/historical-packet/baseline/EB-PDF-017/inputs/candidate.txt",
              "sha256": "c1496fa25d1fc055765a72e799399999fc7608b43e79abf087e000b894c53a53"
            }
          ]
        },
        {
          "column_start": 2,
          "column_span": 1,
          "text": "Water PIF",
          "status": "native_bound_visible_text",
          "native_spans": [
            {
              "physical_page": 2,
              "text": "Water PIF",
              "native_start": 225,
              "native_end": 234,
              "candidate_native_offset": 966,
              "candidate_start": 1191,
              "candidate_end": 1200,
              "candidate_path": "/Users/mcoors/Documents/Project Geode/MasterLegalDatabase/research/local_review/ebenezer-016-017-reconciliation-2026-09-12/historical-packet/baseline/EB-PDF-017/inputs/candidate.txt",
              "sha256": "ca9e6ff29fc3508d08b1bfd40f7515e534c515df317890b862a995a0e291626a"
            }
          ]
        },
        {
          "column_start": 3,
          "column_span": 1,
          "text": "Sewer PIF",
          "status": "native_bound_visible_text",
          "native_spans": [
            {
              "physical_page": 2,
              "text": "Sewer PIF",
              "native_start": 238,
              "native_end": 247,
              "candidate_native_offset": 966,
              "candidate_start": 1204,
              "candidate_end": 1213,
              "candidate_path": "/Users/mcoors/Documents/Project Geode/MasterLegalDatabase/research/local_review/ebenezer-016-017-reconciliation-2026-09-12/historical-packet/baseline/EB-PDF-017/inputs/candidate.txt",
              "sha256": "b81e8538f2da3b6b46cb8bd315ae988fcdb4570036d84cf534e3f486e58b3e6a"
            }
          ]
        }
      ]
    },
    {
      "row_id": "single_family-headers",
      "physical_page": 2,
      "role": "column_header",
      "cells": [
        {
          "column_start": 1,
          "column_span": 1,
          "text": null,
          "status": "visually_blank",
          "native_spans": []
        },
        {
          "column_start": 2,
          "column_span": 1,
          "text": "Water PIF",
          "status": "native_bound_visible_text",
          "native_spans": [
            {
              "physical_page": 2,
              "text": "Water PIF",
              "native_start": 255,
              "native_end": 264,
              "candidate_native_offset": 966,
              "candidate_start": 1221,
              "candidate_end": 1230,
              "candidate_path": "/Users/mcoors/Documents/Project Geode/MasterLegalDatabase/research/local_review/ebenezer-016-017-reconciliation-2026-09-12/historical-packet/baseline/EB-PDF-017/inputs/candidate.txt",
              "sha256": "ca9e6ff29fc3508d08b1bfd40f7515e534c515df317890b862a995a0e291626a"
            }
          ]
        },
        {
          "column_start": 3,
          "column_span": 1,
          "text": "Sewer PIF",
          "status": "native_bound_visible_text",
          "native_spans": [
            {
              "physical_page": 2,
              "text": "Sewer PIF",
              "native_start": 266,
              "native_end": 275,
              "candidate_native_offset": 966,
              "candidate_start": 1232,
              "candidate_end": 1241,
              "candidate_path": "/Users/mcoors/Documents/Project Geode/MasterLegalDatabase/research/local_review/ebenezer-016-017-reconciliation-2026-09-12/historical-packet/baseline/EB-PDF-017/inputs/candidate.txt",
              "sha256": "b81e8538f2da3b6b46cb8bd315ae988fcdb4570036d84cf534e3f486e58b3e6a"
            }
          ]
        }
      ]
    }
  ],
  "native_pages": [
    {
      "physical_page": 1,
      "text": " \n \n \nNovember 20, 2020 \n \n \nNOTICE OF CHANGES IN PLANT INVESTMENT FEES \nTO WELD COUNTY HOMEBUILDERS, BUILDING CONTRACTORS, \nAND PLUMBING CONTRACTORS \n \n \n \nDear Homebuilder/Contractor: \n \nThe Water and Sewer Board will be reviewing updated plant investment fees for adoption at its \nDecember 16, 2020 board meeting. These changes will become effective on March 1, 2021, \nassuming they are adopted. A copy of the new plant investment fee schedule is printed on the \nreverse side of this notice.   \n \nThe Water and Sewer Department welcomes your questions and can assist you in planning \nupcoming projects. Please call the Water and Sewer Department (350-9801) for more specific \nfee information.   \n \nSincerely, \n \n \nErik Dial \nUtility Finance Manager \nGreeley Water and Sewer \n  \n \n \n \n \n \n \n \n \n",
      "native_start": 0,
      "native_end": 797,
      "candidate_native_offset": 56,
      "candidate_start": 56,
      "candidate_end": 853,
      "candidate_path": "/Users/mcoors/Documents/Project Geode/MasterLegalDatabase/research/local_review/ebenezer-016-017-reconciliation-2026-09-12/historical-packet/baseline/EB-PDF-017/inputs/candidate.txt",
      "sha256": "209dd3dc4aefa51272c7885edaab8450f51a8660f9a8bfcfce14bc627f15bfac"
    },
    {
      "physical_page": 2,
      "text": "CITY OF GREELEY \n \nWATER AND SEWER PLANT INVESTMENT FEES \nEFFECTIVE MARCH 1, 2021 \n \n  \n Plant Investment Fees (PIFs) Based \non Tap Size  \n \nPlant Investment Fees (PIFs) Single Family \nResidential Units \n \nWater \nTap Size \n \nWater PIF \n \nSewer PIF \n \n \n \nWater PIF \nSewer PIF \n3/4\" \n$11,200 \n$6,800 \n \nSingle Family - 3/4\" \n $11,200 \n$6,800 \n \n1\" \n \n18,700 \n \n11,400 \n \n1-1/2\" \n \n37,300 \n \n22,800 \n \n    2\" \n \n59,700 \n \n36,400 \n \n3\" \n \n130,700 \n \n79,700 \n \n4\" \n \n223,900 \n \n136,700 \n \n6\" \n \n466,500 \n \n284,800 \n \n \n \n \n",
      "native_start": 0,
      "native_end": 519,
      "candidate_native_offset": 966,
      "candidate_start": 966,
      "candidate_end": 1485,
      "candidate_path": "/Users/mcoors/Documents/Project Geode/MasterLegalDatabase/research/local_review/ebenezer-016-017-reconciliation-2026-09-12/historical-packet/baseline/EB-PDF-017/inputs/candidate.txt",
      "sha256": "9e839c9d02e0e940da0c58d712c9e76c21857e6ceca365794f16f837e9472a44"
    }
  ],
  "matched_context_ids": [],
  "date_statements": [
    {
      "id": "EB017-O01",
      "role": "date_claim",
      "statement": "Notice date is November 20, 2020.",
      "qualification": "Printed source date, not retrieval or adoption.",
      "native_spans": [
        {
          "physical_page": 1,
          "text": "November 20, 2020",
          "native_start": 6,
          "native_end": 23,
          "candidate_native_offset": 56,
          "candidate_start": 62,
          "candidate_end": 79,
          "candidate_path": "/Users/mcoors/Documents/Project Geode/MasterLegalDatabase/research/local_review/ebenezer-016-017-reconciliation-2026-09-12/historical-packet/baseline/EB-PDF-017/inputs/candidate.txt",
          "sha256": "5ab37fb89d5a1cb5b8ba8f2a8a579ea52da57da1f86c576fff1e986c7b53c3ac"
        }
      ],
      "page_image_paths": [
        "/Users/mcoors/Documents/Project Geode/MasterLegalDatabase/research/local_review/ebenezer-016-017-reconciliation-2026-09-12/historical-packet/baseline/EB-PDF-017/inputs/page-0001.png"
      ]
    },
    {
      "id": "EB017-O03",
      "role": "date_claim",
      "statement": "The Board will review updated fees for adoption at its December 16, 2020 meeting. March 1, 2021 is expressly conditional on adoption.",
      "qualification": "The page 2 effective-date heading must be read with the page 1 condition; this notice does not establish adoption or current applicability.",
      "native_spans": [
        {
          "physical_page": 1,
          "text": "December 16, 2020 board meeting.",
          "native_start": 284,
          "native_end": 316,
          "candidate_native_offset": 56,
          "candidate_start": 340,
          "candidate_end": 372,
          "candidate_path": "/Users/mcoors/Documents/Project Geode/MasterLegalDatabase/research/local_review/ebenezer-016-017-reconciliation-2026-09-12/historical-packet/baseline/EB-PDF-017/inputs/candidate.txt",
          "sha256": "8cd0eb8ba29f39f6a947a6da5808aedfee14119616e0cbd8ced4509264f802ed"
        },
        {
          "physical_page": 1,
          "text": "These changes will become effective on March 1, 2021, \nassuming they are adopted.",
          "native_start": 317,
          "native_end": 398,
          "candidate_native_offset": 56,
          "candidate_start": 373,
          "candidate_end": 454,
          "candidate_path": "/Users/mcoors/Documents/Project Geode/MasterLegalDatabase/research/local_review/ebenezer-016-017-reconciliation-2026-09-12/historical-packet/baseline/EB-PDF-017/inputs/candidate.txt",
          "sha256": "aad34042fbadfc3fedbb6f5fc88f5d5e5f2d98d74924db338229ad094a97f2eb"
        },
        {
          "physical_page": 2,
          "text": "EFFECTIVE MARCH 1, 2021",
          "native_start": 58,
          "native_end": 81,
          "candidate_native_offset": 966,
          "candidate_start": 1024,
          "candidate_end": 1047,
          "candidate_path": "/Users/mcoors/Documents/Project Geode/MasterLegalDatabase/research/local_review/ebenezer-016-017-reconciliation-2026-09-12/historical-packet/baseline/EB-PDF-017/inputs/candidate.txt",
          "sha256": "d88ac263a8be7c15332a6acb285e08ca1ce224043aac1c08e9fde0ca1ba76640"
        }
      ],
      "page_image_paths": [
        "/Users/mcoors/Documents/Project Geode/MasterLegalDatabase/research/local_review/ebenezer-016-017-reconciliation-2026-09-12/historical-packet/baseline/EB-PDF-017/inputs/page-0001.png",
        "/Users/mcoors/Documents/Project Geode/MasterLegalDatabase/research/local_review/ebenezer-016-017-reconciliation-2026-09-12/historical-packet/baseline/EB-PDF-017/inputs/page-0002.png"
      ]
    }
  ],
  "observations": [
    "Both complete PNG pages and two crops were directly viewed before generating this source QA. This is candidate-aware, not blind; no external EB017 report was consulted.",
    "The exact PDF, candidate, images, native receipts and packet manifest are copied byte-for-byte. All trailing spaces, line wraps, native order and packaging offsets remain preserved.",
    "Twenty-four data cells means eight labels plus 16 amount cells. Table headings and six header positions are additional structure, including one visibly blank header.",
    "The logo/footer are image-only additions to review evidence; they are not silently inserted into the native candidate.",
    "Source numbers and date conditions are transcribed from this notice only. No adopted fee status, present-day legal applicability, complete fee universe, inflation adjustment or computed charge is certified.",
    "The superseding disposition retains visible running titles on all three EB016 pages. The withdrawn not-visible conclusions must not be used.",
    "External chronology is not authenticated; EB017 PASS1_NOTES bytes remain missing. Review dispositions are source QA, not legal-currentness findings."
  ],
  "mandatory_qualification": "Greeley is the issuer; Weld County homebuilders, building contractors and plumbing contractors are addressees, not the issuing county government. The notice proposes Water and Sewer Board review on December 16, 2020; its March 1, 2021 date is conditional: assuming they are adopted. The schedule heading alone does not establish adoption.",
  "boundary": "The preserved source states these reviewed rows, not current law, a computed charge or a determination of applicability. Printed columns, merged cells, blank cells and source qualifications remain distinct. No match does not establish free, exempt or unregulated activity. Legal dates and later adoption remain unverified.",
  "legal_currentness": "not_verified",
  "external_review_status": "reconciled_with_superseding_qualification",
  "answer_safe": false,
  "adoption_date": null,
  "effective_date": null,
  "source_edition_date": null
}
