{
  "status": "matched",
  "requested_section_id": "CRS-1-1-102",
  "section": {
    "section_id": "CRS-1-1-102",
    "heading": {
      "region_id": "S102-H",
      "section_id": "CRS-1-1-102",
      "role": "section_heading",
      "physical_page": 4,
      "printed_page": "-4-",
      "native": {
        "path": "native/page-0004.txt",
        "sha256": "b309d401949a7067d32cc3ac4c457bd8716a725331856dfdae1266acc85f9d8d",
        "size_bytes": 1639
      },
      "image": {
        "path": "pages/page-0004.png",
        "sha256": "18f9bc4548f390591d1b721255883ec65f1cb684610648f7eb66f93a6f22b73b",
        "size_bytes": 223589
      },
      "native_start": 1109,
      "native_end": 1139,
      "text": "1-1-102.    Applicability.   \n",
      "text_sha256": "de0b6b8c835d1eabda696403ab527ca6972ae8bf201c09095e35b7c83ddea2d3",
      "visible_location": "Bold heading near lower page",
      "source_review_qualification": "",
      "byte_basis": "half_open_utf8_offsets_in_unchanged_native_page"
    },
    "paragraphs": [
      {
        "label": "(1)",
        "fragments": [
          {
            "region_id": "S102-B1A",
            "section_id": "CRS-1-1-102",
            "role": "statutory_paragraph",
            "physical_page": 4,
            "printed_page": "-4-",
            "native": {
              "path": "native/page-0004.txt",
              "sha256": "b309d401949a7067d32cc3ac4c457bd8716a725331856dfdae1266acc85f9d8d",
              "size_bytes": 1639
            },
            "image": {
              "path": "pages/page-0004.png",
              "sha256": "18f9bc4548f390591d1b721255883ec65f1cb684610648f7eb66f93a6f22b73b",
              "size_bytes": 223589
            },
            "native_start": 1139,
            "native_end": 1639,
            "text": "(1)    This code applies to all general, primary, congressional vacancy, school district, special \ndistrict, ballot issue, and other authorized elections unless otherwise provided by this code. This \ncode applies to any municipal election conducted as part of a coordinated election except to the \nextent that this code conflicts with a specific charter provision. Any municipality may provide by \nordinance or resolution that it will utilize the requirements and procedures of this code in lieu of \n",
            "text_sha256": "58983efa06e6ca737228fcad32088468225b712150c4d68285b7db9de8f467af",
            "visible_location": "Bottom paragraph labeled(1)",
            "source_review_qualification": "Continues at physical5 first body line; footer is excluded.",
            "byte_basis": "half_open_utf8_offsets_in_unchanged_native_page"
          },
          {
            "region_id": "S102-B1B",
            "section_id": "CRS-1-1-102",
            "role": "statutory_paragraph",
            "physical_page": 5,
            "printed_page": "-5-",
            "native": {
              "path": "native/page-0005.txt",
              "sha256": "2120d74818efa9cd8fdf3d04ffe62b4dd8d0a798516186532489f4f9b6350b7a",
              "size_bytes": 2035
            },
            "image": {
              "path": "pages/page-0005.png",
              "sha256": "1df6483b3f4a68b7ce8a2068126032aabcb5878d52bc026f66e2bade8b486fa7",
              "size_bytes": 242909
            },
            "native_start": 60,
            "native_end": 172,
            "text": "the \"Colorado Municipal Election Code of 1965\", article 10 of title 31, C.R.S., with respect to \nany election. \n",
            "text_sha256": "0eb5039f1f2c9f7cc5451276194d0d3e3f045c7ecd722f7f9f276809ad9be223",
            "visible_location": "First two body lines",
            "source_review_qualification": "Continuation of(1), not a new unlabeled paragraph.",
            "byte_basis": "half_open_utf8_offsets_in_unchanged_native_page"
          }
        ],
        "text": "(1)    This code applies to all general, primary, congressional vacancy, school district, special \ndistrict, ballot issue, and other authorized elections unless otherwise provided by this code. This \ncode applies to any municipal election conducted as part of a coordinated election except to the \nextent that this code conflicts with a specific charter provision. Any municipality may provide by \nordinance or resolution that it will utilize the requirements and procedures of this code in lieu of \nthe \"Colorado Municipal Election Code of 1965\", article 10 of title 31, C.R.S., with respect to \nany election. \n",
        "text_sha256": "215c21fdad9f92f204050d2366729a5092ca44e41c0c1ff2d23fff6aabbaa621",
        "continuation_note": "Physical4 bottom continues on5 before(2).",
        "byte_basis": "ordered_native_fragments_concatenated_without_insertions"
      },
      {
        "label": "(2)",
        "fragments": [
          {
            "region_id": "S102-B2",
            "section_id": "CRS-1-1-102",
            "role": "statutory_paragraph",
            "physical_page": 5,
            "printed_page": "-5-",
            "native": {
              "path": "native/page-0005.txt",
              "sha256": "2120d74818efa9cd8fdf3d04ffe62b4dd8d0a798516186532489f4f9b6350b7a",
              "size_bytes": 2035
            },
            "image": {
              "path": "pages/page-0005.png",
              "sha256": "1df6483b3f4a68b7ce8a2068126032aabcb5878d52bc026f66e2bade8b486fa7",
              "size_bytes": 242909
            },
            "native_start": 172,
            "native_end": 646,
            "text": "(2)    For elections that must be coordinated pursuant to section 20 (3)(b) of article X of the \nColorado constitution where the enabling legislation does not require that the electors be \nregistered electors, the political subdivision may conduct its elections pursuant to the enabling \nlegislation but it must assure that the notice required by part 9 of article 7 of this title is provided \nto the election official responsible for publishing the ballot issue notice. \n \n",
            "text_sha256": "d468d47082c91329d0b8988bcf203f10aed233a7d57b275d90299c432211fdf7",
            "visible_location": "Paragraph labeled(2)",
            "source_review_qualification": "",
            "byte_basis": "half_open_utf8_offsets_in_unchanged_native_page"
          }
        ],
        "text": "(2)    For elections that must be coordinated pursuant to section 20 (3)(b) of article X of the \nColorado constitution where the enabling legislation does not require that the electors be \nregistered electors, the political subdivision may conduct its elections pursuant to the enabling \nlegislation but it must assure that the notice required by part 9 of article 7 of this title is provided \nto the election official responsible for publishing the ballot issue notice. \n \n",
        "text_sha256": "d468d47082c91329d0b8988bcf203f10aed233a7d57b275d90299c432211fdf7",
        "continuation_note": null,
        "byte_basis": "ordered_native_fragments_concatenated_without_insertions"
      }
    ],
    "ancillary": [
      {
        "region_id": "S102-SOURCE",
        "section_id": "CRS-1-1-102",
        "role": "source_history_note",
        "physical_page": 5,
        "printed_page": "-5-",
        "native": {
          "path": "native/page-0005.txt",
          "sha256": "2120d74818efa9cd8fdf3d04ffe62b4dd8d0a798516186532489f4f9b6350b7a",
          "size_bytes": 2035
        },
        "image": {
          "path": "pages/page-0005.png",
          "sha256": "1df6483b3f4a68b7ce8a2068126032aabcb5878d52bc026f66e2bade8b486fa7",
          "size_bytes": 242909
        },
        "native_start": 646,
        "native_end": 844,
        "text": "Source: L. 92: Entire article R&RE, p. 624, § 1, effective January 1, 1993. L. 93: Entire \nsection amended, p. 1393, § 1, effective July 1. L. 94: (2) amended, p. 1149, § 1, effective July 1. \n \n",
        "text_sha256": "e3036600983b84cfb1f61ffad52ee3ff20e924c6c1963c79b5adad0f33c8b0b5",
        "visible_location": "Source note following(2)",
        "source_review_qualification": "Historical amendment/effectiveness statements, not a2026 effective date.",
        "byte_basis": "half_open_utf8_offsets_in_unchanged_native_page"
      },
      {
        "region_id": "S102-EDITOR",
        "section_id": "CRS-1-1-102",
        "role": "editors_note",
        "physical_page": 5,
        "printed_page": "-5-",
        "native": {
          "path": "native/page-0005.txt",
          "sha256": "2120d74818efa9cd8fdf3d04ffe62b4dd8d0a798516186532489f4f9b6350b7a",
          "size_bytes": 2035
        },
        "image": {
          "path": "pages/page-0005.png",
          "sha256": "1df6483b3f4a68b7ce8a2068126032aabcb5878d52bc026f66e2bade8b486fa7",
          "size_bytes": 242909
        },
        "native_start": 844,
        "native_end": 936,
        "text": "Editor's note: This section is similar to former § 1-1-102 as it existed prior to 1992. \n \n",
        "text_sha256": "42a64a89d956536be44ecc01abf0df18bd3efe0d6286d18d22186e2ffe8dd8e9",
        "visible_location": "Editor's note",
        "source_review_qualification": "Ancillary editorial text.",
        "byte_basis": "half_open_utf8_offsets_in_unchanged_native_page"
      },
      {
        "region_id": "S102-XREF",
        "section_id": "CRS-1-1-102",
        "role": "cross_references",
        "physical_page": 5,
        "printed_page": "-5-",
        "native": {
          "path": "native/page-0005.txt",
          "sha256": "2120d74818efa9cd8fdf3d04ffe62b4dd8d0a798516186532489f4f9b6350b7a",
          "size_bytes": 2035
        },
        "image": {
          "path": "pages/page-0005.png",
          "sha256": "1df6483b3f4a68b7ce8a2068126032aabcb5878d52bc026f66e2bade8b486fa7",
          "size_bytes": 242909
        },
        "native_start": 936,
        "native_end": 1128,
        "text": "Cross references: For the definitions of \"general election\", \"primary election\", and \n\"congressional vacancy election\", see §§ 1-1-104 (17), 1-1-104 (32), and 1-1-104 (5), \nrespectively. \n \n",
        "text_sha256": "d59d266b378cae37de1d85e6095fd795c40bb5ecbed81627963d556be7b85a1a",
        "visible_location": "Cross references above103 heading",
        "source_review_qualification": "Respectively attaches17→general,32→primary,5→congressional vacancy in printed order; references are not resolved here.",
        "byte_basis": "half_open_utf8_offsets_in_unchanged_native_page"
      }
    ],
    "scope_note": "Heading/body on4–5; source/editor/cross-reference notes on5."
  },
  "custody": {
    "source_id": "crs-2026-title1-official-pdf",
    "authority_level": "state",
    "jurisdiction": "Colorado",
    "publisher_role": "Office of Legislative Legal Services, Colorado General Assembly",
    "source": {
      "path": "events/E001/body.bin",
      "sha256": "1c6b021e612929ca8024bebf1022ba45f57aa99712d080c404da8f7f7e90cd1d",
      "size_bytes": 3967221
    },
    "official_url": "https://olls.info/crs/crs2026-title-01.pdf",
    "acquisition_receipt": {
      "path": "events/E001.json",
      "sha256": "d2300d135971afd17c359ca802635974513b671abef9780fd366c8318164a839",
      "size_bytes": 1628
    },
    "acquisition_started_at": "2026-09-12T22:13:16.539063Z",
    "acquisition_completed_at": "2026-09-12T22:13:17.603959Z",
    "acquisition_basis": "retained_direct_http_receipt_verified_tls_200",
    "source_review_prepared_at": "2026-09-12T22:17:50.926237Z",
    "printed_edition_claim": "Colorado Revised Statutes 2026",
    "catalog_session_claim": "Current with the changes made by amendments, additions, and repeals to Colorado Revised Statutes by the Seventy-fifth General Assembly at its Second Regular Session in 2026.",
    "pdf_metadata_claims": {
      "format": "PDF 1.6",
      "title": "Title 1 - Elections - Colorado Revised Statutes 2026",
      "author": "Apache POI",
      "subject": "",
      "keywords": "",
      "creator": "Acrobat PDFMaker 26 for Word",
      "producer": "Adobe PDF Library 26.1.29",
      "creationDate": "D:20260818155956-06'00'",
      "modDate": "D:20260818160138-06'00'",
      "trapped": "",
      "encryption": null
    },
    "date_qualification": "Printed2026 edition and catalog session coverage are source claims. PDF creation/modification metadata are not adoption/effective dates. Historical source-note dates remain literal notes; no operative2026 section date is assigned.",
    "legal_effective_date": null,
    "source_manifest_sha256": "ea43aa1d1d2ae4d28a8833642230d22babb18c615a1604b913b52459d181175d",
    "source_review_sha256": "555aefd0cac5b99e74d3bb37937d0f36b1943979202aa3f7d96a4cc55f1109e0",
    "reviewed_physical_pages": [
      1,
      2,
      3,
      4,
      5,
      6
    ],
    "total_pdf_pages": 1008,
    "review_method": "candidate_aware_source_review_not_blind",
    "source_review_limits": [
      "1008 is PDF structural pagecount; only complete physical1–6 were visually reviewed and have retained native text. Page7native was briefly read to locate the selection boundary; no page7review/annotation and no page8–1008inspection is claimed.",
      "Only three section selections; contextual catalogs and104tail do not expand admission.",
      "One public GET/one target/no redirects,3,967,221response bytes. No HTML source download.",
      "The frozen2025custody gap remains unchanged. No canonical intake/catalog/index/control update."
    ],
    "typography_qualification": "Full pages1–6 viewed after native/old-record context; not blind. Bold headings/source labels and annotation's bold first sentence are visible. No strikeout, handwritten alteration, signature or form fill observed in selected regions. Exact Unicode codepoints come from native bytes, not visual character-encoding certification. No OCR correction.",
    "prior_2025_original_custody": "unresolved"
  },
  "boundary": "Research-only passages from the preserved 2026 PDF, limited to CRS-1-1-101/102/103. Six pages were reviewed with native-text context; the whole 1008-page title was not reviewed. Contents listings and the section 104 tail are excluded. Historical/editorial notes and case commentary remain distinct from statutory paragraphs. No current-law, effective-date, applicability, interpretation or completeness conclusion. The older 2025 derived catalog and its unresolved original custody remain unchanged.",
  "legal_currentness": "not_verified",
  "research_only": true,
  "answer_safe": false
}
