{
  "status": "matched",
  "source_id": "greeley-building-fees-sd008-06",
  "authority_id": "CO-MUNICIPAL-GREELEY",
  "query": null,
  "evidence_verified": true,
  "source": {
    "canonical_source_id": "greeley-building-fees-sd008-06",
    "review_source_id": "greeley-building-fees-sd008-06",
    "authority_id": "CO-MUNICIPAL-GREELEY",
    "authority_basis": "collection context only; not a legal-authority finding",
    "official_source_url": null,
    "official_referral_url": "https://greeleyco.gov/business/construction-and-growth/building-permits-and-inspections/",
    "reported_requested_url": "https://cogy-p-001.sitecorecontenthub.cloud/api/public/content/dad9bcd41d394807be1e339c71367e76?v=f77f3c32",
    "reported_final_url": "https://cogy-p-001.sitecorecontenthub.cloud/api/public/content/dad9bcd41d394807be1e339c71367e76?v=f77f3c32",
    "reported_acquisition_at": "2026-09-11T18:50:31Z",
    "original_acquisition_time": null,
    "received_at": "2026-09-11T19:15:24.670419Z",
    "reviewed_at": "2026-09-11T19:28:50.209076Z",
    "acquisition_method": "received_review_package",
    "intake_status": "archived_pending_pipeline",
    "upstream_http_acquisition_independently_verified": false,
    "review_mode": "candidate_aware_not_blind",
    "acquisition_qualification": "Received review package; original HTTP acquisition time is unverified. The reported Sitecore URL appears in saved official referral HTML, but the direct host is outside the existing intake allowlist. The canonical official source URL remains null. Receipt time is not acquisition time.",
    "pdf_sha256": "fa8a90dae00525c2dcb62ef4d69aeb84b7032a0fd2dc64f45c1685981e9becd4",
    "review_sha256": "6fd2f617a176aa821181a3ef3b52589f1fdc4c7ff64e00477f16149826142979",
    "manifest_sha256": "e85a4ffdee0ebd68fcd7361e628de3072eaa0adb6cdb19b1e4bd47e3064d6609",
    "verifier_sha256": "71ea4ce0f6d391fde63a4a2d0e58d889409278e8883ee9690f0b8d9c3a6447ef",
    "candidate_sha256": "aec7efa7edbd9e26a8ce7bbd9685431c386043fc074567a1b3db334e9f528334",
    "packet_manifest_sha256": "dcb4565ae9a3ce007f7a96e0fcc74cd6ebe8664b435cb1a278d8a75a2f152397",
    "pdf_path": "/private/tmp/geode-clean-archive-2f2b450/research/local_review/greeley-fees-atlas-source-review-2026-09-11/packet/01-source-only/greeley-building-fees-sd008-06/original.pdf",
    "review_path": "/private/tmp/geode-clean-archive-2f2b450/research/local_review/greeley-fees-atlas-source-review-2026-09-11/source-audits/EB-PDF-015/SOURCE_QA.json",
    "provenance_path": "/private/tmp/geode-clean-archive-2f2b450/research/local_review/greeley-fees-atlas-source-review-2026-09-11/packet/manifest.json"
  },
  "entries": [
    {
      "entry_id": "valuation_1",
      "kind": "valuation_fee",
      "statement": {
        "id": "valuation_1",
        "text": "$1 to $500 \n$23.50 \n",
        "physical_page": 1,
        "byte_basis": "utf8_candidate_file_with_page_marker",
        "candidate_path": "/private/tmp/geode-clean-archive-2f2b450/research/local_review/greeley-fees-atlas-source-review-2026-09-11/packet/02-candidate-text/greeley-building-fees-sd008-06/candidate.txt",
        "candidate_native_offset": 56,
        "native_start": 217,
        "native_end": 237,
        "candidate_start": 273,
        "candidate_end": 293,
        "sha256": "549af72a2d10448b851a622a819d4d7615df6d95e215e745de9cc417b43adcbe"
      },
      "headings": [
        {
          "id": "document_title",
          "text": "City of Greeley \n2024 Building Permit Fee Schedule \n",
          "physical_page": 1,
          "byte_basis": "utf8_candidate_file_with_page_marker",
          "candidate_path": "/private/tmp/geode-clean-archive-2f2b450/research/local_review/greeley-fees-atlas-source-review-2026-09-11/packet/02-candidate-text/greeley-building-fees-sd008-06/candidate.txt",
          "candidate_native_offset": 56,
          "native_start": 55,
          "native_end": 107,
          "candidate_start": 111,
          "candidate_end": 163,
          "sha256": "4ad84acfe18ad1c4ee05172f0a3eb04cf1dacb344ffadf2186e89baec1b9616c"
        },
        {
          "id": "table_1a_title",
          "text": "Total Job Valuation \nBuilding Fees Table 1-A (Effective -2024) \n \n",
          "physical_page": 1,
          "byte_basis": "utf8_candidate_file_with_page_marker",
          "candidate_path": "/private/tmp/geode-clean-archive-2f2b450/research/local_review/greeley-fees-atlas-source-review-2026-09-11/packet/02-candidate-text/greeley-building-fees-sd008-06/candidate.txt",
          "candidate_native_offset": 56,
          "native_start": 107,
          "native_end": 173,
          "candidate_start": 163,
          "candidate_end": 229,
          "sha256": "c5d4fac2e89ff142b43b9fe5f85557467987ea33493cf29980e94cf9a061afe1"
        },
        {
          "id": "permit_table_heading",
          "text": "Building Permit Fees \n",
          "physical_page": 1,
          "byte_basis": "utf8_candidate_file_with_page_marker",
          "candidate_path": "/private/tmp/geode-clean-archive-2f2b450/research/local_review/greeley-fees-atlas-source-review-2026-09-11/packet/02-candidate-text/greeley-building-fees-sd008-06/candidate.txt",
          "candidate_native_offset": 56,
          "native_start": 173,
          "native_end": 195,
          "candidate_start": 229,
          "candidate_end": 251,
          "sha256": "59c6488625c8b1262256ce915aa2ef56e20b3dbafccb5c7f061fd1484796eea2"
        },
        {
          "id": "table_columns",
          "text": "Total Valuation \nFee \n",
          "physical_page": 1,
          "byte_basis": "utf8_candidate_file_with_page_marker",
          "candidate_path": "/private/tmp/geode-clean-archive-2f2b450/research/local_review/greeley-fees-atlas-source-review-2026-09-11/packet/02-candidate-text/greeley-building-fees-sd008-06/candidate.txt",
          "candidate_native_offset": 56,
          "native_start": 195,
          "native_end": 217,
          "candidate_start": 251,
          "candidate_end": 273,
          "sha256": "e45fc03212881082a9c13250b328d6b6cfc0d2db89254442855857c7c86d47c8"
        }
      ],
      "footnotes": [],
      "page_image_path": "/private/tmp/geode-clean-archive-2f2b450/research/local_review/greeley-fees-atlas-source-review-2026-09-11/packet/01-source-only/greeley-building-fees-sd008-06/page-0001.png"
    },
    {
      "entry_id": "valuation_2",
      "kind": "valuation_fee",
      "statement": {
        "id": "valuation_2",
        "text": "$501 to $2,000 \n$23.50 for the first $500.00, plus $3.05 for each additional $100.00 or fraction \nthereof, to and including $2,000.00 \n",
        "physical_page": 1,
        "byte_basis": "utf8_candidate_file_with_page_marker",
        "candidate_path": "/private/tmp/geode-clean-archive-2f2b450/research/local_review/greeley-fees-atlas-source-review-2026-09-11/packet/02-candidate-text/greeley-building-fees-sd008-06/candidate.txt",
        "candidate_native_offset": 56,
        "native_start": 237,
        "native_end": 372,
        "candidate_start": 293,
        "candidate_end": 428,
        "sha256": "e8f52222501c26f4378e8badebc3354e6ee3d369efa31347076b4935ae5bf5f9"
      },
      "headings": [
        {
          "id": "document_title",
          "text": "City of Greeley \n2024 Building Permit Fee Schedule \n",
          "physical_page": 1,
          "byte_basis": "utf8_candidate_file_with_page_marker",
          "candidate_path": "/private/tmp/geode-clean-archive-2f2b450/research/local_review/greeley-fees-atlas-source-review-2026-09-11/packet/02-candidate-text/greeley-building-fees-sd008-06/candidate.txt",
          "candidate_native_offset": 56,
          "native_start": 55,
          "native_end": 107,
          "candidate_start": 111,
          "candidate_end": 163,
          "sha256": "4ad84acfe18ad1c4ee05172f0a3eb04cf1dacb344ffadf2186e89baec1b9616c"
        },
        {
          "id": "table_1a_title",
          "text": "Total Job Valuation \nBuilding Fees Table 1-A (Effective -2024) \n \n",
          "physical_page": 1,
          "byte_basis": "utf8_candidate_file_with_page_marker",
          "candidate_path": "/private/tmp/geode-clean-archive-2f2b450/research/local_review/greeley-fees-atlas-source-review-2026-09-11/packet/02-candidate-text/greeley-building-fees-sd008-06/candidate.txt",
          "candidate_native_offset": 56,
          "native_start": 107,
          "native_end": 173,
          "candidate_start": 163,
          "candidate_end": 229,
          "sha256": "c5d4fac2e89ff142b43b9fe5f85557467987ea33493cf29980e94cf9a061afe1"
        },
        {
          "id": "permit_table_heading",
          "text": "Building Permit Fees \n",
          "physical_page": 1,
          "byte_basis": "utf8_candidate_file_with_page_marker",
          "candidate_path": "/private/tmp/geode-clean-archive-2f2b450/research/local_review/greeley-fees-atlas-source-review-2026-09-11/packet/02-candidate-text/greeley-building-fees-sd008-06/candidate.txt",
          "candidate_native_offset": 56,
          "native_start": 173,
          "native_end": 195,
          "candidate_start": 229,
          "candidate_end": 251,
          "sha256": "59c6488625c8b1262256ce915aa2ef56e20b3dbafccb5c7f061fd1484796eea2"
        },
        {
          "id": "table_columns",
          "text": "Total Valuation \nFee \n",
          "physical_page": 1,
          "byte_basis": "utf8_candidate_file_with_page_marker",
          "candidate_path": "/private/tmp/geode-clean-archive-2f2b450/research/local_review/greeley-fees-atlas-source-review-2026-09-11/packet/02-candidate-text/greeley-building-fees-sd008-06/candidate.txt",
          "candidate_native_offset": 56,
          "native_start": 195,
          "native_end": 217,
          "candidate_start": 251,
          "candidate_end": 273,
          "sha256": "e45fc03212881082a9c13250b328d6b6cfc0d2db89254442855857c7c86d47c8"
        }
      ],
      "footnotes": [],
      "page_image_path": "/private/tmp/geode-clean-archive-2f2b450/research/local_review/greeley-fees-atlas-source-review-2026-09-11/packet/01-source-only/greeley-building-fees-sd008-06/page-0001.png"
    },
    {
      "entry_id": "valuation_3",
      "kind": "valuation_fee",
      "statement": {
        "id": "valuation_3",
        "text": "$2,001 to $25,000 \n$69.25 for the first $2,000.00, plus $14.00 for each additional $1,000.00 or \nfraction thereof, to and including $25,000.00 \n",
        "physical_page": 1,
        "byte_basis": "utf8_candidate_file_with_page_marker",
        "candidate_path": "/private/tmp/geode-clean-archive-2f2b450/research/local_review/greeley-fees-atlas-source-review-2026-09-11/packet/02-candidate-text/greeley-building-fees-sd008-06/candidate.txt",
        "candidate_native_offset": 56,
        "native_start": 372,
        "native_end": 516,
        "candidate_start": 428,
        "candidate_end": 572,
        "sha256": "68952ec323d9a16294c9987e9924fff4816dc2bbcc6060b7497da31ba4e0c08d"
      },
      "headings": [
        {
          "id": "document_title",
          "text": "City of Greeley \n2024 Building Permit Fee Schedule \n",
          "physical_page": 1,
          "byte_basis": "utf8_candidate_file_with_page_marker",
          "candidate_path": "/private/tmp/geode-clean-archive-2f2b450/research/local_review/greeley-fees-atlas-source-review-2026-09-11/packet/02-candidate-text/greeley-building-fees-sd008-06/candidate.txt",
          "candidate_native_offset": 56,
          "native_start": 55,
          "native_end": 107,
          "candidate_start": 111,
          "candidate_end": 163,
          "sha256": "4ad84acfe18ad1c4ee05172f0a3eb04cf1dacb344ffadf2186e89baec1b9616c"
        },
        {
          "id": "table_1a_title",
          "text": "Total Job Valuation \nBuilding Fees Table 1-A (Effective -2024) \n \n",
          "physical_page": 1,
          "byte_basis": "utf8_candidate_file_with_page_marker",
          "candidate_path": "/private/tmp/geode-clean-archive-2f2b450/research/local_review/greeley-fees-atlas-source-review-2026-09-11/packet/02-candidate-text/greeley-building-fees-sd008-06/candidate.txt",
          "candidate_native_offset": 56,
          "native_start": 107,
          "native_end": 173,
          "candidate_start": 163,
          "candidate_end": 229,
          "sha256": "c5d4fac2e89ff142b43b9fe5f85557467987ea33493cf29980e94cf9a061afe1"
        },
        {
          "id": "permit_table_heading",
          "text": "Building Permit Fees \n",
          "physical_page": 1,
          "byte_basis": "utf8_candidate_file_with_page_marker",
          "candidate_path": "/private/tmp/geode-clean-archive-2f2b450/research/local_review/greeley-fees-atlas-source-review-2026-09-11/packet/02-candidate-text/greeley-building-fees-sd008-06/candidate.txt",
          "candidate_native_offset": 56,
          "native_start": 173,
          "native_end": 195,
          "candidate_start": 229,
          "candidate_end": 251,
          "sha256": "59c6488625c8b1262256ce915aa2ef56e20b3dbafccb5c7f061fd1484796eea2"
        },
        {
          "id": "table_columns",
          "text": "Total Valuation \nFee \n",
          "physical_page": 1,
          "byte_basis": "utf8_candidate_file_with_page_marker",
          "candidate_path": "/private/tmp/geode-clean-archive-2f2b450/research/local_review/greeley-fees-atlas-source-review-2026-09-11/packet/02-candidate-text/greeley-building-fees-sd008-06/candidate.txt",
          "candidate_native_offset": 56,
          "native_start": 195,
          "native_end": 217,
          "candidate_start": 251,
          "candidate_end": 273,
          "sha256": "e45fc03212881082a9c13250b328d6b6cfc0d2db89254442855857c7c86d47c8"
        }
      ],
      "footnotes": [],
      "page_image_path": "/private/tmp/geode-clean-archive-2f2b450/research/local_review/greeley-fees-atlas-source-review-2026-09-11/packet/01-source-only/greeley-building-fees-sd008-06/page-0001.png"
    },
    {
      "entry_id": "valuation_4",
      "kind": "valuation_fee",
      "statement": {
        "id": "valuation_4",
        "text": "$25,001 to $50,000 \n$391.25 for the first $25,000.00, plus $10.10 for each additional $1,000.00 or \nfraction thereof, to and including $50,000.00 \n",
        "physical_page": 1,
        "byte_basis": "utf8_candidate_file_with_page_marker",
        "candidate_path": "/private/tmp/geode-clean-archive-2f2b450/research/local_review/greeley-fees-atlas-source-review-2026-09-11/packet/02-candidate-text/greeley-building-fees-sd008-06/candidate.txt",
        "candidate_native_offset": 56,
        "native_start": 516,
        "native_end": 663,
        "candidate_start": 572,
        "candidate_end": 719,
        "sha256": "88d2c5d518248583388e6b0fe92f507b78853edcdcd2c390197e9df813f0715b"
      },
      "headings": [
        {
          "id": "document_title",
          "text": "City of Greeley \n2024 Building Permit Fee Schedule \n",
          "physical_page": 1,
          "byte_basis": "utf8_candidate_file_with_page_marker",
          "candidate_path": "/private/tmp/geode-clean-archive-2f2b450/research/local_review/greeley-fees-atlas-source-review-2026-09-11/packet/02-candidate-text/greeley-building-fees-sd008-06/candidate.txt",
          "candidate_native_offset": 56,
          "native_start": 55,
          "native_end": 107,
          "candidate_start": 111,
          "candidate_end": 163,
          "sha256": "4ad84acfe18ad1c4ee05172f0a3eb04cf1dacb344ffadf2186e89baec1b9616c"
        },
        {
          "id": "table_1a_title",
          "text": "Total Job Valuation \nBuilding Fees Table 1-A (Effective -2024) \n \n",
          "physical_page": 1,
          "byte_basis": "utf8_candidate_file_with_page_marker",
          "candidate_path": "/private/tmp/geode-clean-archive-2f2b450/research/local_review/greeley-fees-atlas-source-review-2026-09-11/packet/02-candidate-text/greeley-building-fees-sd008-06/candidate.txt",
          "candidate_native_offset": 56,
          "native_start": 107,
          "native_end": 173,
          "candidate_start": 163,
          "candidate_end": 229,
          "sha256": "c5d4fac2e89ff142b43b9fe5f85557467987ea33493cf29980e94cf9a061afe1"
        },
        {
          "id": "permit_table_heading",
          "text": "Building Permit Fees \n",
          "physical_page": 1,
          "byte_basis": "utf8_candidate_file_with_page_marker",
          "candidate_path": "/private/tmp/geode-clean-archive-2f2b450/research/local_review/greeley-fees-atlas-source-review-2026-09-11/packet/02-candidate-text/greeley-building-fees-sd008-06/candidate.txt",
          "candidate_native_offset": 56,
          "native_start": 173,
          "native_end": 195,
          "candidate_start": 229,
          "candidate_end": 251,
          "sha256": "59c6488625c8b1262256ce915aa2ef56e20b3dbafccb5c7f061fd1484796eea2"
        },
        {
          "id": "table_columns",
          "text": "Total Valuation \nFee \n",
          "physical_page": 1,
          "byte_basis": "utf8_candidate_file_with_page_marker",
          "candidate_path": "/private/tmp/geode-clean-archive-2f2b450/research/local_review/greeley-fees-atlas-source-review-2026-09-11/packet/02-candidate-text/greeley-building-fees-sd008-06/candidate.txt",
          "candidate_native_offset": 56,
          "native_start": 195,
          "native_end": 217,
          "candidate_start": 251,
          "candidate_end": 273,
          "sha256": "e45fc03212881082a9c13250b328d6b6cfc0d2db89254442855857c7c86d47c8"
        }
      ],
      "footnotes": [],
      "page_image_path": "/private/tmp/geode-clean-archive-2f2b450/research/local_review/greeley-fees-atlas-source-review-2026-09-11/packet/01-source-only/greeley-building-fees-sd008-06/page-0001.png"
    },
    {
      "entry_id": "valuation_5",
      "kind": "valuation_fee",
      "statement": {
        "id": "valuation_5",
        "text": "$50,001 to $100,000 \n$643.75 for the first $50,000.00, plus $7.00 for each additional $1,000.00 or \nfraction thereof, to and including $100,000.00 \n",
        "physical_page": 1,
        "byte_basis": "utf8_candidate_file_with_page_marker",
        "candidate_path": "/private/tmp/geode-clean-archive-2f2b450/research/local_review/greeley-fees-atlas-source-review-2026-09-11/packet/02-candidate-text/greeley-building-fees-sd008-06/candidate.txt",
        "candidate_native_offset": 56,
        "native_start": 663,
        "native_end": 811,
        "candidate_start": 719,
        "candidate_end": 867,
        "sha256": "1d7cd3fb21bf6e7078488cfda9bd860c70d34a689c3efdb935719dc8c1fc5522"
      },
      "headings": [
        {
          "id": "document_title",
          "text": "City of Greeley \n2024 Building Permit Fee Schedule \n",
          "physical_page": 1,
          "byte_basis": "utf8_candidate_file_with_page_marker",
          "candidate_path": "/private/tmp/geode-clean-archive-2f2b450/research/local_review/greeley-fees-atlas-source-review-2026-09-11/packet/02-candidate-text/greeley-building-fees-sd008-06/candidate.txt",
          "candidate_native_offset": 56,
          "native_start": 55,
          "native_end": 107,
          "candidate_start": 111,
          "candidate_end": 163,
          "sha256": "4ad84acfe18ad1c4ee05172f0a3eb04cf1dacb344ffadf2186e89baec1b9616c"
        },
        {
          "id": "table_1a_title",
          "text": "Total Job Valuation \nBuilding Fees Table 1-A (Effective -2024) \n \n",
          "physical_page": 1,
          "byte_basis": "utf8_candidate_file_with_page_marker",
          "candidate_path": "/private/tmp/geode-clean-archive-2f2b450/research/local_review/greeley-fees-atlas-source-review-2026-09-11/packet/02-candidate-text/greeley-building-fees-sd008-06/candidate.txt",
          "candidate_native_offset": 56,
          "native_start": 107,
          "native_end": 173,
          "candidate_start": 163,
          "candidate_end": 229,
          "sha256": "c5d4fac2e89ff142b43b9fe5f85557467987ea33493cf29980e94cf9a061afe1"
        },
        {
          "id": "permit_table_heading",
          "text": "Building Permit Fees \n",
          "physical_page": 1,
          "byte_basis": "utf8_candidate_file_with_page_marker",
          "candidate_path": "/private/tmp/geode-clean-archive-2f2b450/research/local_review/greeley-fees-atlas-source-review-2026-09-11/packet/02-candidate-text/greeley-building-fees-sd008-06/candidate.txt",
          "candidate_native_offset": 56,
          "native_start": 173,
          "native_end": 195,
          "candidate_start": 229,
          "candidate_end": 251,
          "sha256": "59c6488625c8b1262256ce915aa2ef56e20b3dbafccb5c7f061fd1484796eea2"
        },
        {
          "id": "table_columns",
          "text": "Total Valuation \nFee \n",
          "physical_page": 1,
          "byte_basis": "utf8_candidate_file_with_page_marker",
          "candidate_path": "/private/tmp/geode-clean-archive-2f2b450/research/local_review/greeley-fees-atlas-source-review-2026-09-11/packet/02-candidate-text/greeley-building-fees-sd008-06/candidate.txt",
          "candidate_native_offset": 56,
          "native_start": 195,
          "native_end": 217,
          "candidate_start": 251,
          "candidate_end": 273,
          "sha256": "e45fc03212881082a9c13250b328d6b6cfc0d2db89254442855857c7c86d47c8"
        }
      ],
      "footnotes": [],
      "page_image_path": "/private/tmp/geode-clean-archive-2f2b450/research/local_review/greeley-fees-atlas-source-review-2026-09-11/packet/01-source-only/greeley-building-fees-sd008-06/page-0001.png"
    },
    {
      "entry_id": "valuation_6",
      "kind": "valuation_fee",
      "statement": {
        "id": "valuation_6",
        "text": "$100,001 to $500,000 \n$993.75 for the first $100,000.00, plus $5.60 for each additional $1,000.00 or \nfraction thereof, to and including $500,000.00 \n",
        "physical_page": 1,
        "byte_basis": "utf8_candidate_file_with_page_marker",
        "candidate_path": "/private/tmp/geode-clean-archive-2f2b450/research/local_review/greeley-fees-atlas-source-review-2026-09-11/packet/02-candidate-text/greeley-building-fees-sd008-06/candidate.txt",
        "candidate_native_offset": 56,
        "native_start": 811,
        "native_end": 961,
        "candidate_start": 867,
        "candidate_end": 1017,
        "sha256": "4fd314fd3c7f042a29a110d7aec1fb14cfca7df7bf722f98eadaf6953c1ca20d"
      },
      "headings": [
        {
          "id": "document_title",
          "text": "City of Greeley \n2024 Building Permit Fee Schedule \n",
          "physical_page": 1,
          "byte_basis": "utf8_candidate_file_with_page_marker",
          "candidate_path": "/private/tmp/geode-clean-archive-2f2b450/research/local_review/greeley-fees-atlas-source-review-2026-09-11/packet/02-candidate-text/greeley-building-fees-sd008-06/candidate.txt",
          "candidate_native_offset": 56,
          "native_start": 55,
          "native_end": 107,
          "candidate_start": 111,
          "candidate_end": 163,
          "sha256": "4ad84acfe18ad1c4ee05172f0a3eb04cf1dacb344ffadf2186e89baec1b9616c"
        },
        {
          "id": "table_1a_title",
          "text": "Total Job Valuation \nBuilding Fees Table 1-A (Effective -2024) \n \n",
          "physical_page": 1,
          "byte_basis": "utf8_candidate_file_with_page_marker",
          "candidate_path": "/private/tmp/geode-clean-archive-2f2b450/research/local_review/greeley-fees-atlas-source-review-2026-09-11/packet/02-candidate-text/greeley-building-fees-sd008-06/candidate.txt",
          "candidate_native_offset": 56,
          "native_start": 107,
          "native_end": 173,
          "candidate_start": 163,
          "candidate_end": 229,
          "sha256": "c5d4fac2e89ff142b43b9fe5f85557467987ea33493cf29980e94cf9a061afe1"
        },
        {
          "id": "permit_table_heading",
          "text": "Building Permit Fees \n",
          "physical_page": 1,
          "byte_basis": "utf8_candidate_file_with_page_marker",
          "candidate_path": "/private/tmp/geode-clean-archive-2f2b450/research/local_review/greeley-fees-atlas-source-review-2026-09-11/packet/02-candidate-text/greeley-building-fees-sd008-06/candidate.txt",
          "candidate_native_offset": 56,
          "native_start": 173,
          "native_end": 195,
          "candidate_start": 229,
          "candidate_end": 251,
          "sha256": "59c6488625c8b1262256ce915aa2ef56e20b3dbafccb5c7f061fd1484796eea2"
        },
        {
          "id": "table_columns",
          "text": "Total Valuation \nFee \n",
          "physical_page": 1,
          "byte_basis": "utf8_candidate_file_with_page_marker",
          "candidate_path": "/private/tmp/geode-clean-archive-2f2b450/research/local_review/greeley-fees-atlas-source-review-2026-09-11/packet/02-candidate-text/greeley-building-fees-sd008-06/candidate.txt",
          "candidate_native_offset": 56,
          "native_start": 195,
          "native_end": 217,
          "candidate_start": 251,
          "candidate_end": 273,
          "sha256": "e45fc03212881082a9c13250b328d6b6cfc0d2db89254442855857c7c86d47c8"
        }
      ],
      "footnotes": [],
      "page_image_path": "/private/tmp/geode-clean-archive-2f2b450/research/local_review/greeley-fees-atlas-source-review-2026-09-11/packet/01-source-only/greeley-building-fees-sd008-06/page-0001.png"
    },
    {
      "entry_id": "valuation_7",
      "kind": "valuation_fee",
      "statement": {
        "id": "valuation_7",
        "text": "$500,001 to $1,000,000 \n$3,233.75 for the first $500,000.00, plus $4.75 for each additional $1,000.00 \nor fraction thereof, to and including $1,000,000.00 \n",
        "physical_page": 1,
        "byte_basis": "utf8_candidate_file_with_page_marker",
        "candidate_path": "/private/tmp/geode-clean-archive-2f2b450/research/local_review/greeley-fees-atlas-source-review-2026-09-11/packet/02-candidate-text/greeley-building-fees-sd008-06/candidate.txt",
        "candidate_native_offset": 56,
        "native_start": 961,
        "native_end": 1117,
        "candidate_start": 1017,
        "candidate_end": 1173,
        "sha256": "52d6aec3ad81e17f7cf290db7c93249d8689be7e72594c2a615ad324c3577db5"
      },
      "headings": [
        {
          "id": "document_title",
          "text": "City of Greeley \n2024 Building Permit Fee Schedule \n",
          "physical_page": 1,
          "byte_basis": "utf8_candidate_file_with_page_marker",
          "candidate_path": "/private/tmp/geode-clean-archive-2f2b450/research/local_review/greeley-fees-atlas-source-review-2026-09-11/packet/02-candidate-text/greeley-building-fees-sd008-06/candidate.txt",
          "candidate_native_offset": 56,
          "native_start": 55,
          "native_end": 107,
          "candidate_start": 111,
          "candidate_end": 163,
          "sha256": "4ad84acfe18ad1c4ee05172f0a3eb04cf1dacb344ffadf2186e89baec1b9616c"
        },
        {
          "id": "table_1a_title",
          "text": "Total Job Valuation \nBuilding Fees Table 1-A (Effective -2024) \n \n",
          "physical_page": 1,
          "byte_basis": "utf8_candidate_file_with_page_marker",
          "candidate_path": "/private/tmp/geode-clean-archive-2f2b450/research/local_review/greeley-fees-atlas-source-review-2026-09-11/packet/02-candidate-text/greeley-building-fees-sd008-06/candidate.txt",
          "candidate_native_offset": 56,
          "native_start": 107,
          "native_end": 173,
          "candidate_start": 163,
          "candidate_end": 229,
          "sha256": "c5d4fac2e89ff142b43b9fe5f85557467987ea33493cf29980e94cf9a061afe1"
        },
        {
          "id": "permit_table_heading",
          "text": "Building Permit Fees \n",
          "physical_page": 1,
          "byte_basis": "utf8_candidate_file_with_page_marker",
          "candidate_path": "/private/tmp/geode-clean-archive-2f2b450/research/local_review/greeley-fees-atlas-source-review-2026-09-11/packet/02-candidate-text/greeley-building-fees-sd008-06/candidate.txt",
          "candidate_native_offset": 56,
          "native_start": 173,
          "native_end": 195,
          "candidate_start": 229,
          "candidate_end": 251,
          "sha256": "59c6488625c8b1262256ce915aa2ef56e20b3dbafccb5c7f061fd1484796eea2"
        },
        {
          "id": "table_columns",
          "text": "Total Valuation \nFee \n",
          "physical_page": 1,
          "byte_basis": "utf8_candidate_file_with_page_marker",
          "candidate_path": "/private/tmp/geode-clean-archive-2f2b450/research/local_review/greeley-fees-atlas-source-review-2026-09-11/packet/02-candidate-text/greeley-building-fees-sd008-06/candidate.txt",
          "candidate_native_offset": 56,
          "native_start": 195,
          "native_end": 217,
          "candidate_start": 251,
          "candidate_end": 273,
          "sha256": "e45fc03212881082a9c13250b328d6b6cfc0d2db89254442855857c7c86d47c8"
        }
      ],
      "footnotes": [],
      "page_image_path": "/private/tmp/geode-clean-archive-2f2b450/research/local_review/greeley-fees-atlas-source-review-2026-09-11/packet/01-source-only/greeley-building-fees-sd008-06/page-0001.png"
    },
    {
      "entry_id": "valuation_8",
      "kind": "valuation_fee",
      "statement": {
        "id": "valuation_8",
        "text": "$1,000,001 and up \n$5,608.75 for the first $1,000,000.00, plus $3.65 for each additional $1,000.00 \nor fraction thereof \n",
        "physical_page": 1,
        "byte_basis": "utf8_candidate_file_with_page_marker",
        "candidate_path": "/private/tmp/geode-clean-archive-2f2b450/research/local_review/greeley-fees-atlas-source-review-2026-09-11/packet/02-candidate-text/greeley-building-fees-sd008-06/candidate.txt",
        "candidate_native_offset": 56,
        "native_start": 1117,
        "native_end": 1238,
        "candidate_start": 1173,
        "candidate_end": 1294,
        "sha256": "ef019fa0f89d0e368e8f2313e89b9b343a5141a5843c359efd6d1a0138c5e649"
      },
      "headings": [
        {
          "id": "document_title",
          "text": "City of Greeley \n2024 Building Permit Fee Schedule \n",
          "physical_page": 1,
          "byte_basis": "utf8_candidate_file_with_page_marker",
          "candidate_path": "/private/tmp/geode-clean-archive-2f2b450/research/local_review/greeley-fees-atlas-source-review-2026-09-11/packet/02-candidate-text/greeley-building-fees-sd008-06/candidate.txt",
          "candidate_native_offset": 56,
          "native_start": 55,
          "native_end": 107,
          "candidate_start": 111,
          "candidate_end": 163,
          "sha256": "4ad84acfe18ad1c4ee05172f0a3eb04cf1dacb344ffadf2186e89baec1b9616c"
        },
        {
          "id": "table_1a_title",
          "text": "Total Job Valuation \nBuilding Fees Table 1-A (Effective -2024) \n \n",
          "physical_page": 1,
          "byte_basis": "utf8_candidate_file_with_page_marker",
          "candidate_path": "/private/tmp/geode-clean-archive-2f2b450/research/local_review/greeley-fees-atlas-source-review-2026-09-11/packet/02-candidate-text/greeley-building-fees-sd008-06/candidate.txt",
          "candidate_native_offset": 56,
          "native_start": 107,
          "native_end": 173,
          "candidate_start": 163,
          "candidate_end": 229,
          "sha256": "c5d4fac2e89ff142b43b9fe5f85557467987ea33493cf29980e94cf9a061afe1"
        },
        {
          "id": "permit_table_heading",
          "text": "Building Permit Fees \n",
          "physical_page": 1,
          "byte_basis": "utf8_candidate_file_with_page_marker",
          "candidate_path": "/private/tmp/geode-clean-archive-2f2b450/research/local_review/greeley-fees-atlas-source-review-2026-09-11/packet/02-candidate-text/greeley-building-fees-sd008-06/candidate.txt",
          "candidate_native_offset": 56,
          "native_start": 173,
          "native_end": 195,
          "candidate_start": 229,
          "candidate_end": 251,
          "sha256": "59c6488625c8b1262256ce915aa2ef56e20b3dbafccb5c7f061fd1484796eea2"
        },
        {
          "id": "table_columns",
          "text": "Total Valuation \nFee \n",
          "physical_page": 1,
          "byte_basis": "utf8_candidate_file_with_page_marker",
          "candidate_path": "/private/tmp/geode-clean-archive-2f2b450/research/local_review/greeley-fees-atlas-source-review-2026-09-11/packet/02-candidate-text/greeley-building-fees-sd008-06/candidate.txt",
          "candidate_native_offset": 56,
          "native_start": 195,
          "native_end": 217,
          "candidate_start": 251,
          "candidate_end": 273,
          "sha256": "e45fc03212881082a9c13250b328d6b6cfc0d2db89254442855857c7c86d47c8"
        }
      ],
      "footnotes": [],
      "page_image_path": "/private/tmp/geode-clean-archive-2f2b450/research/local_review/greeley-fees-atlas-source-review-2026-09-11/packet/01-source-only/greeley-building-fees-sd008-06/page-0001.png"
    },
    {
      "entry_id": "other_1",
      "kind": "other_fee",
      "statement": {
        "id": "other_1",
        "text": "1. Inspections outside of normal business hours (minimum charge, two hours) \n$75.00 per hour1 \n",
        "physical_page": 1,
        "byte_basis": "utf8_candidate_file_with_page_marker",
        "candidate_path": "/private/tmp/geode-clean-archive-2f2b450/research/local_review/greeley-fees-atlas-source-review-2026-09-11/packet/02-candidate-text/greeley-building-fees-sd008-06/candidate.txt",
        "candidate_native_offset": 56,
        "native_start": 1267,
        "native_end": 1362,
        "candidate_start": 1323,
        "candidate_end": 1418,
        "sha256": "b86388b79a5bf9813dd98aaf684d26a03f135e8a5cd242a2d36cf60f31fb251e"
      },
      "headings": [
        {
          "id": "document_title",
          "text": "City of Greeley \n2024 Building Permit Fee Schedule \n",
          "physical_page": 1,
          "byte_basis": "utf8_candidate_file_with_page_marker",
          "candidate_path": "/private/tmp/geode-clean-archive-2f2b450/research/local_review/greeley-fees-atlas-source-review-2026-09-11/packet/02-candidate-text/greeley-building-fees-sd008-06/candidate.txt",
          "candidate_native_offset": 56,
          "native_start": 55,
          "native_end": 107,
          "candidate_start": 111,
          "candidate_end": 163,
          "sha256": "4ad84acfe18ad1c4ee05172f0a3eb04cf1dacb344ffadf2186e89baec1b9616c"
        },
        {
          "id": "other_heading",
          "text": "Other Inspections and Fees: \n",
          "physical_page": 1,
          "byte_basis": "utf8_candidate_file_with_page_marker",
          "candidate_path": "/private/tmp/geode-clean-archive-2f2b450/research/local_review/greeley-fees-atlas-source-review-2026-09-11/packet/02-candidate-text/greeley-building-fees-sd008-06/candidate.txt",
          "candidate_native_offset": 56,
          "native_start": 1238,
          "native_end": 1267,
          "candidate_start": 1294,
          "candidate_end": 1323,
          "sha256": "6e96ef4e07e1743de10e3c3b0772f15d8478e6a969632a779021b6122a3ee5a0"
        }
      ],
      "footnotes": [
        {
          "id": "footnote_1",
          "text": "1 Or the total hourly cost to the jurisdiction, whichever is the greatest. This cost shall include supervision, overhead, equipment, hourly wages and \nfringe benefits of the employees involved. \n",
          "physical_page": 1,
          "byte_basis": "utf8_candidate_file_with_page_marker",
          "candidate_path": "/private/tmp/geode-clean-archive-2f2b450/research/local_review/greeley-fees-atlas-source-review-2026-09-11/packet/02-candidate-text/greeley-building-fees-sd008-06/candidate.txt",
          "candidate_native_offset": 56,
          "native_start": 2568,
          "native_end": 2763,
          "candidate_start": 2624,
          "candidate_end": 2819,
          "sha256": "1e83f60806380879d529304315e163363852a3699436f88a09542fdfc07503e4"
        }
      ],
      "page_image_path": "/private/tmp/geode-clean-archive-2f2b450/research/local_review/greeley-fees-atlas-source-review-2026-09-11/packet/01-source-only/greeley-building-fees-sd008-06/page-0001.png"
    },
    {
      "entry_id": "other_2",
      "kind": "other_fee",
      "statement": {
        "id": "other_2",
        "text": "2. Re-inspection fees assessed under provisions of Section 109.8 \n$75.00 per hour1 \n",
        "physical_page": 1,
        "byte_basis": "utf8_candidate_file_with_page_marker",
        "candidate_path": "/private/tmp/geode-clean-archive-2f2b450/research/local_review/greeley-fees-atlas-source-review-2026-09-11/packet/02-candidate-text/greeley-building-fees-sd008-06/candidate.txt",
        "candidate_native_offset": 56,
        "native_start": 1362,
        "native_end": 1446,
        "candidate_start": 1418,
        "candidate_end": 1502,
        "sha256": "c4f4d7b9375e3f0172ac2f7c65c69c9a7962e113b5e859178b9769ad8c2136a4"
      },
      "headings": [
        {
          "id": "document_title",
          "text": "City of Greeley \n2024 Building Permit Fee Schedule \n",
          "physical_page": 1,
          "byte_basis": "utf8_candidate_file_with_page_marker",
          "candidate_path": "/private/tmp/geode-clean-archive-2f2b450/research/local_review/greeley-fees-atlas-source-review-2026-09-11/packet/02-candidate-text/greeley-building-fees-sd008-06/candidate.txt",
          "candidate_native_offset": 56,
          "native_start": 55,
          "native_end": 107,
          "candidate_start": 111,
          "candidate_end": 163,
          "sha256": "4ad84acfe18ad1c4ee05172f0a3eb04cf1dacb344ffadf2186e89baec1b9616c"
        },
        {
          "id": "other_heading",
          "text": "Other Inspections and Fees: \n",
          "physical_page": 1,
          "byte_basis": "utf8_candidate_file_with_page_marker",
          "candidate_path": "/private/tmp/geode-clean-archive-2f2b450/research/local_review/greeley-fees-atlas-source-review-2026-09-11/packet/02-candidate-text/greeley-building-fees-sd008-06/candidate.txt",
          "candidate_native_offset": 56,
          "native_start": 1238,
          "native_end": 1267,
          "candidate_start": 1294,
          "candidate_end": 1323,
          "sha256": "6e96ef4e07e1743de10e3c3b0772f15d8478e6a969632a779021b6122a3ee5a0"
        }
      ],
      "footnotes": [
        {
          "id": "footnote_1",
          "text": "1 Or the total hourly cost to the jurisdiction, whichever is the greatest. This cost shall include supervision, overhead, equipment, hourly wages and \nfringe benefits of the employees involved. \n",
          "physical_page": 1,
          "byte_basis": "utf8_candidate_file_with_page_marker",
          "candidate_path": "/private/tmp/geode-clean-archive-2f2b450/research/local_review/greeley-fees-atlas-source-review-2026-09-11/packet/02-candidate-text/greeley-building-fees-sd008-06/candidate.txt",
          "candidate_native_offset": 56,
          "native_start": 2568,
          "native_end": 2763,
          "candidate_start": 2624,
          "candidate_end": 2819,
          "sha256": "1e83f60806380879d529304315e163363852a3699436f88a09542fdfc07503e4"
        }
      ],
      "page_image_path": "/private/tmp/geode-clean-archive-2f2b450/research/local_review/greeley-fees-atlas-source-review-2026-09-11/packet/01-source-only/greeley-building-fees-sd008-06/page-0001.png"
    },
    {
      "entry_id": "other_3",
      "kind": "other_fee",
      "statement": {
        "id": "other_3",
        "text": "3. Inspections for which no fee is specifically indicated (minimum charge, one-half hour) \n$75.00 per hour1 \n",
        "physical_page": 1,
        "byte_basis": "utf8_candidate_file_with_page_marker",
        "candidate_path": "/private/tmp/geode-clean-archive-2f2b450/research/local_review/greeley-fees-atlas-source-review-2026-09-11/packet/02-candidate-text/greeley-building-fees-sd008-06/candidate.txt",
        "candidate_native_offset": 56,
        "native_start": 1446,
        "native_end": 1555,
        "candidate_start": 1502,
        "candidate_end": 1611,
        "sha256": "4001ec0c1119c5110de03680e8d0e45cd6149dc6c94e097fe81d21291b5e24bd"
      },
      "headings": [
        {
          "id": "document_title",
          "text": "City of Greeley \n2024 Building Permit Fee Schedule \n",
          "physical_page": 1,
          "byte_basis": "utf8_candidate_file_with_page_marker",
          "candidate_path": "/private/tmp/geode-clean-archive-2f2b450/research/local_review/greeley-fees-atlas-source-review-2026-09-11/packet/02-candidate-text/greeley-building-fees-sd008-06/candidate.txt",
          "candidate_native_offset": 56,
          "native_start": 55,
          "native_end": 107,
          "candidate_start": 111,
          "candidate_end": 163,
          "sha256": "4ad84acfe18ad1c4ee05172f0a3eb04cf1dacb344ffadf2186e89baec1b9616c"
        },
        {
          "id": "other_heading",
          "text": "Other Inspections and Fees: \n",
          "physical_page": 1,
          "byte_basis": "utf8_candidate_file_with_page_marker",
          "candidate_path": "/private/tmp/geode-clean-archive-2f2b450/research/local_review/greeley-fees-atlas-source-review-2026-09-11/packet/02-candidate-text/greeley-building-fees-sd008-06/candidate.txt",
          "candidate_native_offset": 56,
          "native_start": 1238,
          "native_end": 1267,
          "candidate_start": 1294,
          "candidate_end": 1323,
          "sha256": "6e96ef4e07e1743de10e3c3b0772f15d8478e6a969632a779021b6122a3ee5a0"
        }
      ],
      "footnotes": [
        {
          "id": "footnote_1",
          "text": "1 Or the total hourly cost to the jurisdiction, whichever is the greatest. This cost shall include supervision, overhead, equipment, hourly wages and \nfringe benefits of the employees involved. \n",
          "physical_page": 1,
          "byte_basis": "utf8_candidate_file_with_page_marker",
          "candidate_path": "/private/tmp/geode-clean-archive-2f2b450/research/local_review/greeley-fees-atlas-source-review-2026-09-11/packet/02-candidate-text/greeley-building-fees-sd008-06/candidate.txt",
          "candidate_native_offset": 56,
          "native_start": 2568,
          "native_end": 2763,
          "candidate_start": 2624,
          "candidate_end": 2819,
          "sha256": "1e83f60806380879d529304315e163363852a3699436f88a09542fdfc07503e4"
        }
      ],
      "page_image_path": "/private/tmp/geode-clean-archive-2f2b450/research/local_review/greeley-fees-atlas-source-review-2026-09-11/packet/01-source-only/greeley-building-fees-sd008-06/page-0001.png"
    },
    {
      "entry_id": "other_4",
      "kind": "other_fee",
      "statement": {
        "id": "other_4",
        "text": "4. Additional plan review required by changes, additions, or revisions to plans (minimum charge, one-half \nhour) \n$75.00 per hour1 \n",
        "physical_page": 1,
        "byte_basis": "utf8_candidate_file_with_page_marker",
        "candidate_path": "/private/tmp/geode-clean-archive-2f2b450/research/local_review/greeley-fees-atlas-source-review-2026-09-11/packet/02-candidate-text/greeley-building-fees-sd008-06/candidate.txt",
        "candidate_native_offset": 56,
        "native_start": 1555,
        "native_end": 1687,
        "candidate_start": 1611,
        "candidate_end": 1743,
        "sha256": "d0cf54ab4ee958f407fe7f96220da97a5fce900e74a1274dc1b6807e1f2bb40d"
      },
      "headings": [
        {
          "id": "document_title",
          "text": "City of Greeley \n2024 Building Permit Fee Schedule \n",
          "physical_page": 1,
          "byte_basis": "utf8_candidate_file_with_page_marker",
          "candidate_path": "/private/tmp/geode-clean-archive-2f2b450/research/local_review/greeley-fees-atlas-source-review-2026-09-11/packet/02-candidate-text/greeley-building-fees-sd008-06/candidate.txt",
          "candidate_native_offset": 56,
          "native_start": 55,
          "native_end": 107,
          "candidate_start": 111,
          "candidate_end": 163,
          "sha256": "4ad84acfe18ad1c4ee05172f0a3eb04cf1dacb344ffadf2186e89baec1b9616c"
        },
        {
          "id": "other_heading",
          "text": "Other Inspections and Fees: \n",
          "physical_page": 1,
          "byte_basis": "utf8_candidate_file_with_page_marker",
          "candidate_path": "/private/tmp/geode-clean-archive-2f2b450/research/local_review/greeley-fees-atlas-source-review-2026-09-11/packet/02-candidate-text/greeley-building-fees-sd008-06/candidate.txt",
          "candidate_native_offset": 56,
          "native_start": 1238,
          "native_end": 1267,
          "candidate_start": 1294,
          "candidate_end": 1323,
          "sha256": "6e96ef4e07e1743de10e3c3b0772f15d8478e6a969632a779021b6122a3ee5a0"
        }
      ],
      "footnotes": [
        {
          "id": "footnote_1",
          "text": "1 Or the total hourly cost to the jurisdiction, whichever is the greatest. This cost shall include supervision, overhead, equipment, hourly wages and \nfringe benefits of the employees involved. \n",
          "physical_page": 1,
          "byte_basis": "utf8_candidate_file_with_page_marker",
          "candidate_path": "/private/tmp/geode-clean-archive-2f2b450/research/local_review/greeley-fees-atlas-source-review-2026-09-11/packet/02-candidate-text/greeley-building-fees-sd008-06/candidate.txt",
          "candidate_native_offset": 56,
          "native_start": 2568,
          "native_end": 2763,
          "candidate_start": 2624,
          "candidate_end": 2819,
          "sha256": "1e83f60806380879d529304315e163363852a3699436f88a09542fdfc07503e4"
        }
      ],
      "page_image_path": "/private/tmp/geode-clean-archive-2f2b450/research/local_review/greeley-fees-atlas-source-review-2026-09-11/packet/01-source-only/greeley-building-fees-sd008-06/page-0001.png"
    },
    {
      "entry_id": "other_5",
      "kind": "other_fee",
      "statement": {
        "id": "other_5",
        "text": "5. For use of outside consultants for plan checking and inspections, or both \nActual costs2 \n",
        "physical_page": 1,
        "byte_basis": "utf8_candidate_file_with_page_marker",
        "candidate_path": "/private/tmp/geode-clean-archive-2f2b450/research/local_review/greeley-fees-atlas-source-review-2026-09-11/packet/02-candidate-text/greeley-building-fees-sd008-06/candidate.txt",
        "candidate_native_offset": 56,
        "native_start": 1687,
        "native_end": 1780,
        "candidate_start": 1743,
        "candidate_end": 1836,
        "sha256": "bdfc5fc0f26cd5c09761ed89db1ec3afb016eb7c78feff02fb0db876db4c2297"
      },
      "headings": [
        {
          "id": "document_title",
          "text": "City of Greeley \n2024 Building Permit Fee Schedule \n",
          "physical_page": 1,
          "byte_basis": "utf8_candidate_file_with_page_marker",
          "candidate_path": "/private/tmp/geode-clean-archive-2f2b450/research/local_review/greeley-fees-atlas-source-review-2026-09-11/packet/02-candidate-text/greeley-building-fees-sd008-06/candidate.txt",
          "candidate_native_offset": 56,
          "native_start": 55,
          "native_end": 107,
          "candidate_start": 111,
          "candidate_end": 163,
          "sha256": "4ad84acfe18ad1c4ee05172f0a3eb04cf1dacb344ffadf2186e89baec1b9616c"
        },
        {
          "id": "other_heading",
          "text": "Other Inspections and Fees: \n",
          "physical_page": 1,
          "byte_basis": "utf8_candidate_file_with_page_marker",
          "candidate_path": "/private/tmp/geode-clean-archive-2f2b450/research/local_review/greeley-fees-atlas-source-review-2026-09-11/packet/02-candidate-text/greeley-building-fees-sd008-06/candidate.txt",
          "candidate_native_offset": 56,
          "native_start": 1238,
          "native_end": 1267,
          "candidate_start": 1294,
          "candidate_end": 1323,
          "sha256": "6e96ef4e07e1743de10e3c3b0772f15d8478e6a969632a779021b6122a3ee5a0"
        }
      ],
      "footnotes": [
        {
          "id": "footnote_2",
          "text": "2 Actual costs include administrative and overhead costs. \n \n",
          "physical_page": 1,
          "byte_basis": "utf8_candidate_file_with_page_marker",
          "candidate_path": "/private/tmp/geode-clean-archive-2f2b450/research/local_review/greeley-fees-atlas-source-review-2026-09-11/packet/02-candidate-text/greeley-building-fees-sd008-06/candidate.txt",
          "candidate_native_offset": 56,
          "native_start": 2763,
          "native_end": 2824,
          "candidate_start": 2819,
          "candidate_end": 2880,
          "sha256": "3ae95c9db97d2b9171252e1ad4fa7e5e5daae4aa6adbd0d3c3d1eace1ceb7103"
        }
      ],
      "page_image_path": "/private/tmp/geode-clean-archive-2f2b450/research/local_review/greeley-fees-atlas-source-review-2026-09-11/packet/01-source-only/greeley-building-fees-sd008-06/page-0001.png"
    },
    {
      "entry_id": "other_6",
      "kind": "other_fee",
      "statement": {
        "id": "other_6",
        "text": "6. Major Plan Review Fees. When a plan or other data are required to be submitted by Section 106, a plan review fee shall be paid at \nthe time of submitting plans and specifications for review. Said plan review fee shall be 65 percent of the building permit as \nshown in the fee table above. The plan review fees specific to this section are separate fees from the permit fees and are in \naddition to the permit fees. \n",
        "physical_page": 1,
        "byte_basis": "utf8_candidate_file_with_page_marker",
        "candidate_path": "/private/tmp/geode-clean-archive-2f2b450/research/local_review/greeley-fees-atlas-source-review-2026-09-11/packet/02-candidate-text/greeley-building-fees-sd008-06/candidate.txt",
        "candidate_native_offset": 56,
        "native_start": 1780,
        "native_end": 2199,
        "candidate_start": 1836,
        "candidate_end": 2255,
        "sha256": "77209d75df7450fe7c48a53c1c9245101749c51de0749f993b4f05dbd661c66c"
      },
      "headings": [
        {
          "id": "document_title",
          "text": "City of Greeley \n2024 Building Permit Fee Schedule \n",
          "physical_page": 1,
          "byte_basis": "utf8_candidate_file_with_page_marker",
          "candidate_path": "/private/tmp/geode-clean-archive-2f2b450/research/local_review/greeley-fees-atlas-source-review-2026-09-11/packet/02-candidate-text/greeley-building-fees-sd008-06/candidate.txt",
          "candidate_native_offset": 56,
          "native_start": 55,
          "native_end": 107,
          "candidate_start": 111,
          "candidate_end": 163,
          "sha256": "4ad84acfe18ad1c4ee05172f0a3eb04cf1dacb344ffadf2186e89baec1b9616c"
        },
        {
          "id": "other_heading",
          "text": "Other Inspections and Fees: \n",
          "physical_page": 1,
          "byte_basis": "utf8_candidate_file_with_page_marker",
          "candidate_path": "/private/tmp/geode-clean-archive-2f2b450/research/local_review/greeley-fees-atlas-source-review-2026-09-11/packet/02-candidate-text/greeley-building-fees-sd008-06/candidate.txt",
          "candidate_native_offset": 56,
          "native_start": 1238,
          "native_end": 1267,
          "candidate_start": 1294,
          "candidate_end": 1323,
          "sha256": "6e96ef4e07e1743de10e3c3b0772f15d8478e6a969632a779021b6122a3ee5a0"
        }
      ],
      "footnotes": [],
      "page_image_path": "/private/tmp/geode-clean-archive-2f2b450/research/local_review/greeley-fees-atlas-source-review-2026-09-11/packet/01-source-only/greeley-building-fees-sd008-06/page-0001.png"
    },
    {
      "entry_id": "other_7",
      "kind": "other_fee",
      "statement": {
        "id": "other_7",
        "text": "7. Minor Plan Review Fees. A $75 plan review fee will be assessed on all residential and commercial additions, remodels, and utility \nbuildings under 1,000 square feet. \n",
        "physical_page": 1,
        "byte_basis": "utf8_candidate_file_with_page_marker",
        "candidate_path": "/private/tmp/geode-clean-archive-2f2b450/research/local_review/greeley-fees-atlas-source-review-2026-09-11/packet/02-candidate-text/greeley-building-fees-sd008-06/candidate.txt",
        "candidate_native_offset": 56,
        "native_start": 2199,
        "native_end": 2369,
        "candidate_start": 2255,
        "candidate_end": 2425,
        "sha256": "b773acd78cd28d8cdf26d075ef658129c430056afcb2c5efb1311a6ddf20f7d0"
      },
      "headings": [
        {
          "id": "document_title",
          "text": "City of Greeley \n2024 Building Permit Fee Schedule \n",
          "physical_page": 1,
          "byte_basis": "utf8_candidate_file_with_page_marker",
          "candidate_path": "/private/tmp/geode-clean-archive-2f2b450/research/local_review/greeley-fees-atlas-source-review-2026-09-11/packet/02-candidate-text/greeley-building-fees-sd008-06/candidate.txt",
          "candidate_native_offset": 56,
          "native_start": 55,
          "native_end": 107,
          "candidate_start": 111,
          "candidate_end": 163,
          "sha256": "4ad84acfe18ad1c4ee05172f0a3eb04cf1dacb344ffadf2186e89baec1b9616c"
        },
        {
          "id": "other_heading",
          "text": "Other Inspections and Fees: \n",
          "physical_page": 1,
          "byte_basis": "utf8_candidate_file_with_page_marker",
          "candidate_path": "/private/tmp/geode-clean-archive-2f2b450/research/local_review/greeley-fees-atlas-source-review-2026-09-11/packet/02-candidate-text/greeley-building-fees-sd008-06/candidate.txt",
          "candidate_native_offset": 56,
          "native_start": 1238,
          "native_end": 1267,
          "candidate_start": 1294,
          "candidate_end": 1323,
          "sha256": "6e96ef4e07e1743de10e3c3b0772f15d8478e6a969632a779021b6122a3ee5a0"
        }
      ],
      "footnotes": [],
      "page_image_path": "/private/tmp/geode-clean-archive-2f2b450/research/local_review/greeley-fees-atlas-source-review-2026-09-11/packet/01-source-only/greeley-building-fees-sd008-06/page-0001.png"
    },
    {
      "entry_id": "other_8",
      "kind": "other_fee",
      "statement": {
        "id": "other_8",
        "text": "8. Mobile Home Setup Fee. All mobile home setup permit fees will be $175. \n",
        "physical_page": 1,
        "byte_basis": "utf8_candidate_file_with_page_marker",
        "candidate_path": "/private/tmp/geode-clean-archive-2f2b450/research/local_review/greeley-fees-atlas-source-review-2026-09-11/packet/02-candidate-text/greeley-building-fees-sd008-06/candidate.txt",
        "candidate_native_offset": 56,
        "native_start": 2369,
        "native_end": 2444,
        "candidate_start": 2425,
        "candidate_end": 2500,
        "sha256": "004ccc58275d878fac32c716575546bb0dda8553f595b71abaa6083a0e1fe1c6"
      },
      "headings": [
        {
          "id": "document_title",
          "text": "City of Greeley \n2024 Building Permit Fee Schedule \n",
          "physical_page": 1,
          "byte_basis": "utf8_candidate_file_with_page_marker",
          "candidate_path": "/private/tmp/geode-clean-archive-2f2b450/research/local_review/greeley-fees-atlas-source-review-2026-09-11/packet/02-candidate-text/greeley-building-fees-sd008-06/candidate.txt",
          "candidate_native_offset": 56,
          "native_start": 55,
          "native_end": 107,
          "candidate_start": 111,
          "candidate_end": 163,
          "sha256": "4ad84acfe18ad1c4ee05172f0a3eb04cf1dacb344ffadf2186e89baec1b9616c"
        },
        {
          "id": "other_heading",
          "text": "Other Inspections and Fees: \n",
          "physical_page": 1,
          "byte_basis": "utf8_candidate_file_with_page_marker",
          "candidate_path": "/private/tmp/geode-clean-archive-2f2b450/research/local_review/greeley-fees-atlas-source-review-2026-09-11/packet/02-candidate-text/greeley-building-fees-sd008-06/candidate.txt",
          "candidate_native_offset": 56,
          "native_start": 1238,
          "native_end": 1267,
          "candidate_start": 1294,
          "candidate_end": 1323,
          "sha256": "6e96ef4e07e1743de10e3c3b0772f15d8478e6a969632a779021b6122a3ee5a0"
        }
      ],
      "footnotes": [],
      "page_image_path": "/private/tmp/geode-clean-archive-2f2b450/research/local_review/greeley-fees-atlas-source-review-2026-09-11/packet/01-source-only/greeley-building-fees-sd008-06/page-0001.png"
    },
    {
      "entry_id": "other_9",
      "kind": "other_fee",
      "statement": {
        "id": "other_9",
        "text": "9. Plan review fees for stock plans or rewrites shall be $175 per application for SFD and $175 for multi-family buildings. \n",
        "physical_page": 1,
        "byte_basis": "utf8_candidate_file_with_page_marker",
        "candidate_path": "/private/tmp/geode-clean-archive-2f2b450/research/local_review/greeley-fees-atlas-source-review-2026-09-11/packet/02-candidate-text/greeley-building-fees-sd008-06/candidate.txt",
        "candidate_native_offset": 56,
        "native_start": 2444,
        "native_end": 2568,
        "candidate_start": 2500,
        "candidate_end": 2624,
        "sha256": "3795066e5e97fb19487345dd19a322274a071ae84fa463881bdaea147e9103af"
      },
      "headings": [
        {
          "id": "document_title",
          "text": "City of Greeley \n2024 Building Permit Fee Schedule \n",
          "physical_page": 1,
          "byte_basis": "utf8_candidate_file_with_page_marker",
          "candidate_path": "/private/tmp/geode-clean-archive-2f2b450/research/local_review/greeley-fees-atlas-source-review-2026-09-11/packet/02-candidate-text/greeley-building-fees-sd008-06/candidate.txt",
          "candidate_native_offset": 56,
          "native_start": 55,
          "native_end": 107,
          "candidate_start": 111,
          "candidate_end": 163,
          "sha256": "4ad84acfe18ad1c4ee05172f0a3eb04cf1dacb344ffadf2186e89baec1b9616c"
        },
        {
          "id": "other_heading",
          "text": "Other Inspections and Fees: \n",
          "physical_page": 1,
          "byte_basis": "utf8_candidate_file_with_page_marker",
          "candidate_path": "/private/tmp/geode-clean-archive-2f2b450/research/local_review/greeley-fees-atlas-source-review-2026-09-11/packet/02-candidate-text/greeley-building-fees-sd008-06/candidate.txt",
          "candidate_native_offset": 56,
          "native_start": 1238,
          "native_end": 1267,
          "candidate_start": 1294,
          "candidate_end": 1323,
          "sha256": "6e96ef4e07e1743de10e3c3b0772f15d8478e6a969632a779021b6122a3ee5a0"
        }
      ],
      "footnotes": [],
      "page_image_path": "/private/tmp/geode-clean-archive-2f2b450/research/local_review/greeley-fees-atlas-source-review-2026-09-11/packet/01-source-only/greeley-building-fees-sd008-06/page-0001.png"
    },
    {
      "entry_id": "sales_tax_body",
      "kind": "sales_tax",
      "statement": {
        "id": "sales_tax_body",
        "text": "Computed at 4.11% of 45% of the value of new residential construction, if said value is seventy-five thousand dollars ($75,000) or less per \nunit. For all other construction, the amount collected shall be 4.11% of 50% of the total value of construction. \n \n \n",
        "physical_page": 1,
        "byte_basis": "utf8_candidate_file_with_page_marker",
        "candidate_path": "/private/tmp/geode-clean-archive-2f2b450/research/local_review/greeley-fees-atlas-source-review-2026-09-11/packet/02-candidate-text/greeley-building-fees-sd008-06/candidate.txt",
        "candidate_native_offset": 56,
        "native_start": 2824,
        "native_end": 3083,
        "candidate_start": 2880,
        "candidate_end": 3139,
        "sha256": "eefc658f8ab413a0c20d8354779d49703f32fbce2947e17680de775a353cab7f"
      },
      "headings": [
        {
          "id": "document_title",
          "text": "City of Greeley \n2024 Building Permit Fee Schedule \n",
          "physical_page": 1,
          "byte_basis": "utf8_candidate_file_with_page_marker",
          "candidate_path": "/private/tmp/geode-clean-archive-2f2b450/research/local_review/greeley-fees-atlas-source-review-2026-09-11/packet/02-candidate-text/greeley-building-fees-sd008-06/candidate.txt",
          "candidate_native_offset": 56,
          "native_start": 55,
          "native_end": 107,
          "candidate_start": 111,
          "candidate_end": 163,
          "sha256": "4ad84acfe18ad1c4ee05172f0a3eb04cf1dacb344ffadf2186e89baec1b9616c"
        },
        {
          "id": "sales_tax_heading",
          "text": "City Sales Tax \n",
          "physical_page": 1,
          "byte_basis": "utf8_candidate_file_with_page_marker",
          "candidate_path": "/private/tmp/geode-clean-archive-2f2b450/research/local_review/greeley-fees-atlas-source-review-2026-09-11/packet/02-candidate-text/greeley-building-fees-sd008-06/candidate.txt",
          "candidate_native_offset": 56,
          "native_start": 0,
          "native_end": 16,
          "candidate_start": 56,
          "candidate_end": 72,
          "sha256": "b6e7128a63b629c4203d5b93ec07e137799fef1e44f714572e2166a6f0af5efa"
        }
      ],
      "footnotes": [],
      "page_image_path": "/private/tmp/geode-clean-archive-2f2b450/research/local_review/greeley-fees-atlas-source-review-2026-09-11/packet/01-source-only/greeley-building-fees-sd008-06/page-0001.png"
    },
    {
      "entry_id": "temporary_electrical_body",
      "kind": "temporary_electrical",
      "statement": {
        "id": "temporary_electrical_body",
        "text": "$45.00 per inspection for all temporary electrical services on all single-family dwellings, multi-family dwellings, and commercial projects. \n",
        "physical_page": 1,
        "byte_basis": "utf8_candidate_file_with_page_marker",
        "candidate_path": "/private/tmp/geode-clean-archive-2f2b450/research/local_review/greeley-fees-atlas-source-review-2026-09-11/packet/02-candidate-text/greeley-building-fees-sd008-06/candidate.txt",
        "candidate_native_offset": 56,
        "native_start": 3083,
        "native_end": 3225,
        "candidate_start": 3139,
        "candidate_end": 3281,
        "sha256": "e472c1598019dab194c596cb2e8e62269de0cdd0613ed066ac1428ffc37ed86a"
      },
      "headings": [
        {
          "id": "document_title",
          "text": "City of Greeley \n2024 Building Permit Fee Schedule \n",
          "physical_page": 1,
          "byte_basis": "utf8_candidate_file_with_page_marker",
          "candidate_path": "/private/tmp/geode-clean-archive-2f2b450/research/local_review/greeley-fees-atlas-source-review-2026-09-11/packet/02-candidate-text/greeley-building-fees-sd008-06/candidate.txt",
          "candidate_native_offset": 56,
          "native_start": 55,
          "native_end": 107,
          "candidate_start": 111,
          "candidate_end": 163,
          "sha256": "4ad84acfe18ad1c4ee05172f0a3eb04cf1dacb344ffadf2186e89baec1b9616c"
        },
        {
          "id": "temporary_electrical_heading",
          "text": "Temporary Electrical Inspection Fee \n \n",
          "physical_page": 1,
          "byte_basis": "utf8_candidate_file_with_page_marker",
          "candidate_path": "/private/tmp/geode-clean-archive-2f2b450/research/local_review/greeley-fees-atlas-source-review-2026-09-11/packet/02-candidate-text/greeley-building-fees-sd008-06/candidate.txt",
          "candidate_native_offset": 56,
          "native_start": 16,
          "native_end": 55,
          "candidate_start": 72,
          "candidate_end": 111,
          "sha256": "2fbe6b21d5e93585a850d2d24393048e625628fca8d61a004c0219dfcba23158"
        }
      ],
      "footnotes": [],
      "page_image_path": "/private/tmp/geode-clean-archive-2f2b450/research/local_review/greeley-fees-atlas-source-review-2026-09-11/packet/01-source-only/greeley-building-fees-sd008-06/page-0001.png"
    }
  ],
  "context": [
    {
      "id": "document_title",
      "text": "City of Greeley \n2024 Building Permit Fee Schedule \n",
      "physical_page": 1,
      "byte_basis": "utf8_candidate_file_with_page_marker",
      "candidate_path": "/private/tmp/geode-clean-archive-2f2b450/research/local_review/greeley-fees-atlas-source-review-2026-09-11/packet/02-candidate-text/greeley-building-fees-sd008-06/candidate.txt",
      "candidate_native_offset": 56,
      "native_start": 55,
      "native_end": 107,
      "candidate_start": 111,
      "candidate_end": 163,
      "sha256": "4ad84acfe18ad1c4ee05172f0a3eb04cf1dacb344ffadf2186e89baec1b9616c"
    },
    {
      "id": "table_1a_title",
      "text": "Total Job Valuation \nBuilding Fees Table 1-A (Effective -2024) \n \n",
      "physical_page": 1,
      "byte_basis": "utf8_candidate_file_with_page_marker",
      "candidate_path": "/private/tmp/geode-clean-archive-2f2b450/research/local_review/greeley-fees-atlas-source-review-2026-09-11/packet/02-candidate-text/greeley-building-fees-sd008-06/candidate.txt",
      "candidate_native_offset": 56,
      "native_start": 107,
      "native_end": 173,
      "candidate_start": 163,
      "candidate_end": 229,
      "sha256": "c5d4fac2e89ff142b43b9fe5f85557467987ea33493cf29980e94cf9a061afe1"
    },
    {
      "id": "permit_table_heading",
      "text": "Building Permit Fees \n",
      "physical_page": 1,
      "byte_basis": "utf8_candidate_file_with_page_marker",
      "candidate_path": "/private/tmp/geode-clean-archive-2f2b450/research/local_review/greeley-fees-atlas-source-review-2026-09-11/packet/02-candidate-text/greeley-building-fees-sd008-06/candidate.txt",
      "candidate_native_offset": 56,
      "native_start": 173,
      "native_end": 195,
      "candidate_start": 229,
      "candidate_end": 251,
      "sha256": "59c6488625c8b1262256ce915aa2ef56e20b3dbafccb5c7f061fd1484796eea2"
    },
    {
      "id": "table_columns",
      "text": "Total Valuation \nFee \n",
      "physical_page": 1,
      "byte_basis": "utf8_candidate_file_with_page_marker",
      "candidate_path": "/private/tmp/geode-clean-archive-2f2b450/research/local_review/greeley-fees-atlas-source-review-2026-09-11/packet/02-candidate-text/greeley-building-fees-sd008-06/candidate.txt",
      "candidate_native_offset": 56,
      "native_start": 195,
      "native_end": 217,
      "candidate_start": 251,
      "candidate_end": 273,
      "sha256": "e45fc03212881082a9c13250b328d6b6cfc0d2db89254442855857c7c86d47c8"
    },
    {
      "id": "other_heading",
      "text": "Other Inspections and Fees: \n",
      "physical_page": 1,
      "byte_basis": "utf8_candidate_file_with_page_marker",
      "candidate_path": "/private/tmp/geode-clean-archive-2f2b450/research/local_review/greeley-fees-atlas-source-review-2026-09-11/packet/02-candidate-text/greeley-building-fees-sd008-06/candidate.txt",
      "candidate_native_offset": 56,
      "native_start": 1238,
      "native_end": 1267,
      "candidate_start": 1294,
      "candidate_end": 1323,
      "sha256": "6e96ef4e07e1743de10e3c3b0772f15d8478e6a969632a779021b6122a3ee5a0"
    },
    {
      "id": "footnote_1",
      "text": "1 Or the total hourly cost to the jurisdiction, whichever is the greatest. This cost shall include supervision, overhead, equipment, hourly wages and \nfringe benefits of the employees involved. \n",
      "physical_page": 1,
      "byte_basis": "utf8_candidate_file_with_page_marker",
      "candidate_path": "/private/tmp/geode-clean-archive-2f2b450/research/local_review/greeley-fees-atlas-source-review-2026-09-11/packet/02-candidate-text/greeley-building-fees-sd008-06/candidate.txt",
      "candidate_native_offset": 56,
      "native_start": 2568,
      "native_end": 2763,
      "candidate_start": 2624,
      "candidate_end": 2819,
      "sha256": "1e83f60806380879d529304315e163363852a3699436f88a09542fdfc07503e4"
    },
    {
      "id": "footnote_2",
      "text": "2 Actual costs include administrative and overhead costs. \n \n",
      "physical_page": 1,
      "byte_basis": "utf8_candidate_file_with_page_marker",
      "candidate_path": "/private/tmp/geode-clean-archive-2f2b450/research/local_review/greeley-fees-atlas-source-review-2026-09-11/packet/02-candidate-text/greeley-building-fees-sd008-06/candidate.txt",
      "candidate_native_offset": 56,
      "native_start": 2763,
      "native_end": 2824,
      "candidate_start": 2819,
      "candidate_end": 2880,
      "sha256": "3ae95c9db97d2b9171252e1ad4fa7e5e5daae4aa6adbd0d3c3d1eace1ceb7103"
    },
    {
      "id": "sales_tax_heading",
      "text": "City Sales Tax \n",
      "physical_page": 1,
      "byte_basis": "utf8_candidate_file_with_page_marker",
      "candidate_path": "/private/tmp/geode-clean-archive-2f2b450/research/local_review/greeley-fees-atlas-source-review-2026-09-11/packet/02-candidate-text/greeley-building-fees-sd008-06/candidate.txt",
      "candidate_native_offset": 56,
      "native_start": 0,
      "native_end": 16,
      "candidate_start": 56,
      "candidate_end": 72,
      "sha256": "b6e7128a63b629c4203d5b93ec07e137799fef1e44f714572e2166a6f0af5efa"
    },
    {
      "id": "temporary_electrical_heading",
      "text": "Temporary Electrical Inspection Fee \n \n",
      "physical_page": 1,
      "byte_basis": "utf8_candidate_file_with_page_marker",
      "candidate_path": "/private/tmp/geode-clean-archive-2f2b450/research/local_review/greeley-fees-atlas-source-review-2026-09-11/packet/02-candidate-text/greeley-building-fees-sd008-06/candidate.txt",
      "candidate_native_offset": 56,
      "native_start": 16,
      "native_end": 55,
      "candidate_start": 72,
      "candidate_end": 111,
      "sha256": "2fbe6b21d5e93585a850d2d24393048e625628fca8d61a004c0219dfcba23158"
    },
    {
      "id": "unlabeled_footer_date",
      "text": "8/18/2026 \n",
      "physical_page": 1,
      "byte_basis": "utf8_candidate_file_with_page_marker",
      "candidate_path": "/private/tmp/geode-clean-archive-2f2b450/research/local_review/greeley-fees-atlas-source-review-2026-09-11/packet/02-candidate-text/greeley-building-fees-sd008-06/candidate.txt",
      "candidate_native_offset": 56,
      "native_start": 3225,
      "native_end": 3236,
      "candidate_start": 3281,
      "candidate_end": 3292,
      "sha256": "a293405955c5778b09b298e3f8e29733a118855c595fc66bdbe6d523e1fcffe6"
    }
  ],
  "date_statements": [
    {
      "role": "schedule_title_year",
      "evidence": {
        "id": "document_title",
        "text": "City of Greeley \n2024 Building Permit Fee Schedule \n",
        "physical_page": 1,
        "byte_basis": "utf8_candidate_file_with_page_marker",
        "candidate_path": "/private/tmp/geode-clean-archive-2f2b450/research/local_review/greeley-fees-atlas-source-review-2026-09-11/packet/02-candidate-text/greeley-building-fees-sd008-06/candidate.txt",
        "candidate_native_offset": 56,
        "native_start": 55,
        "native_end": 107,
        "candidate_start": 111,
        "candidate_end": 163,
        "sha256": "4ad84acfe18ad1c4ee05172f0a3eb04cf1dacb344ffadf2186e89baec1b9616c"
      },
      "interpretation": "source_claim_only_not_verified_legal_date"
    },
    {
      "role": "effective_heading_year",
      "evidence": {
        "id": "table_1a_title",
        "text": "Total Job Valuation \nBuilding Fees Table 1-A (Effective -2024) \n \n",
        "physical_page": 1,
        "byte_basis": "utf8_candidate_file_with_page_marker",
        "candidate_path": "/private/tmp/geode-clean-archive-2f2b450/research/local_review/greeley-fees-atlas-source-review-2026-09-11/packet/02-candidate-text/greeley-building-fees-sd008-06/candidate.txt",
        "candidate_native_offset": 56,
        "native_start": 107,
        "native_end": 173,
        "candidate_start": 163,
        "candidate_end": 229,
        "sha256": "c5d4fac2e89ff142b43b9fe5f85557467987ea33493cf29980e94cf9a061afe1"
      },
      "interpretation": "source_claim_only_not_verified_legal_date"
    },
    {
      "role": "unlabeled_footer",
      "evidence": {
        "id": "unlabeled_footer_date",
        "text": "8/18/2026 \n",
        "physical_page": 1,
        "byte_basis": "utf8_candidate_file_with_page_marker",
        "candidate_path": "/private/tmp/geode-clean-archive-2f2b450/research/local_review/greeley-fees-atlas-source-review-2026-09-11/packet/02-candidate-text/greeley-building-fees-sd008-06/candidate.txt",
        "candidate_native_offset": 56,
        "native_start": 3225,
        "native_end": 3236,
        "candidate_start": 3281,
        "candidate_end": 3292,
        "sha256": "a293405955c5778b09b298e3f8e29733a118855c595fc66bdbe6d523e1fcffe6"
      },
      "interpretation": "source_claim_only_not_verified_legal_date"
    }
  ],
  "observations": [
    "The City Sales Tax and Temporary Electrical Inspection Fee headings are displaced to the start of native text. Their bodies appear after the fee table and footnotes. Source-order labels reconnect each heading without rewriting native bytes.",
    "All eight valuation rows were visually compared: each lower/upper range stays paired with its complete base amount, incremental charge, unit and or-fraction language. No rate arithmetic or smoothing of source differences was performed.",
    "Other rows1-4 each carry $75.00 per hour and superscript1, bound to the greater-of-total-hourly-cost footnote; minimum durations remain distinct. Row5 Actual costs superscript2 binds the administrative/overhead footnote.",
    "Other6 retains Section106, payment-at-submission timing,65 percent, and fee-separation/addition wording. The source ends fees. with an additional short horizontal mark absent from native text; record the visible mark without asserting a Unicode character.",
    "Other7 retains $75 and under1,000 squarefeet; Other8 $175; Other9 separate $175 per application for SFD and $175 for multi-family buildings. No missing eligibility or separate minimum is inferred.",
    "Sales tax body preserves 4.11% of45%, residential $75,000-or-less-per-unit condition, and separate4.11% of50% clause. Temporary electrical body preserves $45.00 per inspection and all three stated building categories.",
    "2024 title, Effective -2024 header and unlabeled8/18/2026 footer have distinct source roles. No adoption or currentness is established.",
    "City of Greeley/Colorado logo artwork is visible at upper left but absent from native text. Other repeated city-title words do not constitute extraction of the logo. Graphic italics, underlines, table borders and superscript styling are not reproduced by plain text."
  ],
  "boundary": "The preserved source states these complete source blocks. This is a lookup of one checked page with 19 entries and 29 native spans, not current law, an applicability decision or a fee calculation. No matching entry does not establish that a service is free, exempt or unregulated. Other sources in the evidence package are outside this lookup.",
  "legal_currentness": "not_verified",
  "external_review_status": "pending_not_intaken",
  "answer_safe": false,
  "adoption_date": null,
  "effective_date": null,
  "source_edition_date": null
}
