{
  "schema_version": 1,
  "status": "matched_rows",
  "mode": "source",
  "source": {
    "source_id": "el-paso-planning-fees-sd011",
    "authority_id": "CO-COUNTY-EL_PASO",
    "source_pdf": {
      "path": "/private/tmp/geode-clean-archive-2f2b450/research/local_review/el-paso-planning-fees-source-review-2026-09-12/source/original.pdf",
      "sha256": "c3bd819da169a58328e7bdfcd8ea65e4a751326a65dce325ad19e5bc868b3e12",
      "size_bytes": 1198750
    },
    "source_review": {
      "path": "/private/tmp/geode-clean-archive-2f2b450/research/local_review/el-paso-planning-fees-source-review-2026-09-12/SOURCE_QA.json",
      "sha256": "77416babde5e963f47a76aee0ee7dd16e54d70fcb7019f0ffc2267971df665e6",
      "size_bytes": 8417
    },
    "reviewed_grid": {
      "path": "/private/tmp/geode-clean-archive-2f2b450/research/local_review/el-paso-planning-fees-source-review-2026-09-12/REVIEWED_GRID.json",
      "sha256": "e50428e6a2a141a640ab0f312e1b55cff33f18fc8c9ce0d8a6bbc8822ca8a37a",
      "size_bytes": 203752
    },
    "package_manifest": {
      "path": "/private/tmp/geode-clean-archive-2f2b450/research/local_review/el-paso-planning-fees-source-review-2026-09-12/FINAL_MANIFEST.json",
      "sha256": "a0d56d11890aaaafd6fd9d143bfe7cfaa2366863c5b86e453228363cb82a891d",
      "size_bytes": 14241
    },
    "acceptance": {
      "path": "/private/tmp/geode-clean-archive-2f2b450/docs/audits/FOUR_HOUR_RUN_2026-09-12/EL_PASO_PLANNING_QA/ACCEPTANCE.json",
      "sha256": "1f5dd98d1e2dce42abfa82bb151640a441ed465c8f7327d5bc90564a5902dc39",
      "size_bytes": 1534
    },
    "claimed_source_url": "https://epc-assets.elpasoco.com/wp-content/uploads/sites/12/fees/Fee-Schedule-2026-ADA.pdf",
    "claimed_final_url": "https://epc-assets.elpasoco.com/wp-content/uploads/sites/12/fees/Fee-Schedule-2026-ADA.pdf",
    "acquisition_method": "received_review_package",
    "claimed_http_acquisition_at": "2026-09-12T22:01:39Z",
    "verified_http_acquisition_at": null,
    "actual_repository_received_at": "2026-09-12T22:59:48.795762Z",
    "source_printed_date_claim": "Fee Schedule- Effective Date May 1, 2026",
    "verified_adoption_date": null,
    "verified_effective_date": null,
    "review_completed_at": "2026-09-12T23:12:44.569893+00:00",
    "native_text_bytes": 0,
    "fully_legible_complete_extraction": false,
    "legal_currentness": "not_verified",
    "answer_safe": false,
    "limitations": [
      "Visual transcription is a manually entered reading of pixels, not extracted native bytes. The source has no native text on all five pages; all native offsets remain null.",
      "Source wording, fee strings, superscript-footnote associations, project codes and blank cells are retained. Source line wraps are joined with spaces; superscript markers are stored separately. Exact Unicode, font metrics and repeated whitespace cannot be certified from pixels.",
      "The page-3 erosion-label terminal region reaches and is clipped at its cell boundary. Only the visible wording through submittal is transcribed; no closing parenthesis or invisible continuation is supplied.",
      "The blue county logo/seal is retained in the full source image as graphical identity context; this text transcription does not reproduce the logo artwork or make a signature/official-adoption claim.",
      "Page 2 Planning-Major rows continue on page 3; page 3 Engineering-Major rows continue on page 4. The page-1 fee-header superscript 1 and all 15 numbered footnotes remain available. No project-code meanings, calculations or source-currentness inference are added.",
      "The five visibly blank fee-row Project Type cells and the blank right-hand footnote/general-note cells are represented explicitly; blanks and TBD are never numeric zero.",
      "The original image-first draft is retained unchanged. This separate reviewed grid incorporates exactly the three image-confirmed errata after consulting uncorrected OCR. It does not replace the historical freeze sequence or claim blind review.",
      "Separate actual repository intake receipt is now retained as custody evidence. Archived-pending-pipeline receipt is not verified HTTP acquisition, adoption or legal currentness.",
      "The original SD011 HTTP times/statuses are supplied claims; this review made no source request. Successful local custody/byte checks do not retrospectively authenticate the transfer.",
      "The SD011 batch exceeded the distinct-target cap (66/50) and lost two earlier non-PDF bodies; retained PDF custody does not repair those failures.",
      "The source-provenance draft predates actual intake; its null received time and one-page review scope remain historical. The separate transaction receipt supplies actual repository receipt, not legal review."
    ],
    "unresolved_regions": [
      "P3-ENG-14 application-type cell: visible wording ends at submittal against the cell border; an invisible continuation or closing parenthesis cannot be reconstructed. OCR reading agrees only with the visible portion and does not close this gap.",
      "Exact Unicode/spacing/typographic appearance cannot be determined solely from pixel shapes. Line wraps are joined in visual transcription, raised footnote numbers are separate references, and the logo is retained as image artwork rather than transcribed legal text."
    ]
  },
  "mandatory_context": {
    "source_headers": [
      {
        "row": {
          "id": "P1-TITLE",
          "physical_page": 1,
          "role": "title",
          "section_header_id": null,
          "fee_header_id": null,
          "note_id": null,
          "cells": [
            {
              "column": "heading",
              "text": "2026 Planning and Community Development",
              "state": "visible_text",
              "pixel_bbox": [
                140,
                175,
                2053,
                236
              ],
              "superscript_footnotes": [],
              "transcript_start_byte": 0,
              "transcript_end_byte": 39,
              "native_start_byte": null,
              "native_end_byte": null
            }
          ]
        },
        "source_image": {
          "path": "/private/tmp/geode-clean-archive-2f2b450/research/local_review/el-paso-planning-fees-source-review-2026-09-12/images/page-1.png",
          "sha256": "60d958b628bc6be65c60e627bed2c771157f62e21de138cdb68169d0f4f4ae67",
          "size_bytes": 309699
        },
        "visual_transcript": {
          "path": "/private/tmp/geode-clean-archive-2f2b450/research/local_review/el-paso-planning-fees-source-review-2026-09-12/REVIEWED_TRANSCRIPTION.txt",
          "sha256": "b3b08ef1af21b2cf0a92453961768cded736279a30d038ba0d2698f312841706",
          "size_bytes": 9940
        },
        "transcription_origin": "manual_visual_from_scan",
        "offset_basis": "reviewed_visual_transcript_utf8_not_pdf_native"
      },
      {
        "row": {
          "id": "P1-DATE",
          "physical_page": 1,
          "role": "title",
          "section_header_id": null,
          "fee_header_id": null,
          "note_id": null,
          "cells": [
            {
              "column": "heading",
              "text": "Fee Schedule- Effective Date May 1, 2026",
              "state": "visible_text",
              "pixel_bbox": [
                140,
                240,
                2053,
                300
              ],
              "superscript_footnotes": [],
              "transcript_start_byte": 40,
              "transcript_end_byte": 80,
              "native_start_byte": null,
              "native_end_byte": null
            }
          ]
        },
        "source_image": {
          "path": "/private/tmp/geode-clean-archive-2f2b450/research/local_review/el-paso-planning-fees-source-review-2026-09-12/images/page-1.png",
          "sha256": "60d958b628bc6be65c60e627bed2c771157f62e21de138cdb68169d0f4f4ae67",
          "size_bytes": 309699
        },
        "visual_transcript": {
          "path": "/private/tmp/geode-clean-archive-2f2b450/research/local_review/el-paso-planning-fees-source-review-2026-09-12/REVIEWED_TRANSCRIPTION.txt",
          "sha256": "b3b08ef1af21b2cf0a92453961768cded736279a30d038ba0d2698f312841706",
          "size_bytes": 9940
        },
        "transcription_origin": "manual_visual_from_scan",
        "offset_basis": "reviewed_visual_transcript_utf8_not_pdf_native"
      }
    ],
    "table_header": {
      "row": {
        "id": "P1-COLUMNS",
        "physical_page": 1,
        "role": "column_headers",
        "section_header_id": null,
        "fee_header_id": null,
        "note_id": null,
        "cells": [
          {
            "column": "application_type",
            "text": "APPLICATION TYPE",
            "state": "visible_text",
            "pixel_bbox": [
              140,
              303,
              1761,
              373
            ],
            "superscript_footnotes": [],
            "transcript_start_byte": 81,
            "transcript_end_byte": 97,
            "native_start_byte": null,
            "native_end_byte": null
          },
          {
            "column": "application_fee",
            "text": "Application Fees",
            "state": "visible_text",
            "pixel_bbox": [
              1760,
              303,
              1941,
              373
            ],
            "superscript_footnotes": [
              1
            ],
            "transcript_start_byte": 98,
            "transcript_end_byte": 114,
            "native_start_byte": null,
            "native_end_byte": null
          },
          {
            "column": "project_type",
            "text": "Project Type",
            "state": "visible_text",
            "pixel_bbox": [
              1940,
              303,
              2053,
              373
            ],
            "superscript_footnotes": [],
            "transcript_start_byte": 115,
            "transcript_end_byte": 127,
            "native_start_byte": null,
            "native_end_byte": null
          }
        ]
      },
      "source_image": {
        "path": "/private/tmp/geode-clean-archive-2f2b450/research/local_review/el-paso-planning-fees-source-review-2026-09-12/images/page-1.png",
        "sha256": "60d958b628bc6be65c60e627bed2c771157f62e21de138cdb68169d0f4f4ae67",
        "size_bytes": 309699
      },
      "visual_transcript": {
        "path": "/private/tmp/geode-clean-archive-2f2b450/research/local_review/el-paso-planning-fees-source-review-2026-09-12/REVIEWED_TRANSCRIPTION.txt",
        "sha256": "b3b08ef1af21b2cf0a92453961768cded736279a30d038ba0d2698f312841706",
        "size_bytes": 9940
      },
      "transcription_origin": "manual_visual_from_scan",
      "offset_basis": "reviewed_visual_transcript_utf8_not_pdf_native"
    },
    "global_footnote": {
      "row": {
        "id": "FN-01",
        "physical_page": 5,
        "role": "footnote",
        "section_header_id": "FOOTNOTES",
        "fee_header_id": null,
        "note_id": 1,
        "cells": [
          {
            "column": "application_type",
            "text": "1. Application fees include a $37.00 technology fee",
            "state": "visible_text",
            "pixel_bbox": [
              140,
              230,
              1761,
              267
            ],
            "superscript_footnotes": [],
            "transcript_start_byte": 6196,
            "transcript_end_byte": 6247,
            "native_start_byte": null,
            "native_end_byte": null
          },
          {
            "column": "application_fee",
            "text": "",
            "state": "visibly_blank",
            "pixel_bbox": [
              1760,
              230,
              1941,
              267
            ],
            "superscript_footnotes": [],
            "transcript_start_byte": 6248,
            "transcript_end_byte": 6248,
            "native_start_byte": null,
            "native_end_byte": null
          },
          {
            "column": "project_type",
            "text": "",
            "state": "visibly_blank",
            "pixel_bbox": [
              1940,
              230,
              2053,
              267
            ],
            "superscript_footnotes": [],
            "transcript_start_byte": 6249,
            "transcript_end_byte": 6249,
            "native_start_byte": null,
            "native_end_byte": null
          }
        ]
      },
      "source_image": {
        "path": "/private/tmp/geode-clean-archive-2f2b450/research/local_review/el-paso-planning-fees-source-review-2026-09-12/images/page-5.png",
        "sha256": "646443837d044bca42680e418629e7a384a88cb7094e5cdc342b1a5839ca0411",
        "size_bytes": 403041
      },
      "visual_transcript": {
        "path": "/private/tmp/geode-clean-archive-2f2b450/research/local_review/el-paso-planning-fees-source-review-2026-09-12/REVIEWED_TRANSCRIPTION.txt",
        "sha256": "b3b08ef1af21b2cf0a92453961768cded736279a30d038ba0d2698f312841706",
        "size_bytes": 9940
      },
      "transcription_origin": "manual_visual_from_scan",
      "offset_basis": "reviewed_visual_transcript_utf8_not_pdf_native"
    },
    "general_notes": [
      {
        "row": {
          "id": "GENERAL-1",
          "physical_page": 5,
          "role": "general_note",
          "section_header_id": "FOOTNOTES",
          "fee_header_id": null,
          "note_id": null,
          "cells": [
            {
              "column": "application_type",
              "text": "General Note 1. The PCD Director may waive or reduce an applicable fee for exceptional circumstance not limited to: a) the elimination of an obsolete zoning designation, b) County-initiated applications, or c) concurrent submittals.",
              "state": "visible_text",
              "pixel_bbox": [
                140,
                1049,
                1761,
                1121
              ],
              "superscript_footnotes": [],
              "transcript_start_byte": 8852,
              "transcript_end_byte": 9084,
              "native_start_byte": null,
              "native_end_byte": null
            },
            {
              "column": "application_fee",
              "text": "",
              "state": "visibly_blank",
              "pixel_bbox": [
                1760,
                1049,
                1941,
                1121
              ],
              "superscript_footnotes": [],
              "transcript_start_byte": 9085,
              "transcript_end_byte": 9085,
              "native_start_byte": null,
              "native_end_byte": null
            },
            {
              "column": "project_type",
              "text": "",
              "state": "visibly_blank",
              "pixel_bbox": [
                1940,
                1049,
                2053,
                1121
              ],
              "superscript_footnotes": [],
              "transcript_start_byte": 9086,
              "transcript_end_byte": 9086,
              "native_start_byte": null,
              "native_end_byte": null
            }
          ]
        },
        "source_image": {
          "path": "/private/tmp/geode-clean-archive-2f2b450/research/local_review/el-paso-planning-fees-source-review-2026-09-12/images/page-5.png",
          "sha256": "646443837d044bca42680e418629e7a384a88cb7094e5cdc342b1a5839ca0411",
          "size_bytes": 403041
        },
        "visual_transcript": {
          "path": "/private/tmp/geode-clean-archive-2f2b450/research/local_review/el-paso-planning-fees-source-review-2026-09-12/REVIEWED_TRANSCRIPTION.txt",
          "sha256": "b3b08ef1af21b2cf0a92453961768cded736279a30d038ba0d2698f312841706",
          "size_bytes": 9940
        },
        "transcription_origin": "manual_visual_from_scan",
        "offset_basis": "reviewed_visual_transcript_utf8_not_pdf_native"
      },
      {
        "row": {
          "id": "GENERAL-2",
          "physical_page": 5,
          "role": "general_note",
          "section_header_id": "FOOTNOTES",
          "fee_header_id": null,
          "note_id": null,
          "cells": [
            {
              "column": "application_type",
              "text": "General Note 2. Unless an error has occurred by County staff which resulted in the filing of an unnecessary application, no refunds will be granted for applications that a review cycle has been preformed on.",
              "state": "visible_text",
              "pixel_bbox": [
                140,
                1121,
                1761,
                1191
              ],
              "superscript_footnotes": [],
              "transcript_start_byte": 9087,
              "transcript_end_byte": 9294,
              "native_start_byte": null,
              "native_end_byte": null
            },
            {
              "column": "application_fee",
              "text": "",
              "state": "visibly_blank",
              "pixel_bbox": [
                1760,
                1121,
                1941,
                1191
              ],
              "superscript_footnotes": [],
              "transcript_start_byte": 9295,
              "transcript_end_byte": 9295,
              "native_start_byte": null,
              "native_end_byte": null
            },
            {
              "column": "project_type",
              "text": "",
              "state": "visibly_blank",
              "pixel_bbox": [
                1940,
                1121,
                2053,
                1191
              ],
              "superscript_footnotes": [],
              "transcript_start_byte": 9296,
              "transcript_end_byte": 9296,
              "native_start_byte": null,
              "native_end_byte": null
            }
          ]
        },
        "source_image": {
          "path": "/private/tmp/geode-clean-archive-2f2b450/research/local_review/el-paso-planning-fees-source-review-2026-09-12/images/page-5.png",
          "sha256": "646443837d044bca42680e418629e7a384a88cb7094e5cdc342b1a5839ca0411",
          "size_bytes": 403041
        },
        "visual_transcript": {
          "path": "/private/tmp/geode-clean-archive-2f2b450/research/local_review/el-paso-planning-fees-source-review-2026-09-12/REVIEWED_TRANSCRIPTION.txt",
          "sha256": "b3b08ef1af21b2cf0a92453961768cded736279a30d038ba0d2698f312841706",
          "size_bytes": 9940
        },
        "transcription_origin": "manual_visual_from_scan",
        "offset_basis": "reviewed_visual_transcript_utf8_not_pdf_native"
      },
      {
        "row": {
          "id": "GENERAL-3",
          "physical_page": 5,
          "role": "general_note",
          "section_header_id": "FOOTNOTES",
          "fee_header_id": null,
          "note_id": null,
          "cells": [
            {
              "column": "application_type",
              "text": "General Note 3. For those projects that, because of their size, type of operation, or technical details which are beyond the technical expertise of the El Paso County staff and require review and the provision of appropriate technical expert testimony at any required public hearing(s) before the County's governmental bodies or contracted employees of the County, the costs for said review and the provision of said expert shall be paid by the applicant. The extent and nature of said costs shall be established between the applicant and El Paso County prior to formal submittal.",
              "state": "visible_text",
              "pixel_bbox": [
                140,
                1191,
                1761,
                1332
              ],
              "superscript_footnotes": [],
              "transcript_start_byte": 9297,
              "transcript_end_byte": 9877,
              "native_start_byte": null,
              "native_end_byte": null
            },
            {
              "column": "application_fee",
              "text": "",
              "state": "visibly_blank",
              "pixel_bbox": [
                1760,
                1191,
                1941,
                1332
              ],
              "superscript_footnotes": [],
              "transcript_start_byte": 9878,
              "transcript_end_byte": 9878,
              "native_start_byte": null,
              "native_end_byte": null
            },
            {
              "column": "project_type",
              "text": "",
              "state": "visibly_blank",
              "pixel_bbox": [
                1940,
                1191,
                2053,
                1332
              ],
              "superscript_footnotes": [],
              "transcript_start_byte": 9879,
              "transcript_end_byte": 9879,
              "native_start_byte": null,
              "native_end_byte": null
            }
          ]
        },
        "source_image": {
          "path": "/private/tmp/geode-clean-archive-2f2b450/research/local_review/el-paso-planning-fees-source-review-2026-09-12/images/page-5.png",
          "sha256": "646443837d044bca42680e418629e7a384a88cb7094e5cdc342b1a5839ca0411",
          "size_bytes": 403041
        },
        "visual_transcript": {
          "path": "/private/tmp/geode-clean-archive-2f2b450/research/local_review/el-paso-planning-fees-source-review-2026-09-12/REVIEWED_TRANSCRIPTION.txt",
          "sha256": "b3b08ef1af21b2cf0a92453961768cded736279a30d038ba0d2698f312841706",
          "size_bytes": 9940
        },
        "transcription_origin": "manual_visual_from_scan",
        "offset_basis": "reviewed_visual_transcript_utf8_not_pdf_native"
      }
    ]
  },
  "matches": [
    {
      "fee_row": {
        "row": {
          "id": "P1-ENG-01",
          "physical_page": 1,
          "role": "fee_row",
          "section_header_id": "ENGINEERING-MINOR",
          "fee_header_id": "P1-COLUMNS",
          "note_id": null,
          "cells": [
            {
              "column": "application_type",
              "text": "Builder Erosion & Sediment Quality Control Permit",
              "state": "visible_text",
              "pixel_bbox": [
                140,
                1257,
                1761,
                1294
              ],
              "superscript_footnotes": [],
              "transcript_start_byte": 1152,
              "transcript_end_byte": 1201,
              "native_start_byte": null,
              "native_end_byte": null
            },
            {
              "column": "application_fee",
              "text": "$104.00",
              "state": "visible_text",
              "pixel_bbox": [
                1760,
                1257,
                1941,
                1294
              ],
              "superscript_footnotes": [],
              "transcript_start_byte": 1202,
              "transcript_end_byte": 1209,
              "native_start_byte": null,
              "native_end_byte": null
            },
            {
              "column": "project_type",
              "text": "A",
              "state": "visible_text",
              "pixel_bbox": [
                1940,
                1257,
                2053,
                1294
              ],
              "superscript_footnotes": [],
              "transcript_start_byte": 1210,
              "transcript_end_byte": 1211,
              "native_start_byte": null,
              "native_end_byte": null
            }
          ]
        },
        "source_image": {
          "path": "/private/tmp/geode-clean-archive-2f2b450/research/local_review/el-paso-planning-fees-source-review-2026-09-12/images/page-1.png",
          "sha256": "60d958b628bc6be65c60e627bed2c771157f62e21de138cdb68169d0f4f4ae67",
          "size_bytes": 309699
        },
        "visual_transcript": {
          "path": "/private/tmp/geode-clean-archive-2f2b450/research/local_review/el-paso-planning-fees-source-review-2026-09-12/REVIEWED_TRANSCRIPTION.txt",
          "sha256": "b3b08ef1af21b2cf0a92453961768cded736279a30d038ba0d2698f312841706",
          "size_bytes": 9940
        },
        "transcription_origin": "manual_visual_from_scan",
        "offset_basis": "reviewed_visual_transcript_utf8_not_pdf_native"
      },
      "section_header": {
        "row": {
          "id": "ENGINEERING-MINOR",
          "physical_page": 1,
          "role": "section_header",
          "section_header_id": null,
          "fee_header_id": null,
          "note_id": null,
          "cells": [
            {
              "column": "heading",
              "text": "Engineering- Minor Applications",
              "state": "visible_text",
              "pixel_bbox": [
                140,
                1220,
                2053,
                1258
              ],
              "superscript_footnotes": [],
              "transcript_start_byte": 1120,
              "transcript_end_byte": 1151,
              "native_start_byte": null,
              "native_end_byte": null
            }
          ]
        },
        "source_image": {
          "path": "/private/tmp/geode-clean-archive-2f2b450/research/local_review/el-paso-planning-fees-source-review-2026-09-12/images/page-1.png",
          "sha256": "60d958b628bc6be65c60e627bed2c771157f62e21de138cdb68169d0f4f4ae67",
          "size_bytes": 309699
        },
        "visual_transcript": {
          "path": "/private/tmp/geode-clean-archive-2f2b450/research/local_review/el-paso-planning-fees-source-review-2026-09-12/REVIEWED_TRANSCRIPTION.txt",
          "sha256": "b3b08ef1af21b2cf0a92453961768cded736279a30d038ba0d2698f312841706",
          "size_bytes": 9940
        },
        "transcription_origin": "manual_visual_from_scan",
        "offset_basis": "reviewed_visual_transcript_utf8_not_pdf_native"
      },
      "row_footnotes": [],
      "section_continues_from_prior_page": false,
      "unresolved_clipped_label": false
    },
    {
      "fee_row": {
        "row": {
          "id": "P3-ENG-14",
          "physical_page": 3,
          "role": "fee_row",
          "section_header_id": "ENGINEERING-MAJOR",
          "fee_header_id": "P1-COLUMNS",
          "note_id": null,
          "cells": [
            {
              "column": "application_type",
              "text": "Erosion & Sediment Quality Control Permit (standalone activity without concurrent commercial Site Development Plan or construction drawing submittal",
              "state": "visible_text_with_clipped_unresolved_tail",
              "pixel_bbox": [
                140,
                1268,
                1761,
                1305
              ],
              "superscript_footnotes": [],
              "transcript_start_byte": 5250,
              "transcript_end_byte": 5398,
              "native_start_byte": null,
              "native_end_byte": null
            },
            {
              "column": "application_fee",
              "text": "$4,073.00",
              "state": "visible_text",
              "pixel_bbox": [
                1760,
                1268,
                1941,
                1305
              ],
              "superscript_footnotes": [],
              "transcript_start_byte": 5399,
              "transcript_end_byte": 5408,
              "native_start_byte": null,
              "native_end_byte": null
            },
            {
              "column": "project_type",
              "text": "C",
              "state": "visible_text",
              "pixel_bbox": [
                1940,
                1268,
                2053,
                1305
              ],
              "superscript_footnotes": [],
              "transcript_start_byte": 5409,
              "transcript_end_byte": 5410,
              "native_start_byte": null,
              "native_end_byte": null
            }
          ]
        },
        "source_image": {
          "path": "/private/tmp/geode-clean-archive-2f2b450/research/local_review/el-paso-planning-fees-source-review-2026-09-12/images/page-3.png",
          "sha256": "6ad5ad9f6640969b4ec51f8dd34c352f4cd91a63c0350a900dc5bba701a1eb2e",
          "size_bytes": 330751
        },
        "visual_transcript": {
          "path": "/private/tmp/geode-clean-archive-2f2b450/research/local_review/el-paso-planning-fees-source-review-2026-09-12/REVIEWED_TRANSCRIPTION.txt",
          "sha256": "b3b08ef1af21b2cf0a92453961768cded736279a30d038ba0d2698f312841706",
          "size_bytes": 9940
        },
        "transcription_origin": "manual_visual_from_scan",
        "offset_basis": "reviewed_visual_transcript_utf8_not_pdf_native"
      },
      "section_header": {
        "row": {
          "id": "ENGINEERING-MAJOR",
          "physical_page": 3,
          "role": "section_header",
          "section_header_id": null,
          "fee_header_id": null,
          "note_id": null,
          "cells": [
            {
              "column": "heading",
              "text": "Engineering- Major Applications",
              "state": "visible_text",
              "pixel_bbox": [
                140,
                748,
                2053,
                792
              ],
              "superscript_footnotes": [],
              "transcript_start_byte": 4368,
              "transcript_end_byte": 4399,
              "native_start_byte": null,
              "native_end_byte": null
            }
          ]
        },
        "source_image": {
          "path": "/private/tmp/geode-clean-archive-2f2b450/research/local_review/el-paso-planning-fees-source-review-2026-09-12/images/page-3.png",
          "sha256": "6ad5ad9f6640969b4ec51f8dd34c352f4cd91a63c0350a900dc5bba701a1eb2e",
          "size_bytes": 330751
        },
        "visual_transcript": {
          "path": "/private/tmp/geode-clean-archive-2f2b450/research/local_review/el-paso-planning-fees-source-review-2026-09-12/REVIEWED_TRANSCRIPTION.txt",
          "sha256": "b3b08ef1af21b2cf0a92453961768cded736279a30d038ba0d2698f312841706",
          "size_bytes": 9940
        },
        "transcription_origin": "manual_visual_from_scan",
        "offset_basis": "reviewed_visual_transcript_utf8_not_pdf_native"
      },
      "row_footnotes": [],
      "section_continues_from_prior_page": false,
      "unresolved_clipped_label": true
    },
    {
      "fee_row": {
        "row": {
          "id": "P3-ENG-19",
          "physical_page": 3,
          "role": "fee_row",
          "section_header_id": "ENGINEERING-MAJOR",
          "fee_header_id": "P1-COLUMNS",
          "note_id": null,
          "cells": [
            {
              "column": "application_type",
              "text": "Review of Pre-Subdivision Grading and Erosion Control Plan associated with Preliminary Plan",
              "state": "visible_text",
              "pixel_bbox": [
                140,
                1452,
                1761,
                1488
              ],
              "superscript_footnotes": [],
              "transcript_start_byte": 5694,
              "transcript_end_byte": 5785,
              "native_start_byte": null,
              "native_end_byte": null
            },
            {
              "column": "application_fee",
              "text": "$3,076.00",
              "state": "visible_text",
              "pixel_bbox": [
                1760,
                1452,
                1941,
                1488
              ],
              "superscript_footnotes": [],
              "transcript_start_byte": 5786,
              "transcript_end_byte": 5795,
              "native_start_byte": null,
              "native_end_byte": null
            },
            {
              "column": "project_type",
              "text": "C",
              "state": "visible_text",
              "pixel_bbox": [
                1940,
                1452,
                2053,
                1488
              ],
              "superscript_footnotes": [],
              "transcript_start_byte": 5796,
              "transcript_end_byte": 5797,
              "native_start_byte": null,
              "native_end_byte": null
            }
          ]
        },
        "source_image": {
          "path": "/private/tmp/geode-clean-archive-2f2b450/research/local_review/el-paso-planning-fees-source-review-2026-09-12/images/page-3.png",
          "sha256": "6ad5ad9f6640969b4ec51f8dd34c352f4cd91a63c0350a900dc5bba701a1eb2e",
          "size_bytes": 330751
        },
        "visual_transcript": {
          "path": "/private/tmp/geode-clean-archive-2f2b450/research/local_review/el-paso-planning-fees-source-review-2026-09-12/REVIEWED_TRANSCRIPTION.txt",
          "sha256": "b3b08ef1af21b2cf0a92453961768cded736279a30d038ba0d2698f312841706",
          "size_bytes": 9940
        },
        "transcription_origin": "manual_visual_from_scan",
        "offset_basis": "reviewed_visual_transcript_utf8_not_pdf_native"
      },
      "section_header": {
        "row": {
          "id": "ENGINEERING-MAJOR",
          "physical_page": 3,
          "role": "section_header",
          "section_header_id": null,
          "fee_header_id": null,
          "note_id": null,
          "cells": [
            {
              "column": "heading",
              "text": "Engineering- Major Applications",
              "state": "visible_text",
              "pixel_bbox": [
                140,
                748,
                2053,
                792
              ],
              "superscript_footnotes": [],
              "transcript_start_byte": 4368,
              "transcript_end_byte": 4399,
              "native_start_byte": null,
              "native_end_byte": null
            }
          ]
        },
        "source_image": {
          "path": "/private/tmp/geode-clean-archive-2f2b450/research/local_review/el-paso-planning-fees-source-review-2026-09-12/images/page-3.png",
          "sha256": "6ad5ad9f6640969b4ec51f8dd34c352f4cd91a63c0350a900dc5bba701a1eb2e",
          "size_bytes": 330751
        },
        "visual_transcript": {
          "path": "/private/tmp/geode-clean-archive-2f2b450/research/local_review/el-paso-planning-fees-source-review-2026-09-12/REVIEWED_TRANSCRIPTION.txt",
          "sha256": "b3b08ef1af21b2cf0a92453961768cded736279a30d038ba0d2698f312841706",
          "size_bytes": 9940
        },
        "transcription_origin": "manual_visual_from_scan",
        "offset_basis": "reviewed_visual_transcript_utf8_not_pdf_native"
      },
      "row_footnotes": [],
      "section_continues_from_prior_page": false,
      "unresolved_clipped_label": false
    },
    {
      "fee_row": {
        "row": {
          "id": "P4-ENG-01",
          "physical_page": 4,
          "role": "fee_row",
          "section_header_id": "ENGINEERING-MAJOR",
          "fee_header_id": "P1-COLUMNS",
          "note_id": null,
          "cells": [
            {
              "column": "application_type",
              "text": "Review of standalone Grading and Erosion Control Plans not associated with zoning or subdivision application",
              "state": "visible_text",
              "pixel_bbox": [
                140,
                150,
                1761,
                187
              ],
              "superscript_footnotes": [],
              "transcript_start_byte": 5907,
              "transcript_end_byte": 6015,
              "native_start_byte": null,
              "native_end_byte": null
            },
            {
              "column": "application_fee",
              "text": "$3,252.00",
              "state": "visible_text",
              "pixel_bbox": [
                1760,
                150,
                1941,
                187
              ],
              "superscript_footnotes": [],
              "transcript_start_byte": 6016,
              "transcript_end_byte": 6025,
              "native_start_byte": null,
              "native_end_byte": null
            },
            {
              "column": "project_type",
              "text": "C",
              "state": "visible_text",
              "pixel_bbox": [
                1940,
                150,
                2053,
                187
              ],
              "superscript_footnotes": [],
              "transcript_start_byte": 6026,
              "transcript_end_byte": 6027,
              "native_start_byte": null,
              "native_end_byte": null
            }
          ]
        },
        "source_image": {
          "path": "/private/tmp/geode-clean-archive-2f2b450/research/local_review/el-paso-planning-fees-source-review-2026-09-12/images/page-4.png",
          "sha256": "593e75cc7709f9733576991f6d78c62779f9fd92a7f48caf1d46dc0d2c608d2a",
          "size_bytes": 65293
        },
        "visual_transcript": {
          "path": "/private/tmp/geode-clean-archive-2f2b450/research/local_review/el-paso-planning-fees-source-review-2026-09-12/REVIEWED_TRANSCRIPTION.txt",
          "sha256": "b3b08ef1af21b2cf0a92453961768cded736279a30d038ba0d2698f312841706",
          "size_bytes": 9940
        },
        "transcription_origin": "manual_visual_from_scan",
        "offset_basis": "reviewed_visual_transcript_utf8_not_pdf_native"
      },
      "section_header": {
        "row": {
          "id": "ENGINEERING-MAJOR",
          "physical_page": 3,
          "role": "section_header",
          "section_header_id": null,
          "fee_header_id": null,
          "note_id": null,
          "cells": [
            {
              "column": "heading",
              "text": "Engineering- Major Applications",
              "state": "visible_text",
              "pixel_bbox": [
                140,
                748,
                2053,
                792
              ],
              "superscript_footnotes": [],
              "transcript_start_byte": 4368,
              "transcript_end_byte": 4399,
              "native_start_byte": null,
              "native_end_byte": null
            }
          ]
        },
        "source_image": {
          "path": "/private/tmp/geode-clean-archive-2f2b450/research/local_review/el-paso-planning-fees-source-review-2026-09-12/images/page-3.png",
          "sha256": "6ad5ad9f6640969b4ec51f8dd34c352f4cd91a63c0350a900dc5bba701a1eb2e",
          "size_bytes": 330751
        },
        "visual_transcript": {
          "path": "/private/tmp/geode-clean-archive-2f2b450/research/local_review/el-paso-planning-fees-source-review-2026-09-12/REVIEWED_TRANSCRIPTION.txt",
          "sha256": "b3b08ef1af21b2cf0a92453961768cded736279a30d038ba0d2698f312841706",
          "size_bytes": 9940
        },
        "transcription_origin": "manual_visual_from_scan",
        "offset_basis": "reviewed_visual_transcript_utf8_not_pdf_native"
      },
      "row_footnotes": [],
      "section_continues_from_prior_page": true,
      "unresolved_clipped_label": false
    }
  ],
  "matched_context_ids": [],
  "scope": "Source-only lookup in one 104-row reviewed scan. No fee calculation, applicability or current-law answer. A missing match does not establish absence, exemption or a zero fee.",
  "legal_currentness": "not_verified",
  "answer_safe": false
}
