
==================================== ERRORS ====================================
_______________ ERROR collecting test_manual_review_inventory.py _______________
/private/tmp/geode-status-venv/lib/python3.14/site-packages/_pytest/python.py:508: in importtestmodule
    mod = import_path(
/private/tmp/geode-status-venv/lib/python3.14/site-packages/_pytest/pathlib.py:596: in import_path
    importlib.import_module(module_name)
/Library/Frameworks/Python.framework/Versions/3.14/lib/python3.14/importlib/__init__.py:88: in import_module
    return _bootstrap._gcd_import(name[level:], package, level)
           ^^^^^^^^^^^^^^^^^^^^^^^^^^^^^^^^^^^^^^^^^^^^^^^^^^^^
<frozen importlib._bootstrap>:1398: in _gcd_import
    ???
<frozen importlib._bootstrap>:1371: in _find_and_load
    ???
<frozen importlib._bootstrap>:1342: in _find_and_load_unlocked
    ???
<frozen importlib._bootstrap>:938: in _load_unlocked
    ???
/private/tmp/geode-status-venv/lib/python3.14/site-packages/_pytest/assertion/rewrite.py:179: in exec_module
    source_stat, co = _rewrite_test(fn, self.config)
                      ^^^^^^^^^^^^^^^^^^^^^^^^^^^^^^
/private/tmp/geode-status-venv/lib/python3.14/site-packages/_pytest/assertion/rewrite.py:350: in _rewrite_test
    co = compile(tree, strfn, "exec", dont_inherit=True)
         ^^^^^^^^^^^^^^^^^^^^^^^^^^^^^^^^^^^^^^^^^^^^^^^
E     File "/var/folders/bl/sd33_qs11_vcwzdn2tl6gks80000gr/T/geode-final-three-tests-r9mq4bt4/test_manual_review_inventory.py", line 4
E       from __future__ import annotations
E       ^^^^^^^^^^^^^^^^^^^^^^^^^^^^^^^^^^
E   SyntaxError: from __future__ imports must occur at the beginning of the file
=========================== short test summary info ============================
ERROR ../../../../var/folders/bl/sd33_qs11_vcwzdn2tl6gks80000gr/T/geode-final-three-tests-r9mq4bt4/test_manual_review_inventory.py
!!!!!!!!!!!!!!!!!!!! Interrupted: 1 error during collection !!!!!!!!!!!!!!!!!!!!
1 error in 0.14s
