{
  "status": "completed_archived_pending_pipeline",
  "preparation_sha256": "a8f768ff4c00bf55ba2db4712d67183f8c739e8e59777fa9bfed77f1bd12ef4b",
  "intent_sha256": "8cedf546467235eeed6cdc927904a1fa2d5bea9c787355cadcf8536401841b50",
  "actual_repository_received_at": "2026-09-13T16:44:04.840983Z",
  "raw_sha256": "fa08f4ea1c021fc6247fa314f0c4a6df4f622ad3fdd29d92cd9f59e0005839b4",
  "ledger_sha256": "c47d52b5a361418ccad2e6c9fd24a0301f0ce340b12ffcf0427ae41a0bf79858",
  "report_sha256": "27a4cee71c86d1d42b2860d7df90f24f18f711d26883d54ff7be8f2fc067fb01",
  "raw_records": 69,
  "ledger_records": 70,
  "source_id_to_sha256": {
    "chaffee-cwrc-ordinance-2026-02-atlas-directed": "0688818dfd4d7726f1eb84b5b57c47580d01b094297a92d4ce88c600ccfe7eba",
    "chaffee-electric-ordinance-2026-01-atlas-directed": "c0bfb6e8d4adb846fd62ec7dabbdd824286f7432be6a82b6b2d2264d4553cdf6"
  },
  "canonical_archive_paths": [
    "_RAW_ARCHIVE/manual_intake/08_County_Authorities/chaffee-cwrc-ordinance-2026-02-atlas-directed/20260913T164404840983Z_original.pdf",
    "_RAW_ARCHIVE/manual_intake/08_County_Authorities/chaffee-electric-ordinance-2026-01-atlas-directed/20260913T164404840983Z_original.pdf"
  ],
  "legal_currentness": "not_verified",
  "answer_safe": false
}
