........................................................................ [ 17%]
........................................................................ [ 34%]
........................................................................ [ 51%]
........................................................................ [ 68%]
........................................................................ [ 85%]
..............................................................           [100%]
=============================== warnings summary ===============================
<frozen importlib._bootstrap>:491
<frozen importlib._bootstrap>:491
  <frozen importlib._bootstrap>:491: DeprecationWarning: builtin type SwigPyPacked has no __module__ attribute

<frozen importlib._bootstrap>:491
<frozen importlib._bootstrap>:491
  <frozen importlib._bootstrap>:491: DeprecationWarning: builtin type SwigPyObject has no __module__ attribute

<frozen importlib._bootstrap>:491
  <frozen importlib._bootstrap>:491: DeprecationWarning: builtin type swigvarlink has no __module__ attribute

-- Docs: https://docs.pytest.org/en/stable/how-to/capture-warnings.html
================================ tests coverage ================================
_______________ coverage: platform darwin, python 3.14.3-final-0 _______________

Name                                                                                                                                           Stmts   Miss Branch BrPart  Cover   Missing
------------------------------------------------------------------------------------------------------------------------------------------------------------------------------------------
/Users/mcoors/Documents/Project Geode/handoffs/run-2026-09-13/ptolemy-manual-watch-ci-preparation/proposed/scripts/manual_source_watch_ci.py     319      5    104      5    98%   245, 258, 272, 338, 439
------------------------------------------------------------------------------------------------------------------------------------------------------------------------------------------
TOTAL                                                                                                                                            319      5    104      5    98%
Coverage JSON written to file /Users/mcoors/Documents/Project Geode/handoffs/run-2026-09-13/ptolemy-manual-watch-ci-preparation/evidence/combined-final-coverage.json
422 passed, 5 warnings in 71.87s (0:01:11)
<sys>:0: DeprecationWarning: builtin type swigvarlink has no __module__ attribute
