........................................................................ [ 17%]
........................................................................ [ 34%]
........................................................................ [ 51%]
........................................................................ [ 69%]
........................................................................ [ 86%]
.........................................................                [100%]
=============================== warnings summary ===============================
<frozen importlib._bootstrap>:491
<frozen importlib._bootstrap>:491
  <frozen importlib._bootstrap>:491: DeprecationWarning: builtin type SwigPyPacked has no __module__ attribute

<frozen importlib._bootstrap>:491
<frozen importlib._bootstrap>:491
  <frozen importlib._bootstrap>:491: DeprecationWarning: builtin type SwigPyObject has no __module__ attribute

<frozen importlib._bootstrap>:491
  <frozen importlib._bootstrap>:491: DeprecationWarning: builtin type swigvarlink has no __module__ attribute

-- Docs: https://docs.pytest.org/en/stable/how-to/capture-warnings.html
================================ tests coverage ================================
_______________ coverage: platform darwin, python 3.14.3-final-0 _______________

Name                                                                                                                                           Stmts   Miss Branch BrPart  Cover   Missing
------------------------------------------------------------------------------------------------------------------------------------------------------------------------------------------
/Users/mcoors/Documents/Project Geode/handoffs/run-2026-09-13/ptolemy-manual-watch-ci-preparation/proposed/scripts/manual_source_watch_ci.py     268      3     86      3    98%   215, 236, 360
------------------------------------------------------------------------------------------------------------------------------------------------------------------------------------------
TOTAL                                                                                                                                            268      3     86      3    98%
Coverage JSON written to file /Users/mcoors/Documents/Project Geode/handoffs/run-2026-09-13/ptolemy-manual-watch-ci-preparation/evidence/combined-coverage.json
417 passed, 5 warnings in 72.56s (0:01:12)
<sys>:0: DeprecationWarning: builtin type swigvarlink has no __module__ attribute
